Component: Arm Compiler for Embedded 6.24 Tool: armlink [5f371500]

==============================================================================

Section Cross References

    gd32f30x_it.o(.ARM.exidx.text.NMI_Handler) refers to gd32f30x_it.o(.text.NMI_Handler) for [Anonymous Symbol]
    gd32f30x_it.o(.ARM.exidx.text.HardFault_Handler) refers to gd32f30x_it.o(.text.HardFault_Handler) for [Anonymous Symbol]
    gd32f30x_it.o(.ARM.exidx.text.MemManage_Handler) refers to gd32f30x_it.o(.text.MemManage_Handler) for [Anonymous Symbol]
    gd32f30x_it.o(.ARM.exidx.text.BusFault_Handler) refers to gd32f30x_it.o(.text.BusFault_Handler) for [Anonymous Symbol]
    gd32f30x_it.o(.ARM.exidx.text.UsageFault_Handler) refers to gd32f30x_it.o(.text.UsageFault_Handler) for [Anonymous Symbol]
    gd32f30x_it.o(.ARM.exidx.text.SVC_Handler) refers to gd32f30x_it.o(.text.SVC_Handler) for [Anonymous Symbol]
    gd32f30x_it.o(.ARM.exidx.text.DebugMon_Handler) refers to gd32f30x_it.o(.text.DebugMon_Handler) for [Anonymous Symbol]
    gd32f30x_it.o(.ARM.exidx.text.PendSV_Handler) refers to gd32f30x_it.o(.text.PendSV_Handler) for [Anonymous Symbol]
    gd32f30x_it.o(.text.SysTick_Handler) refers to systick.o(.text.delay_decrement) for delay_decrement
    gd32f30x_it.o(.ARM.exidx.text.SysTick_Handler) refers to gd32f30x_it.o(.text.SysTick_Handler) for [Anonymous Symbol]
    main.o(.text.main) refers to systick.o(.text.systick_config) for systick_config
    main.o(.text.main) refers to systick.o(.text.delay_1ms) for delay_1ms
    main.o(.text.main) refers to gd32f30x_rcu.o(.text.rcu_clock_freq_get) for rcu_clock_freq_get
    main.o(.text.main) refers to printfa.o(i.__0printf) for __2printf
    main.o(.text.main) refers to putchar.o(i.putchar) for putchar
    main.o(.text.main) refers to system_gd32f30x.o(.text.gd32f30x_firmware_version_get) for gd32f30x_firmware_version_get
    main.o(.text.main) refers to app_timer.o(.text.app_timer_init) for app_timer_init
    main.o(.text.main) refers to app_eventbus.o(.text.app_eventbus_init) for app_eventbus_init
    main.o(.text.main) refers to app_protocol.o(.text.app_protocol_init) for app_protocol_init
    main.o(.text.main) refers to dev_manager.o(.text.dev_manmager_init) for dev_manmager_init
    main.o(.text.main) refers to app_network_model.o(.text.app_network_model_init) for app_network_model_init
    main.o(.text.main) refers to app_timer.o(.text.app_timer_poll) for app_timer_poll
    main.o(.text.main) refers to app_eventbus.o(.text.app_eventbus_poll) for app_eventbus_poll
    main.o(.ARM.exidx.text.main) refers to main.o(.text.main) for [Anonymous Symbol]
    systick.o(.text.systick_config) refers to system_gd32f30x.o(.data.SystemCoreClock) for SystemCoreClock
    systick.o(.ARM.exidx.text.systick_config) refers to systick.o(.text.systick_config) for [Anonymous Symbol]
    systick.o(.text.delay_1ms) refers to systick.o(.bss.delay) for delay
    systick.o(.ARM.exidx.text.delay_1ms) refers to systick.o(.text.delay_1ms) for [Anonymous Symbol]
    systick.o(.text.delay_decrement) refers to systick.o(.bss.delay) for delay
    systick.o(.ARM.exidx.text.delay_decrement) refers to systick.o(.text.delay_decrement) for [Anonymous Symbol]
    system_gd32f30x.o(.ARM.exidx.text.SystemInit) refers to system_gd32f30x.o(.text.SystemInit) for [Anonymous Symbol]
    system_gd32f30x.o(.text.SystemCoreClockUpdate) refers to system_gd32f30x.o(.data.SystemCoreClock) for SystemCoreClock
    system_gd32f30x.o(.ARM.exidx.text.SystemCoreClockUpdate) refers to system_gd32f30x.o(.text.SystemCoreClockUpdate) for [Anonymous Symbol]
    system_gd32f30x.o(.ARM.exidx.text.gd32f30x_firmware_version_get) refers to system_gd32f30x.o(.text.gd32f30x_firmware_version_get) for [Anonymous Symbol]
    gd32f30x_adc.o(.text.adc_deinit) refers to gd32f30x_rcu.o(.text.rcu_periph_reset_enable) for rcu_periph_reset_enable
    gd32f30x_adc.o(.text.adc_deinit) refers to gd32f30x_rcu.o(.text.rcu_periph_reset_disable) for rcu_periph_reset_disable
    gd32f30x_adc.o(.ARM.exidx.text.adc_deinit) refers to gd32f30x_adc.o(.text.adc_deinit) for [Anonymous Symbol]
    gd32f30x_adc.o(.ARM.exidx.text.adc_enable) refers to gd32f30x_adc.o(.text.adc_enable) for [Anonymous Symbol]
    gd32f30x_adc.o(.ARM.exidx.text.adc_disable) refers to gd32f30x_adc.o(.text.adc_disable) for [Anonymous Symbol]
    gd32f30x_adc.o(.ARM.exidx.text.adc_calibration_enable) refers to gd32f30x_adc.o(.text.adc_calibration_enable) for [Anonymous Symbol]
    gd32f30x_adc.o(.ARM.exidx.text.adc_dma_mode_enable) refers to gd32f30x_adc.o(.text.adc_dma_mode_enable) for [Anonymous Symbol]
    gd32f30x_adc.o(.ARM.exidx.text.adc_dma_mode_disable) refers to gd32f30x_adc.o(.text.adc_dma_mode_disable) for [Anonymous Symbol]
    gd32f30x_adc.o(.ARM.exidx.text.adc_tempsensor_vrefint_enable) refers to gd32f30x_adc.o(.text.adc_tempsensor_vrefint_enable) for [Anonymous Symbol]
[...]
    MQTTPacket_encode                        0x08001b69   Thumb Code   124  mqttpacket.o(.text.MQTTPacket_encode)
    MQTTPacket_equals                        0x08001be5   Thumb Code    54  mqttpacket.o(.text.MQTTPacket_equals)
    MQTTPacket_len                           0x08001c1d   Thumb Code    44  mqttpacket.o(.text.MQTTPacket_len)
    MQTTPublish                              0x08001c49   Thumb Code   354  mqttclient.o(.text.MQTTPublish)
    MQTTSerialize_ack                        0x08001dad   Thumb Code    80  mqttserializepublish.o(.text.MQTTSerialize_ack)
    MQTTSerialize_connect                    0x08001dfd   Thumb Code   284  mqttconnectclient.o(.text.MQTTSerialize_connect)
    MQTTSerialize_connectLength              0x08001f29   Thumb Code   114  mqttconnectclient.o(.text.MQTTSerialize_connectLength)
    MQTTSerialize_pingreq                    0x08001f9d   Thumb Code    46  mqttconnectclient.o(.text.MQTTSerialize_pingreq)
    MQTTSerialize_publish                    0x08001fcd   Thumb Code   160  mqttserializepublish.o(.text.MQTTSerialize_publish)
    MQTTSerialize_subscribe                  0x0800206d   Thumb Code   182  mqttsubscribeclient.o(.text.MQTTSerialize_subscribe)
    MQTTSubscribe                            0x08002125   Thumb Code   348  mqttclient.o(.text.MQTTSubscribe)
    MQTTYield                                0x08002281   Thumb Code    42  mqttclient.o(.text.MQTTYield)
    MQTTstrlen                               0x080022ad   Thumb Code    12  mqttpacket.o(.text.MQTTstrlen)
    MemManage_Handler                        0x080022b9   Thumb Code     2  gd32f30x_it.o(.text.MemManage_Handler)
    MilliTimer_Handler                       0x080022bd   Thumb Code    16  mqtt_interface.o(.text.MilliTimer_Handler)
    NMI_Handler                              0x080022cd   Thumb Code     2  gd32f30x_it.o(.text.NMI_Handler)
    NewNetwork                               0x080022d1   Thumb Code    30  mqtt_interface.o(.text.NewNetwork)
    PendSV_Handler                           0x080022f1   Thumb Code     2  gd32f30x_it.o(.text.PendSV_Handler)
    SVC_Handler                              0x080022f5   Thumb Code     2  gd32f30x_it.o(.text.SVC_Handler)
    SysTick_Handler                          0x080022f9   Thumb Code     4  gd32f30x_it.o(.text.SysTick_Handler)
    SystemInit                               0x080022fd   Thumb Code   916  system_gd32f30x.o(.text.SystemInit)
    TIMER2_IRQHandler                        0x08002691   Thumb Code    72  wiz_platform.o(.text.TIMER2_IRQHandler)
    TIMER6_IRQHandler                        0x080026d9   Thumb Code   418  app_timer.o(.text.TIMER6_IRQHandler)
    TimerCountdown                           0x0800287d   Thumb Code    22  mqtt_interface.o(.text.TimerCountdown)
    TimerCountdownMS                         0x08002895   Thumb Code    16  mqtt_interface.o(.text.TimerCountdownMS)
    TimerInit                                0x080028a5   Thumb Code     6  mqtt_interface.o(.text.TimerInit)
    TimerIsExpired                           0x080028ad   Thumb Code    18  mqtt_interface.o(.text.TimerIsExpired)
    TimerLeftMS                              0x080028c1   Thumb Code    20  mqtt_interface.o(.text.TimerLeftMS)
    UART4_IRQHandler                         0x080028d5   Thumb Code   148  bsp_usart.o(.text.UART4_IRQHandler)
    USART2_IRQHandler                        0x08002969   Thumb Code   220  bsp_usart.o(.text.USART2_IRQHandler)
    UsageFault_Handler                       0x08002a45   Thumb Code     2  gd32f30x_it.o(.text.UsageFault_Handler)
    WIZCHIP_READ                             0x08002a49   Thumb Code    98  w5500.o(.text.WIZCHIP_READ)
    WIZCHIP_READ_BUF                         0x08002aad   Thumb Code   120  w5500.o(.text.WIZCHIP_READ_BUF)
    WIZCHIP_WRITE                            0x08002b25   Thumb Code   100  w5500.o(.text.WIZCHIP_WRITE)
    WIZCHIP_WRITE_BUF                        0x08002b89   Thumb Code   126  w5500.o(.text.WIZCHIP_WRITE_BUF)
    app_eventbus_init                        0x08002c09   Thumb Code    44  app_eventbus.o(.text.app_eventbus_init)
    app_eventbus_poll                        0x08002c35   Thumb Code   148  app_eventbus.o(.text.app_eventbus_poll)
    app_eventbus_publish                     0x08002cc9   Thumb Code    76  app_eventbus.o(.text.app_eventbus_publish)
    app_eventbus_subscribe                   0x08002d15   Thumb Code    34  app_eventbus.o(.text.app_eventbus_subscribe)
    app_flash_read_word                      0x08002d39   Thumb Code   146  bsp_flash.o(.text.app_flash_read_word)
    app_flash_write_word                     0x08002dcd   Thumb Code   212  bsp_flash.o(.text.app_flash_write_word)
    app_network_model_init                   0x080031b9   Thumb Code    90  app_network_model.o(.text.app_network_model_init)
    app_panel_frame_crc                      0x08003215   Thumb Code   116  app_base.o(.text.app_panel_frame_crc)
    app_panel_frame_sum                      0x08003289   Thumb Code   118  app_base.o(.text.app_panel_frame_sum)
    app_protocol_init                        0x08003529   Thumb Code    60  app_protocol.o(.text.app_protocol_init)
    app_public_cfg_init                      0x08003565   Thumb Code   368  app_public_config.o(.text.app_public_cfg_init)
    app_public_get_bind                      0x08004079   Thumb Code    18  app_public_config.o(.text.app_public_get_bind)
    app_public_get_cfg                       0x0800408d   Thumb Code    16  app_public_config.o(.text.app_public_get_cfg)
    app_public_get_panel_count               0x0800409d   Thumb Code    12  app_public_config.o(.text.app_public_get_panel_count)
    app_public_protocol_init                 0x080040a9   Thumb Code    38  app_public_protocol.o(.text.app_public_protocol_init)
    app_set_bind_cfg                         0x080040d1   Thumb Code   176  app_public_config.o(.text.app_set_bind_cfg)
    app_set_panel_cfg                        0x08004211   Thumb Code   208  app_public_config.o(.text.app_set_panel_cfg)
    app_string_to_bytes                      0x08004365   Thumb Code   192  app_base.o(.text.app_string_to_bytes)
    app_timer_init                           0x08004469   Thumb Code   176  app_timer.o(.text.app_timer_init)
    app_timer_poll                           0x08004529   Thumb Code    76  app_timer.o(.text.app_timer_poll)
    app_timer_start                          0x08004575   Thumb Code   334  app_timer.o(.text.app_timer_start)
    app_timer_stop                           0x080046c5   Thumb Code    48  app_timer.o(.text.app_timer_stop)
    bsp_usart1_init                          0x080046f5   Thumb Code    54  bsp_pcb.o(.text.bsp_usart1_init)
    bsp_usart2_init                          0x0800472d   Thumb Code   100  bsp_pcb.o(.text.bsp_usart2_init)
    bsp_usart2_rx_callback                   0x08004791   Thumb Code    12  bsp_usart.o(.text.bsp_usart2_rx_callback)
    bsp_usart4_init                          0x0800479d   Thumb Code    78  bsp_pcb.o(.text.bsp_usart4_init)
    bsp_usart_init                           0x080047ed   Thumb Code   636  bsp_usart.o(.text.bsp_usart_init)
    bsp_usart_tx_buf                         0x08004a69   Thumb Code   280  bsp_usart.o(.text.bsp_usart_tx_buf)
    cJSON_Delete                             0x08004bf9   Thumb Code    84  cjson.o(.text.cJSON_Delete)
    cJSON_GetObjectItem                      0x08004c4d   Thumb Code     6  cjson.o(.text.cJSON_GetObjectItem)
    cJSON_Parse                              0x08004c55   Thumb Code    32  cjson.o(.text.cJSON_Parse)
    cJSON_ParseWithLengthOpts                0x08004c75   Thumb Code   452  cjson.o(.text.cJSON_ParseWithLengthOpts)
    check_DHCP_timeout                       0x08004e39   Thumb Code   164  dhcp.o(.text.check_DHCP_timeout)
    close                                    0x08004edd   Thumb Code   136  socket.o(.text.close)
    connect                                  0x08004f65   Thumb Code   228  socket.o(.text.connect)
    ctlwizchip                               0x08005049   Thumb Code   448  wizchip_conf.o(.text.ctlwizchip)
    cycle                                    0x08005209   Thumb Code   638  mqttclient.o(.text.cycle)
    default_ip_assign                        0x08005489   Thumb Code    60  dhcp.o(.text.default_ip_assign)
    default_ip_conflict                      0x080054c5   Thumb Code    38  dhcp.o(.text.default_ip_conflict)
    default_ip_update                        0x080054ed   Thumb Code    92  dhcp.o(.text.default_ip_update)
    delay_1ms                                0x08005549   Thumb Code    36  systick.o(.text.delay_1ms)
    delay_decrement                          0x0800556d   Thumb Code    24  systick.o(.text.delay_decrement)
    deliverMessage                           0x08005585   Thumb Code   272  mqttclient.o(.text.deliverMessage)
    dev_manmager_init                        0x08005695   Thumb Code     4  dev_manager.o(.text.dev_manmager_init)
    disconnect                               0x08005699   Thumb Code   144  socket.o(.text.disconnect)
    dma_channel_disable                      0x08005729   Thumb Code    36  gd32f30x_dma.o(.text.dma_channel_disable)
    dma_channel_enable                       0x0800574d   Thumb Code    36  gd32f30x_dma.o(.text.dma_channel_enable)
    dma_circulation_disable                  0x08005771   Thumb Code    36  gd32f30x_dma.o(.text.dma_circulation_disable)
    dma_deinit                               0x08005795   Thumb Code    60  gd32f30x_dma.o(.text.dma_deinit)
    dma_init                                 0x080057d1   Thumb Code   116  gd32f30x_dma.o(.text.dma_init)
    dma_interrupt_flag_clear                 0x08005845   Thumb Code    14  gd32f30x_dma.o(.text.dma_interrupt_flag_clear)
    dma_memory_address_config                0x08005855   Thumb Code    30  gd32f30x_dma.o(.text.dma_memory_address_config)
    dma_memory_to_memory_disable             0x08005875   Thumb Code    36  gd32f30x_dma.o(.text.dma_memory_to_memory_disable)
    dma_struct_para_init                     0x08005899   Thumb Code    26  gd32f30x_dma.o(.text.dma_struct_para_init)
    dma_transfer_number_config               0x080058b5   Thumb Code    32  gd32f30x_dma.o(.text.dma_transfer_number_config)
    dma_transfer_number_get                  0x080058d5   Thumb Code    30  gd32f30x_dma.o(.text.dma_transfer_number_get)
    dns_answer                               0x080058f5   Thumb Code  1520  dns.o(.text.dns_answer)
    dns_makequery                            0x08005ee5   Thumb Code   198  dns.o(.text.dns_makequery)
    do_http_request                          0x08005fad   Thumb Code   392  app_http_ota.o(.text.do_http_request)
    fmc_flag_clear                           0x08006249   Thumb Code    30  gd32f30x_fmc.o(.text.fmc_flag_clear)
    fmc_lock                                 0x08006269   Thumb Code    44  gd32f30x_fmc.o(.text.fmc_lock)
    fmc_page_erase                           0x08006295   Thumb Code  1566  gd32f30x_fmc.o(.text.fmc_page_erase)
    fmc_unlock                               0x080068b5   Thumb Code    80  gd32f30x_fmc.o(.text.fmc_unlock)
    fmc_word_program                         0x08006905   Thumb Code  1534  gd32f30x_fmc.o(.text.fmc_word_program)
    fputc                                    0x08006f05   Thumb Code    36  bsp_usart.o(.text.fputc)
    gd32f30x_firmware_version_get            0x08006f29   Thumb Code     6  system_gd32f30x.o(.text.gd32f30x_firmware_version_get)
    getDNSfromDHCP                           0x08006f31   Thumb Code    26  dhcp.o(.text.getDNSfromDHCP)
    getGWfromDHCP                            0x08006f4d   Thumb Code    26  dhcp.o(.text.getGWfromDHCP)
    getIPfromDHCP                            0x08006f69   Thumb Code    26  dhcp.o(.text.getIPfromDHCP)
    getSNfromDHCP                            0x08006f85   Thumb Code    26  dhcp.o(.text.getSNfromDHCP)
    getSn_RX_RSR                             0x08006fa1   Thumb Code   458  w5500.o(.text.getSn_RX_RSR)
    getSn_TX_FSR                             0x0800716d   Thumb Code   458  w5500.o(.text.getSn_TX_FSR)
    gpio_bit_reset                           0x080073f9   Thumb Code     4  gd32f30x_gpio.o(.text.gpio_bit_reset)
    gpio_bit_set                             0x080073fd   Thumb Code     4  gd32f30x_gpio.o(.text.gpio_bit_set)
    gpio_init                                0x08007401   Thumb Code   704  gd32f30x_gpio.o(.text.gpio_init)
    gpio_pin_remap_config                    0x080076c1   Thumb Code   128  gd32f30x_gpio.o(.text.gpio_pin_remap_config)
    keepalive                                0x08007741   Thumb Code   174  mqttclient.o(.text.keepalive)
    main                                     0x080077f1   Thumb Code   108  main.o(.text.main)
    makeDHCPMSG                              0x0800789d   Thumb Code   696  dhcp.o(.text.makeDHCPMSG)
    network_init                             0x08007bcd   Thumb Code   156  wiz_interface.o(.text.network_init)
    nvic_irq_enable                          0x08007c89   Thumb Code   162  gd32f30x_misc.o(.text.nvic_irq_enable)
    ota_get_download                         0x08007d2d   Thumb Code    76  app_http_ota.o(.text.ota_get_download)
    ota_get_update_task                      0x08007d79   Thumb Code    58  app_http_ota.o(.text.ota_get_update_task)
    ota_post_version                         0x08007db5   Thumb Code    76  app_http_ota.o(.text.ota_post_version)
    parseDHCPMSG                             0x08007e25   Thumb Code   516  dhcp.o(.text.parseDHCPMSG)
    parseDNSMSG                              0x08008029   Thumb Code   524  dns.o(.text.parseDNSMSG)
    print_network_information                0x08008c31   Thumb Code   220  wiz_interface.o(.text.print_network_information)
    rcu_clock_freq_get                       0x08008d8d   Thumb Code   192  gd32f30x_rcu.o(.text.rcu_clock_freq_get)
    rcu_periph_clock_enable                  0x08008e5d   Thumb Code    30  gd32f30x_rcu.o(.text.rcu_periph_clock_enable)
    rcu_periph_reset_disable                 0x08008e7d   Thumb Code    32  gd32f30x_rcu.o(.text.rcu_periph_reset_disable)
    rcu_periph_reset_enable                  0x08008e9d   Thumb Code    30  gd32f30x_rcu.o(.text.rcu_periph_reset_enable)
    readChar                                 0x08008ebd   Thumb Code    12  mqttpacket.o(.text.readChar)
    readInt                                  0x08008ec9   Thumb Code    14  mqttpacket.o(.text.readInt)
    readMQTTLenString                        0x08008ed9   Thumb Code    68  mqttpacket.o(.text.readMQTTLenString)
    recv                                     0x08008f1d   Thumb Code   230  socket.o(.text.recv)
    recvfrom                                 0x08009005   Thumb Code   504  socket.o(.text.recvfrom)
    reg_wizchip_cs_cbfunc                    0x080091fd   Thumb Code    56  wizchip_conf.o(.text.reg_wizchip_cs_cbfunc)
    reg_wizchip_spi_cbfunc                   0x08009235   Thumb Code    66  wizchip_conf.o(.text.reg_wizchip_spi_cbfunc)
    reg_wizchip_spiburst_cbfunc              0x08009279   Thumb Code    66  wizchip_conf.o(.text.reg_wizchip_spiburst_cbfunc)
    send                                     0x080092bd   Thumb Code   290  socket.o(.text.send)
    send_DHCP_DECLINE                        0x080093e1   Thumb Code   226  dhcp.o(.text.send_DHCP_DECLINE)
    send_DHCP_DISCOVER                       0x080094c5   Thumb Code   760  dhcp.o(.text.send_DHCP_DISCOVER)
    send_DHCP_REQUEST                        0x080097bd   Thumb Code   846  dhcp.o(.text.send_DHCP_REQUEST)
    sendto                                   0x08009b0d   Thumb Code   340  socket.o(.text.sendto)
    socket                                   0x08009c61   Thumb Code   306  socket.o(.text.socket)
    spi_enable                               0x08009d95   Thumb Code    10  gd32f30x_spi.o(.text.spi_enable)
    spi_i2s_flag_get                         0x08009da1   Thumb Code    10  gd32f30x_spi.o(.text.spi_i2s_flag_get)
    spi_init                                 0x08009dad   Thumb Code    52  gd32f30x_spi.o(.text.spi_init)
    spi_struct_para_init                     0x08009de1   Thumb Code    18  gd32f30x_spi.o(.text.spi_struct_para_init)
    systick_config                           0x08009df5   Thumb Code    72  systick.o(.text.systick_config)
    timer_auto_reload_shadow_enable          0x08009e3d   Thumb Code    10  gd32f30x_timer.o(.text.timer_auto_reload_shadow_enable)
    timer_deinit                             0x08009e49   Thumb Code   194  gd32f30x_timer.o(.text.timer_deinit)
    timer_enable                             0x0800a0a1   Thumb Code    10  gd32f30x_timer.o(.text.timer_enable)
    timer_init                               0x0800a0ad   Thumb Code   184  gd32f30x_timer.o(.text.timer_init)
    timer_interrupt_enable                   0x0800a165   Thumb Code     8  gd32f30x_timer.o(.text.timer_interrupt_enable)
    timer_interrupt_flag_clear               0x0800a16d   Thumb Code     6  gd32f30x_timer.o(.text.timer_interrupt_flag_clear)
    timer_interrupt_flag_get                 0x0800a175   Thumb Code    22  gd32f30x_timer.o(.text.timer_interrupt_flag_get)
    usart_baudrate_set                       0x0800a18d   Thumb Code   106  gd32f30x_usart.o(.text.usart_baudrate_set)
    usart_data_receive                       0x0800a1f9   Thumb Code     8  gd32f30x_usart.o(.text.usart_data_receive)
    usart_data_transmit                      0x0800a201   Thumb Code     8  gd32f30x_usart.o(.text.usart_data_transmit)
    usart_deinit                             0x0800a209   Thumb Code   122  gd32f30x_usart.o(.text.usart_deinit)
    usart_dma_receive_config                 0x0800a285   Thumb Code    20  gd32f30x_usart.o(.text.usart_dma_receive_config)
    usart_dma_transmit_config                0x0800a299   Thumb Code    20  gd32f30x_usart.o(.text.usart_dma_transmit_config)
    usart_enable                             0x0800a2ad   Thumb Code    10  gd32f30x_usart.o(.text.usart_enable)
    usart_flag_clear                         0x0800a2b9   Thumb Code    18  gd32f30x_usart.o(.text.usart_flag_clear)
    usart_flag_get                           0x0800a2cd   Thumb Code    16  gd32f30x_usart.o(.text.usart_flag_get)
    usart_hardware_flow_cts_config           0x0800a2dd   Thumb Code    20  gd32f30x_usart.o(.text.usart_hardware_flow_cts_config)
    usart_hardware_flow_rts_config           0x0800a2f1   Thumb Code    20  gd32f30x_usart.o(.text.usart_hardware_flow_rts_config)
    usart_interrupt_disable                  0x0800a305   Thumb Code    24  gd32f30x_usart.o(.text.usart_interrupt_disable)
    usart_interrupt_enable                   0x0800a31d   Thumb Code    22  gd32f30x_usart.o(.text.usart_interrupt_enable)
    usart_interrupt_flag_get                 0x0800a335   Thumb Code    40  gd32f30x_usart.o(.text.usart_interrupt_flag_get)
    usart_parity_config                      0x0800a35d   Thumb Code    16  gd32f30x_usart.o(.text.usart_parity_config)
    usart_receive_config                     0x0800a36d   Thumb Code    20  gd32f30x_usart.o(.text.usart_receive_config)
    usart_stop_bit_set                       0x0800a381   Thumb Code    16  gd32f30x_usart.o(.text.usart_stop_bit_set)
    usart_transmit_config                    0x0800a391   Thumb Code    20  gd32f30x_usart.o(.text.usart_transmit_config)
    usart_word_length_set                    0x0800a3a5   Thumb Code    16  gd32f30x_usart.o(.text.usart_word_length_set)
    w5x00_disconnect                         0x0800a3b5   Thumb Code     6  mqtt_interface.o(.text.w5x00_disconnect)
    w5x00_read                               0x0800a3bd   Thumb Code    52  mqtt_interface.o(.text.w5x00_read)
    w5x00_write                              0x0800a3f1   Thumb Code    44  mqtt_interface.o(.text.w5x00_write)
    wiz_phy_link_check                       0x0800a41d   Thumb Code   144  wiz_interface.o(.text.wiz_phy_link_check)
    wiz_recv_data                            0x0800a4c9   Thumb Code   482  w5500.o(.text.wiz_recv_data)
    wiz_recv_ignore                          0x0800a6ad   Thumb Code   366  w5500.o(.text.wiz_recv_ignore)
    wiz_rst_int_init                         0x0800a81d   Thumb Code   132  wiz_platform.o(.text.wiz_rst_int_init)
    wiz_send_data                            0x0800a8a1   Thumb Code   482  w5500.o(.text.wiz_send_data)
    wiz_spi_init                             0x0800aa85   Thumb Code    84  wiz_platform.o(.text.wiz_spi_init)
    wiz_timer_init                           0x0800aad9   Thumb Code    94  wiz_platform.o(.text.wiz_timer_init)
    wizchip_bus_readdata                     0x0800ab39   Thumb Code     4  wizchip_conf.o(.text.wizchip_bus_readdata)
    wizchip_bus_writedata                    0x0800ab3d   Thumb Code     4  wizchip_conf.o(.text.wizchip_bus_writedata)
    wizchip_clrinterrupt                     0x0800ab41   Thumb Code   166  wizchip_conf.o(.text.wizchip_clrinterrupt)
    wizchip_cris_enter                       0x0800abe9   Thumb Code     2  wizchip_conf.o(.text.wizchip_cris_enter)
    wizchip_cris_exit                        0x0800abed   Thumb Code     2  wizchip_conf.o(.text.wizchip_cris_exit)
    wizchip_cs_deselect                      0x0800abf1   Thumb Code     2  wizchip_conf.o(.text.wizchip_cs_deselect)
    wizchip_cs_select                        0x0800abf5   Thumb Code     2  wizchip_conf.o(.text.wizchip_cs_select)
    wizchip_deselect                         0x0800abf9   Thumb Code    16  wiz_platform.o(.text.wizchip_deselect)
    wizchip_getnetinfo                       0x0800ac09   Thumb Code   118  wizchip_conf.o(.text.wizchip_getnetinfo)
    wizchip_init                             0x0800ac81   Thumb Code   366  wizchip_conf.o(.text.wizchip_init)
    wizchip_initialize                       0x0800adf1   Thumb Code    22  wiz_interface.o(.text.wizchip_initialize)
    wizchip_read_buff                        0x0800ae09   Thumb Code    72  wiz_platform.o(.text.wizchip_read_buff)
    wizchip_read_byte                        0x0800ae51   Thumb Code    46  wiz_platform.o(.text.wizchip_read_byte)
    wizchip_reset                            0x0800ae81   Thumb Code    62  wiz_platform.o(.text.wizchip_reset)
    wizchip_select                           0x0800aec1   Thumb Code    16  wiz_platform.o(.text.wizchip_select)
    wizchip_setnetinfo                       0x0800aed1   Thumb Code   120  wizchip_conf.o(.text.wizchip_setnetinfo)
    wizchip_spi_cb_reg                       0x0800af49   Thumb Code    66  wiz_platform.o(.text.wizchip_spi_cb_reg)
    wizchip_spi_readburst                    0x0800af8d   Thumb Code     2  wizchip_conf.o(.text.wizchip_spi_readburst)
    wizchip_spi_readbyte                     0x0800af91   Thumb Code     4  wizchip_conf.o(.text.wizchip_spi_readbyte)
    wizchip_spi_writeburst                   0x0800af95   Thumb Code     2  wizchip_conf.o(.text.wizchip_spi_writeburst)
    wizchip_spi_writebyte                    0x0800af99   Thumb Code     2  wizchip_conf.o(.text.wizchip_spi_writebyte)
    wizchip_sw_reset                         0x0800af9d   Thumb Code   128  wizchip_conf.o(.text.wizchip_sw_reset)
    wizchip_version_check                    0x0800b01d   Thumb Code   170  wiz_interface.o(.text.wizchip_version_check)
    wizchip_write_buff                       0x0800b0c9   Thumb Code    70  wiz_platform.o(.text.wizchip_write_buff)
    wizchip_write_byte                       0x0800b111   Thumb Code    44  wiz_platform.o(.text.wizchip_write_byte)
    wizphy_setphyconf                        0x0800b13d   Thumb Code   110  wizchip_conf.o(.text.wizphy_setphyconf)
    wizphy_setphypmode                       0x0800b1ad   Thumb Code   118  wizchip_conf.o(.text.wizphy_setphypmode)
    writeCString                             0x0800b225   Thumb Code    56  mqttpacket.o(.text.writeCString)
    writeChar                                0x0800b25d   Thumb Code    12  mqttpacket.o(.text.writeChar)
    writeInt                                 0x0800b269   Thumb Code    28  mqttpacket.o(.text.writeInt)
    writeMQTTString                          0x0800b285   Thumb Code   102  mqttpacket.o(.text.writeMQTTString)
    __0printf                                0x0800b2ed   Thumb Code    22  printfa.o(i.__0printf)
    __1printf                                0x0800b2ed   Thumb Code     0  printfa.o(i.__0printf)
    __2printf                                0x0800b2ed   Thumb Code     0  printfa.o(i.__0printf)
    __c89printf                              0x0800b2ed   Thumb Code     0  printfa.o(i.__0printf)
    printf                                   0x0800b2ed   Thumb Code     0  printfa.o(i.__0printf)
    __0snprintf                              0x0800b30d   Thumb Code    48  printfa.o(i.__0snprintf)
    __1snprintf                              0x0800b30d   Thumb Code     0  printfa.o(i.__0snprintf)
    __2snprintf                              0x0800b30d   Thumb Code     0  printfa.o(i.__0snprintf)
    __c89snprintf                            0x0800b30d   Thumb Code     0  printfa.o(i.__0snprintf)
    snprintf                                 0x0800b30d   Thumb Code     0  printfa.o(i.__0snprintf)
    __0sprintf                               0x0800b341   Thumb Code    34  printfa.o(i.__0sprintf)
    __1sprintf                               0x0800b341   Thumb Code     0  printfa.o(i.__0sprintf)
    __2sprintf                               0x0800b341   Thumb Code     0  printfa.o(i.__0sprintf)
    __c89sprintf                             0x0800b341   Thumb Code     0  printfa.o(i.__0sprintf)
    sprintf                                  0x0800b341   Thumb Code     0  printfa.o(i.__0sprintf)
    free                                     0x0800b369   Thumb Code    88  mallocr.o(i.__free$realloc)
    __hardfp_strtod                          0x0800b3c9   Thumb Code    32  strtod.o(i.__hardfp_strtod)
    malloc                                   0x0800b3f1   Thumb Code    64  mallocr.o(i.__malloc$realloc)
    __scatterload_copy                       0x0800b441   Thumb Code    14  handlers.o(i.__scatterload_copy)
    __scatterload_null                       0x0800b44f   Thumb Code     2  handlers.o(i.__scatterload_null)
    __scatterload_zeroinit                   0x0800b451   Thumb Code    14  handlers.o(i.__scatterload_zeroinit)
    _is_digit                                0x0800b5e5   Thumb Code    14  scanf_fp.o(i._is_digit)
    putchar                                  0x0800bd95   Thumb Code     6  putchar.o(i.putchar)
    puts                                     0x0800bda1   Thumb Code    30  puts.o(i.puts)
    realloc                                  0x0800bdc5   Thumb Code   102  mallocr.o(i.realloc)
    __ctype_table                            0x0800be30   Data         129  ctype_o.o(.constdata)
    Region$$Table$$Base                      0x0800c680   Number         0  anon$$obj.o(Region$$Table)
    Region$$Table$$Limit                     0x0800c6a0   Number         0  anon$$obj.o(Region$$Table)
    __stdout                                 0x20000000   Data           4  stdout.o(.data)
    __microlib_freelist                      0x20000004   Data           4  mvars.o(.data)
    __microlib_freelist_initialised          0x20000008   Data           4  mvars.o(.data)
    HOST_NAME                                0x2000001c   Data           8  dhcp.o(.data.HOST_NAME)
    SystemCoreClock                          0x20000024   Data           4  system_gd32f30x.o(.data.SystemCoreClock)
    WIZCHIP                                  0x20000028   Data          44  wizchip_conf.o(.data.WIZCHIP)
    data                                     0x20000054   Data          88  app_network_model.o(.data.data)
    default_net_info                         0x200000ac   Data          23  app_network_model.o(.data.default_net_info)
    dhcp_ip_assign                           0x200000c4   Data           4  dhcp.o(.data.dhcp_ip_assign)
    dhcp_ip_conflict                         0x200000c8   Data           4  dhcp.o(.data.dhcp_ip_conflict)
    dhcp_ip_update                           0x200000cc   Data           4  dhcp.o(.data.dhcp_ip_update)
    dhcp_lease_time                          0x200000d0   Data           4  dhcp.o(.data.dhcp_lease_time)
    dhcp_tick_next                           0x200000d4   Data           4  dhcp.o(.data.dhcp_tick_next)
    mqtt_params                              0x200000e4   Data        2056  app_network_model.o(.data.mqtt_params)
    org_port                                 0x200008ec   Data           1  app_network_model.o(.data.org_port)
    org_server_name                          0x200008ed   Data          21  app_network_model.o(.data.org_server_name)
    willdata                                 0x20000904   Data          36  app_network_model.o(.data.willdata)
    DHCP_CHADDR                              0x20000928   Data           6  dhcp.o(.bss.DHCP_CHADDR)
    DHCP_REAL_SIP                            0x20000930   Data           4  dhcp.o(.bss.DHCP_REAL_SIP)
    DHCP_SIP                                 0x20000934   Data           4  dhcp.o(.bss.DHCP_SIP)
    DHCP_SOCKET                              0x20000938   Data           1  dhcp.o(.bss.DHCP_SOCKET)
    DHCP_XID                                 0x2000093c   Data           4  dhcp.o(.bss.DHCP_XID)
    DHCP_allocated_dns                       0x20000940   Data           4  dhcp.o(.bss.DHCP_allocated_dns)
    DHCP_allocated_gw                        0x20000944   Data           4  dhcp.o(.bss.DHCP_allocated_gw)
    DHCP_allocated_ip                        0x20000948   Data           4  dhcp.o(.bss.DHCP_allocated_ip)
    DHCP_allocated_sn                        0x2000094c   Data           4  dhcp.o(.bss.DHCP_allocated_sn)
    DNS_MSGID                                0x20000950   Data           2  dns.o(.bss.DNS_MSGID)
    DNS_SOCKET                               0x20000952   Data           1  dns.o(.bss.DNS_SOCKET)
    MilliTimer                               0x20000954   Data           4  mqtt_interface.o(.bss.MilliTimer)
    OLD_allocated_ip                         0x20000958   Data           4  dhcp.o(.bss.OLD_allocated_ip)
    c                                        0x20000a4c   Data          92  app_network_model.o(.bss.c)
    dhcp_retry_count                         0x20000ab0   Data           1  dhcp.o(.bss.dhcp_retry_count)
    dhcp_state                               0x20000ab1   Data           1  dhcp.o(.bss.dhcp_state)
    dhcp_tick_1s                             0x20000ab4   Data           4  dhcp.o(.bss.dhcp_tick_1s)
    dns_1s_tick                              0x20000ab8   Data           4  dns.o(.bss.dns_1s_tick)
    ethernet_buf                             0x20000abc   Data        2048  app_network_model.o(.bss.ethernet_buf)
    len                                      0x20001458   Data           2  app_network_model.o(.bss.len)
    n                                        0x20005b2c   Data          16  app_network_model.o(.bss.n)
    org_server_ip                            0x20005b3d   Data           4  app_network_model.o(.bss.org_server_ip)
    pDHCPMSG                                 0x20005b44   Data           4  dhcp.o(.bss.pDHCPMSG)
    pDNSMSG                                  0x20005b48   Data           4  dns.o(.bss.pDNSMSG)
    pubmessage                               0x20005b50   Data          16  app_network_model.o(.bss.pubmessage)
    sock_pack_info                           0x20005cf8   Data           8  socket.o(.bss.sock_pack_info)
    __heap_base                              0x20005d20   Data           0  startup_gd32f30x_hd.o(HEAP)
    __heap_limit                             0x20006120   Data           0  startup_gd32f30x_hd.o(HEAP)
    __initial_sp                             0x20006520   Data           0  startup_gd32f30x_hd.o(STACK)



==============================================================================

Memory Map of the image

  Image Entry point : 0x08000131

  Load Region LR_IROM1 (Base: 0x08000000, Size: 0x0000cfc8, Max: 0x00040000, ABSOLUTE, COMPRESSED[0x0000c8b0])

    Execution Region ER_IROM1 (Exec base: 0x08000000, Load base: 0x08000000, Size: 0x0000c6a0, Max: 0x00040000, ABSOLUTE)

    Exec Addr    Load Addr    Size         Type   Attr      Idx    E Section Name        Object

    0x08000000   0x08000000   0x00000130   Data   RO         1440    RESET               startup_gd32f30x_hd.o
    0x08000130   0x08000130   0x00000000   Code   RO         2585  * .ARM.Collect$$$$00000000  mc_w.l(entry.o)
    0x08000130   0x08000130   0x00000004   Code   RO         2959    .ARM.Collect$$$$00000001  mc_w.l(entry2.o)
    0x08000134   0x08000134   0x00000004   Code   RO         2962    .ARM.Collect$$$$00000004  mc_w.l(entry5.o)
    0x08000138   0x08000138   0x00000000   Code   RO         2964    .ARM.Collect$$$$00000008  mc_w.l(entry7b.o)
    0x08000138   0x08000138   0x00000000   Code   RO         2966    .ARM.Collect$$$$0000000A  mc_w.l(entry8b.o)
    0x08000138   0x08000138   0x00000008   Code   RO         2967    .ARM.Collect$$$$0000000B  mc_w.l(entry9a.o)
    0x08000140   0x08000140   0x00000000   Code   RO         2969    .ARM.Collect$$$$0000000D  mc_w.l(entry10a.o)
    0x08000140   0x08000140   0x00000000   Code   RO         2971    .ARM.Collect$$$$0000000F  mc_w.l(entry11a.o)
    0x08000140   0x08000140   0x00000004   Code   RO         2960    .ARM.Collect$$$$00002712  mc_w.l(entry2.o)
    0x08000144   0x08000144   0x00000024   Code   RO         1441    .text               startup_gd32f30x_hd.o
    0x08000168   0x08000168   0x00000008   Code   RO         2594    .text               mc_w.l(ctype_o.o)
    0x08000170   0x08000170   0x00000012   Code   RO         2616    .text               mc_w.l(isspace_o.o)
    0x08000182   0x08000182   0x0000000c   Code   RO         2622    .text               mc_w.l(tolower.o)
    0x0800018e   0x0800018e   0x00000024   Code   RO         2624    .text               mc_w.l(memcpya.o)
    0x080001b2   0x080001b2   0x00000024   Code   RO         2626    .text               mc_w.l(memseta.o)
    0x080001d6   0x080001d6   0x00000018   Code   RO         2628    .text               mc_w.l(strncpy.o)
    0x080001ee   0x080001ee   0x00000014   Code   RO         2630    .text               mc_w.l(strchr.o)
    0x08000202   0x08000202   0x0000000e   Code   RO         2632    .text               mc_w.l(strlen.o)
    0x08000210   0x08000210   0x0000001c   Code   RO         2634    .text               mc_w.l(strcmp.o)
    0x0800022c   0x0800022c   0x0000001a   Code   RO         2636    .text               mc_w.l(memcmp.o)
    0x08000246   0x08000246   0x00000012   Code   RO         2638    .text               mc_w.l(strcpy.o)
    0x08000258   0x08000258   0x0000001e   Code   RO         2640    .text               mc_w.l(strncmp.o)
    0x08000276   0x08000276   0x00000002   PAD
    0x08000278   0x08000278   0x00000038   Code   RO         2933    .text               mc_w.l(__0sscanf.o)
    0x080002b0   0x080002b0   0x0000014c   Code   RO         2935    .text               mc_w.l(_scanf_int.o)
    0x080003fc   0x080003fc   0x00000360   Code   RO         2937    .text               mc_w.l(scanf_fp.o)
    0x0800075c   0x0800075c   0x0000014e   Code   RO         2941    .text               mf_w.l(dadd.o)
    0x080008aa   0x080008aa   0x000000e4   Code   RO         2943    .text               mf_w.l(dmul.o)
    0x0800098e   0x0800098e   0x00000036   Code   RO         2945    .text               mf_w.l(dcmple.o)
    0x080009c4   0x080009c4   0x00000036   Code   RO         2947    .text               mf_w.l(dcmpge.o)
    0x080009fa   0x080009fa   0x0000003e   Code   RO         2955    .text               mf_w.l(dfixi.o)
    0x08000a38   0x08000a38   0x0000002c   Code   RO         2983    .text               mc_w.l(uidiv.o)
    0x08000a64   0x08000a64   0x00000062   Code   RO         2985    .text               mc_w.l(uldiv.o)
    0x08000ac6   0x08000ac6   0x0000001e   Code   RO         2987    .text               mc_w.l(llshl.o)
    0x08000ae4   0x08000ae4   0x00000020   Code   RO         2989    .text               mc_w.l(llushr.o)
    0x08000b04   0x08000b04   0x00000024   Code   RO         2991    .text               mc_w.l(llsshr.o)
    0x08000b28   0x08000b28   0x0000001c   Code   RO         2995    .text               mc_w.l(_chval.o)
    0x08000b44   0x08000b44   0x00000028   Code   RO         2997    .text               mc_w.l(scanf_char.o)
    0x08000b6c   0x08000b6c   0x00000040   Code   RO         2999    .text               mc_w.l(_sgetc.o)
    0x08000bac   0x08000bac   0x000000a8   Code   RO         3001    .text               mc_w.l(strtod.o)
    0x08000c54   0x08000c54   0x00000000   Code   RO         3003    .text               mc_w.l(iusefp.o)
    0x08000c54   0x08000c54   0x000000ba   Code   RO         3004    .text               mf_w.l(depilogue.o)
    0x08000d0e   0x08000d0e   0x000000de   Code   RO         3006    .text               mf_w.l(ddiv.o)
    0x08000dec   0x08000dec   0x00000018   Code   RO         3008    .text               mf_w.l(dfltul.o)
    0x08000e04   0x08000e04   0x00000030   Code   RO         3010    .text               mf_w.l(dfixul.o)
    0x08000e34   0x08000e34   0x00000030   Code   RO         3012    .text               mf_w.l(cdrcmple.o)
    0x08000e64   0x08000e64   0x00000038   Code   RO         3014    .text               mf_w.l(d2f.o)
    0x08000e9c   0x08000e9c   0x00000030   Code   RO         3016    .text               mc_w.l(init.o)
    0x08000ecc   0x08000ecc   0x0000032c   Code   RO         3020    .text               mc_w.l(_scanf.o)
    0x080011f8   0x080011f8   0x0000006e   Code   RO         3022    .text               mf_w.l(fepilogue.o)
    0x08001266   0x08001266   0x00000056   Code   RO         3035    .text               mc_w.l(__dczerorl2.o)
    0x080012bc   0x080012bc   0x00000002   Code   RO            8    .text.BusFault_Handler  gd32f30x_it.o
    0x080012be   0x080012be   0x00000002   PAD
    0x080012c0   0x080012c0   0x00000038   Code   RO         2085    .text.ConnectNetwork  mqtt_interface.o
    0x080012f8   0x080012f8   0x000000d2   Code   RO         1987    .text.DHCP_init     dhcp.o
    0x080013ca   0x080013ca   0x00000002   PAD
    0x080013cc   0x080013cc   0x000002be   Code   RO         1977    .text.DHCP_run      dhcp.o
    0x0800168a   0x0800168a   0x00000002   PAD
    0x0800168c   0x0800168c   0x0000001e   Code   RO         1985    .text.DHCP_stop     dhcp.o
    0x080016aa   0x080016aa   0x00000002   PAD
    0x080016ac   0x080016ac   0x00000010   Code   RO         1989    .text.DHCP_time_handler  dhcp.o
    0x080016bc   0x080016bc   0x00000024   Code   RO         2046    .text.DNS_init      dns.o
    0x080016e0   0x080016e0   0x000000dc   Code   RO         2048    .text.DNS_run       dns.o
    0x080017bc   0x080017bc   0x00000010   Code   RO         2050    .text.DNS_time_handler  dns.o
    0x080017cc   0x080017cc   0x00000002   Code   RO           14    .text.DebugMon_Handler  gd32f30x_it.o
    0x080017ce   0x080017ce   0x00000002   PAD
    0x080017d0   0x080017d0   0x00000002   Code   RO            4    .text.HardFault_Handler  gd32f30x_it.o
    0x080017d2   0x080017d2   0x00000002   PAD
    0x080017d4   0x080017d4   0x00000046   Code   RO         2096    .text.MQTTClientInit  mqttclient.o
    0x0800181a   0x0800181a   0x00000002   PAD
    0x0800181c   0x0800181c   0x00000126   Code   RO         2110    .text.MQTTConnect   mqttclient.o
    0x08001942   0x08001942   0x00000002   PAD
    0x08001944   0x08001944   0x0000003e   Code   RO         2167    .text.MQTTDeserialize_ack  mqttdeserializepublish.o
    0x08001982   0x08001982   0x00000002   PAD
    0x08001984   0x08001984   0x0000004c   Code   RO         2134    .text.MQTTDeserialize_connack  mqttconnectclient.o
    0x080019d0   0x080019d0   0x00000086   Code   RO         2165    .text.MQTTDeserialize_publish  mqttdeserializepublish.o
    0x08001a56   0x08001a56   0x00000002   PAD
    0x08001a58   0x08001a58   0x00000086   Code   RO         2274    .text.MQTTDeserialize_suback  mqttsubscribeclient.o
    0x08001ade   0x08001ade   0x00000002   PAD
    0x08001ae0   0x08001ae0   0x00000086   Code   RO         2215    .text.MQTTPacket_decodeBuf  mqttpacket.o
    0x08001b66   0x08001b66   0x00000002   PAD
    0x08001b68   0x08001b68   0x0000007c   Code   RO         2207    .text.MQTTPacket_encode  mqttpacket.o
    0x08001be4   0x08001be4   0x00000036   Code   RO         2235    .text.MQTTPacket_equals  mqttpacket.o
    0x08001c1a   0x08001c1a   0x00000002   PAD
    0x08001c1c   0x08001c1c   0x0000002c   Code   RO         2211    .text.MQTTPacket_len  mqttpacket.o
    0x08001c48   0x08001c48   0x00000162   Code   RO         2116    .text.MQTTPublish   mqttclient.o
    0x08001daa   0x08001daa   0x00000002   PAD
    0x08001dac   0x08001dac   0x00000050   Code   RO         2254    .text.MQTTSerialize_ack  mqttserializepublish.o
    0x08001dfc   0x08001dfc   0x0000012c   Code   RO         2132    .text.MQTTSerialize_connect  mqttconnectclient.o
    0x08001f28   0x08001f28   0x00000072   Code   RO         2130    .text.MQTTSerialize_connectLength  mqttconnectclient.o
    0x08001f9a   0x08001f9a   0x00000002   PAD
    0x08001f9c   0x08001f9c   0x0000002e   Code   RO         2140    .text.MQTTSerialize_pingreq  mqttconnectclient.o
    0x08001fca   0x08001fca   0x00000002   PAD
    0x08001fcc   0x08001fcc   0x000000a0   Code   RO         2252    .text.MQTTSerialize_publish  mqttserializepublish.o
    0x0800206c   0x0800206c   0x000000b6   Code   RO         2272    .text.MQTTSerialize_subscribe  mqttsubscribeclient.o
    0x08002122   0x08002122   0x00000002   PAD
    0x08002124   0x08002124   0x0000015c   Code   RO         2112    .text.MQTTSubscribe  mqttclient.o
    0x08002280   0x08002280   0x0000002a   Code   RO         2104    .text.MQTTYield     mqttclient.o
    0x080022aa   0x080022aa   0x00000002   PAD
    0x080022ac   0x080022ac   0x0000000c   Code   RO         2233    .text.MQTTstrlen    mqttpacket.o
    0x080022b8   0x080022b8   0x00000002   Code   RO            6    .text.MemManage_Handler  gd32f30x_it.o
    0x080022ba   0x080022ba   0x00000002   PAD
    0x080022bc   0x080022bc   0x00000010   Code   RO         2065    .text.MilliTimer_Handler  mqtt_interface.o
    0x080022cc   0x080022cc   0x00000002   Code   RO            2    .text.NMI_Handler   gd32f30x_it.o
    0x080022ce   0x080022ce   0x00000002   PAD
    0x080022d0   0x080022d0   0x0000001e   Code   RO         2077    .text.NewNetwork    mqtt_interface.o
    0x080022ee   0x080022ee   0x00000002   PAD
    0x080022f0   0x080022f0   0x00000002   Code   RO           16    .text.PendSV_Handler  gd32f30x_it.o
    0x080022f2   0x080022f2   0x00000002   PAD
    0x080022f4   0x080022f4   0x00000002   Code   RO           12    .text.SVC_Handler   gd32f30x_it.o
    0x080022f6   0x080022f6   0x00000002   PAD
    0x080022f8   0x080022f8   0x00000004   Code   RO           18    .text.SysTick_Handler  gd32f30x_it.o
    0x080022fc   0x080022fc   0x00000394   Code   RO           52    .text.SystemInit    system_gd32f30x.o
    0x08002690   0x08002690   0x00000048   Code   RO         2367    .text.TIMER2_IRQHandler  wiz_platform.o
    0x080026d8   0x080026d8   0x000001a2   Code   RO         1566    .text.TIMER6_IRQHandler  app_timer.o
    0x0800287a   0x0800287a   0x00000002   PAD
    0x0800287c   0x0800287c   0x00000016   Code   RO         2073    .text.TimerCountdown  mqtt_interface.o
    0x08002892   0x08002892   0x00000002   PAD
    0x08002894   0x08002894   0x00000010   Code   RO         2071    .text.TimerCountdownMS  mqtt_interface.o
    0x080028a4   0x080028a4   0x00000006   Code   RO         2067    .text.TimerInit     mqtt_interface.o
    0x080028aa   0x080028aa   0x00000002   PAD
    0x080028ac   0x080028ac   0x00000012   Code   RO         2069    .text.TimerIsExpired  mqtt_interface.o
    0x080028be   0x080028be   0x00000002   PAD
    0x080028c0   0x080028c0   0x00000014   Code   RO         2075    .text.TimerLeftMS   mqtt_interface.o
    0x080028d4   0x080028d4   0x00000094   Code   RO         1764    .text.UART4_IRQHandler  bsp_usart.o
    0x08002968   0x08002968   0x000000dc   Code   RO         1762    .text.USART2_IRQHandler  bsp_usart.o
    0x08002a44   0x08002a44   0x00000002   Code   RO           10    .text.UsageFault_Handler  gd32f30x_it.o
    0x08002a46   0x08002a46   0x00000002   PAD
    0x08002a48   0x08002a48   0x00000062   Code   RO         1931    .text.WIZCHIP_READ  w5500.o
    0x08002aaa   0x08002aaa   0x00000002   PAD
    0x08002aac   0x08002aac   0x00000078   Code   RO         1935    .text.WIZCHIP_READ_BUF  w5500.o
    0x08002b24   0x08002b24   0x00000064   Code   RO         1933    .text.WIZCHIP_WRITE  w5500.o
    0x08002b88   0x08002b88   0x0000007e   Code   RO         1937    .text.WIZCHIP_WRITE_BUF  w5500.o
    0x08002c06   0x08002c06   0x00000002   PAD
    0x08002c08   0x08002c08   0x0000002c   Code   RO         1590    .text.app_eventbus_init  app_eventbus.o
    0x08002c34   0x08002c34   0x00000094   Code   RO         1596    .text.app_eventbus_poll  app_eventbus.o
    0x08002cc8   0x08002cc8   0x0000004c   Code   RO         1594    .text.app_eventbus_publish  app_eventbus.o
    0x08002d14   0x08002d14   0x00000022   Code   RO         1592    .text.app_eventbus_subscribe  app_eventbus.o
    0x08002d36   0x08002d36   0x00000002   PAD
    0x08002d38   0x08002d38   0x00000092   Code   RO         1798    .text.app_flash_read_word  bsp_flash.o
    0x08002dca   0x08002dca   0x00000002   PAD
    0x08002dcc   0x08002dcc   0x000000d4   Code   RO         1796    .text.app_flash_write_word  bsp_flash.o
    0x08002ea0   0x08002ea0   0x0000000c   Code   RO         1715    .text.app_mqtt_recv_msg  app_network_model.o
    0x08002eac   0x08002eac   0x0000030c   Code   RO         1713    .text.app_network_init  app_network_model.o
    0x080031b8   0x080031b8   0x0000005a   Code   RO         1711    .text.app_network_model_init  app_network_model.o
    0x08003212   0x08003212   0x00000002   PAD
    0x08003214   0x08003214   0x00000074   Code   RO         1675    .text.app_panel_frame_crc  app_base.o
    0x08003288   0x08003288   0x00000076   Code   RO         1677    .text.app_panel_frame_sum  app_base.o
    0x080032fe   0x080032fe   0x00000002   PAD
    0x08003300   0x08003300   0x00000220   Code   RO         1721    .text.app_parse_msg  app_network_model.o
    0x08003520   0x08003520   0x00000008   Code   RO         1614    .text.app_protocol_check  app_protocol.o
    0x08003528   0x08003528   0x0000003c   Code   RO         1612    .text.app_protocol_init  app_protocol.o
    0x08003564   0x08003564   0x000001fc   Code   RO         1648    .text.app_public_cfg_init  app_public_config.o
    0x08003760   0x08003760   0x00000918   Code   RO         1626    .text.app_public_event_handler  app_public_protocol.o
    0x08004078   0x08004078   0x00000012   Code   RO         1656    .text.app_public_get_bind  app_public_config.o
    0x0800408a   0x0800408a   0x00000002   PAD
    0x0800408c   0x0800408c   0x00000010   Code   RO         1654    .text.app_public_get_cfg  app_public_config.o
    0x0800409c   0x0800409c   0x0000000c   Code   RO         1658    .text.app_public_get_panel_count  app_public_config.o
    0x080040a8   0x080040a8   0x00000026   Code   RO         1624    .text.app_public_protocol_init  app_public_protocol.o
    0x080040ce   0x080040ce   0x00000002   PAD
    0x080040d0   0x080040d0   0x00000140   Code   RO         1650    .text.app_set_bind_cfg  app_public_config.o
    0x08004210   0x08004210   0x00000154   Code   RO         1652    .text.app_set_panel_cfg  app_public_config.o
    0x08004364   0x08004364   0x00000104   Code   RO         1673    .text.app_string_to_bytes  app_base.o
    0x08004468   0x08004468   0x000000c0   Code   RO         1564    .text.app_timer_init  app_timer.o
    0x08004528   0x08004528   0x0000004c   Code   RO         1576    .text.app_timer_poll  app_timer.o
    0x08004574   0x08004574   0x0000014e   Code   RO         1568    .text.app_timer_start  app_timer.o
    0x080046c2   0x080046c2   0x00000002   PAD
    0x080046c4   0x080046c4   0x00000030   Code   RO         1570    .text.app_timer_stop  app_timer.o
    0x080046f4   0x080046f4   0x00000036   Code   RO         1787    .text.bsp_usart1_init  bsp_pcb.o
    0x0800472a   0x0800472a   0x00000002   PAD
    0x0800472c   0x0800472c   0x00000064   Code   RO         1783    .text.bsp_usart2_init  bsp_pcb.o
    0x08004790   0x08004790   0x0000000c   Code   RO         1754    .text.bsp_usart2_rx_callback  bsp_usart.o
    0x0800479c   0x0800479c   0x0000004e   Code   RO         1785    .text.bsp_usart4_init  bsp_pcb.o
    0x080047ea   0x080047ea   0x00000002   PAD
    0x080047ec   0x080047ec   0x0000027c   Code   RO         1758    .text.bsp_usart_init  bsp_usart.o
    0x08004a68   0x08004a68   0x00000118   Code   RO         1760    .text.bsp_usart_tx_buf  bsp_usart.o
    0x08004b80   0x08004b80   0x00000076   Code   RO         2406    .text.buffer_skip_whitespace  cjson.o
    0x08004bf6   0x08004bf6   0x00000002   PAD
    0x08004bf8   0x08004bf8   0x00000054   Code   RO         2392    .text.cJSON_Delete  cjson.o
    0x08004c4c   0x08004c4c   0x00000006   Code   RO         2428    .text.cJSON_GetObjectItem  cjson.o
    0x08004c52   0x08004c52   0x00000002   PAD
    0x08004c54   0x08004c54   0x00000020   Code   RO         2408    .text.cJSON_Parse   cjson.o
    0x08004c74   0x08004c74   0x000001c4   Code   RO         2402    .text.cJSON_ParseWithLengthOpts  cjson.o
    0x08004e38   0x08004e38   0x000000a4   Code   RO         1979    .text.check_DHCP_timeout  dhcp.o
    0x08004edc   0x08004edc   0x00000088   Code   RO         1810    .text.close         socket.o
    0x08004f64   0x08004f64   0x000000e4   Code   RO         1814    .text.connect       socket.o
    0x08005048   0x08005048   0x000001c0   Code   RO         1875    .text.ctlwizchip    wizchip_conf.o
    0x08005208   0x08005208   0x0000027e   Code   RO         2102    .text.cycle         mqttclient.o
    0x08005486   0x08005486   0x00000002   PAD
    0x08005488   0x08005488   0x0000003c   Code   RO         1957    .text.default_ip_assign  dhcp.o
    0x080054c4   0x080054c4   0x00000026   Code   RO         1961    .text.default_ip_conflict  dhcp.o
    0x080054ea   0x080054ea   0x00000002   PAD
    0x080054ec   0x080054ec   0x0000005c   Code   RO         1959    .text.default_ip_update  dhcp.o
    0x08005548   0x08005548   0x00000024   Code   RO           39    .text.delay_1ms     systick.o
    0x0800556c   0x0800556c   0x00000018   Code   RO           41    .text.delay_decrement  systick.o
    0x08005584   0x08005584   0x00000110   Code   RO         2098    .text.deliverMessage  mqttclient.o
    0x08005694   0x08005694   0x00000004   Code   RO         2571    .text.dev_manmager_init  dev_manager.o
    0x08005698   0x08005698   0x00000090   Code   RO         1816    .text.disconnect    socket.o
    0x08005728   0x08005728   0x00000024   Code   RO          419    .text.dma_channel_disable  gd32f30x_dma.o
    0x0800574c   0x0800574c   0x00000024   Code   RO          417    .text.dma_channel_enable  gd32f30x_dma.o
    0x08005770   0x08005770   0x00000024   Code   RO          411    .text.dma_circulation_disable  gd32f30x_dma.o
    0x08005794   0x08005794   0x0000003c   Code   RO          403    .text.dma_deinit    gd32f30x_dma.o
    0x080057d0   0x080057d0   0x00000074   Code   RO          407    .text.dma_init      gd32f30x_dma.o
    0x08005844   0x08005844   0x0000000e   Code   RO          451    .text.dma_interrupt_flag_clear  gd32f30x_dma.o
    0x08005852   0x08005852   0x00000002   PAD
    0x08005854   0x08005854   0x0000001e   Code   RO          423    .text.dma_memory_address_config  gd32f30x_dma.o
    0x08005872   0x08005872   0x00000002   PAD
    0x08005874   0x08005874   0x00000024   Code   RO          415    .text.dma_memory_to_memory_disable  gd32f30x_dma.o
    0x08005898   0x08005898   0x0000001a   Code   RO          405    .text.dma_struct_para_init  gd32f30x_dma.o
    0x080058b2   0x080058b2   0x00000002   PAD
    0x080058b4   0x080058b4   0x00000020   Code   RO          425    .text.dma_transfer_number_config  gd32f30x_dma.o
    0x080058d4   0x080058d4   0x0000001e   Code   RO          427    .text.dma_transfer_number_get  gd32f30x_dma.o
    0x080058f2   0x080058f2   0x00000002   PAD
    0x080058f4   0x080058f4   0x000005f0   Code   RO         2038    .text.dns_answer    dns.o
    0x08005ee4   0x08005ee4   0x000000c6   Code   RO         2042    .text.dns_makequery  dns.o
    0x08005faa   0x08005faa   0x00000002   PAD
    0x08005fac   0x08005fac   0x00000198   Code   RO         1694    .text.do_http_request  app_http_ota.o
    0x08006144   0x08006144   0x00000104   Code   RO         1572    .text.find_timer_by_name  app_timer.o
    0x08006248   0x08006248   0x0000001e   Code   RO          614    .text.fmc_flag_clear  gd32f30x_fmc.o
    0x08006266   0x08006266   0x00000002   PAD
    0x08006268   0x08006268   0x0000002c   Code   RO          562    .text.fmc_lock      gd32f30x_fmc.o
    0x08006294   0x08006294   0x0000061e   Code   RO          568    .text.fmc_page_erase  gd32f30x_fmc.o
    0x080068b2   0x080068b2   0x00000002   PAD
    0x080068b4   0x080068b4   0x00000050   Code   RO          556    .text.fmc_unlock    gd32f30x_fmc.o
    0x08006904   0x08006904   0x000005fe   Code   RO          580    .text.fmc_word_program  gd32f30x_fmc.o
    0x08006f02   0x08006f02   0x00000002   PAD
    0x08006f04   0x08006f04   0x00000024   Code   RO         1766    .text.fputc         bsp_usart.o
    0x08006f28   0x08006f28   0x00000006   Code   RO           56    .text.gd32f30x_firmware_version_get  system_gd32f30x.o
    0x08006f2e   0x08006f2e   0x00000002   PAD
    0x08006f30   0x08006f30   0x0000001a   Code   RO         1997    .text.getDNSfromDHCP  dhcp.o
    0x08006f4a   0x08006f4a   0x00000002   PAD
    0x08006f4c   0x08006f4c   0x0000001a   Code   RO         1993    .text.getGWfromDHCP  dhcp.o
    0x08006f66   0x08006f66   0x00000002   PAD
    0x08006f68   0x08006f68   0x0000001a   Code   RO         1991    .text.getIPfromDHCP  dhcp.o
    0x08006f82   0x08006f82   0x00000002   PAD
    0x08006f84   0x08006f84   0x0000001a   Code   RO         1995    .text.getSNfromDHCP  dhcp.o
    0x08006f9e   0x08006f9e   0x00000002   PAD
    0x08006fa0   0x08006fa0   0x000001ca   Code   RO         1941    .text.getSn_RX_RSR  w5500.o
    0x0800716a   0x0800716a   0x00000002   PAD
    0x0800716c   0x0800716c   0x000001ca   Code   RO         1939    .text.getSn_TX_FSR  w5500.o
    0x08007336   0x08007336   0x00000002   PAD
    0x08007338   0x08007338   0x000000be   Code   RO         2430    .text.get_object_item  cjson.o
    0x080073f6   0x080073f6   0x00000002   PAD
    0x080073f8   0x080073f8   0x00000004   Code   RO          664    .text.gpio_bit_reset  gd32f30x_gpio.o
    0x080073fc   0x080073fc   0x00000004   Code   RO          662    .text.gpio_bit_set  gd32f30x_gpio.o
    0x08007400   0x08007400   0x000002c0   Code   RO          660    .text.gpio_init     gd32f30x_gpio.o
    0x080076c0   0x080076c0   0x00000080   Code   RO          678    .text.gpio_pin_remap_config  gd32f30x_gpio.o
    0x08007740   0x08007740   0x000000ae   Code   RO         2100    .text.keepalive     mqttclient.o
    0x080077ee   0x080077ee   0x00000002   PAD
    0x080077f0   0x080077f0   0x000000ac   Code   RO           27    .text.main          main.o
    0x0800789c   0x0800789c   0x000002b8   Code   RO         1965    .text.makeDHCPMSG   dhcp.o
    0x08007b54   0x08007b54   0x00000078   Code   RO         1719    .text.message_arrived  app_network_model.o
    0x08007bcc   0x08007bcc   0x000000bc   Code   RO         2332    .text.network_init  wiz_interface.o
    0x08007c88   0x08007c88   0x000000a2   Code   RO          774    .text.nvic_irq_enable  gd32f30x_misc.o
    0x08007d2a   0x08007d2a   0x00000002   PAD
    0x08007d2c   0x08007d2c   0x0000004c   Code   RO         1696    .text.ota_get_download  app_http_ota.o
    0x08007d78   0x08007d78   0x0000003a   Code   RO         1690    .text.ota_get_update_task  app_http_ota.o
    0x08007db2   0x08007db2   0x00000002   PAD
    0x08007db4   0x08007db4   0x00000070   Code   RO         1688    .text.ota_post_version  app_http_ota.o
    0x08007e24   0x08007e24   0x00000204   Code   RO         1975    .text.parseDHCPMSG  dhcp.o
    0x08008028   0x08008028   0x0000020c   Code   RO         2040    .text.parseDNSMSG   dns.o
    0x08008234   0x08008234   0x000000c4   Code   RO         2552    .text.parse_hex4    cjson.o
    0x080082f8   0x080082f8   0x00000304   Code   RO         2550    .text.parse_object  cjson.o
    0x080085fc   0x080085fc   0x000003b2   Code   RO         2548    .text.parse_string  cjson.o
    0x080089ae   0x080089ae   0x00000002   PAD
    0x080089b0   0x080089b0   0x00000280   Code   RO         2404    .text.parse_value   cjson.o
    0x08008c30   0x08008c30   0x0000015c   Code   RO         2330    .text.print_network_information  wiz_interface.o
    0x08008d8c   0x08008d8c   0x000000d0   Code   RO          914    .text.rcu_clock_freq_get  gd32f30x_rcu.o
    0x08008e5c   0x08008e5c   0x0000001e   Code   RO          852    .text.rcu_periph_clock_enable  gd32f30x_rcu.o
    0x08008e7a   0x08008e7a   0x00000002   PAD
    0x08008e7c   0x08008e7c   0x00000020   Code   RO          862    .text.rcu_periph_reset_disable  gd32f30x_rcu.o
    0x08008e9c   0x08008e9c   0x0000001e   Code   RO          860    .text.rcu_periph_reset_enable  gd32f30x_rcu.o
    0x08008eba   0x08008eba   0x00000002   PAD
    0x08008ebc   0x08008ebc   0x0000000c   Code   RO         2219    .text.readChar      mqttpacket.o
    0x08008ec8   0x08008ec8   0x0000000e   Code   RO         2217    .text.readInt       mqttpacket.o
    0x08008ed6   0x08008ed6   0x00000002   PAD
    0x08008ed8   0x08008ed8   0x00000044   Code   RO         2231    .text.readMQTTLenString  mqttpacket.o
    0x08008f1c   0x08008f1c   0x000000e6   Code   RO         1820    .text.recv          socket.o
    0x08009002   0x08009002   0x00000002   PAD
    0x08009004   0x08009004   0x000001f8   Code   RO         1824    .text.recvfrom      socket.o
    0x080091fc   0x080091fc   0x00000038   Code   RO         1867    .text.reg_wizchip_cs_cbfunc  wizchip_conf.o
    0x08009234   0x08009234   0x00000042   Code   RO         1871    .text.reg_wizchip_spi_cbfunc  wizchip_conf.o
    0x08009276   0x08009276   0x00000002   PAD
    0x08009278   0x08009278   0x00000042   Code   RO         1873    .text.reg_wizchip_spiburst_cbfunc  wizchip_conf.o
    0x080092ba   0x080092ba   0x00000002   PAD
    0x080092bc   0x080092bc   0x00000122   Code   RO         1818    .text.send          socket.o
    0x080093de   0x080093de   0x00000002   PAD
    0x080093e0   0x080093e0   0x000000e2   Code   RO         1973    .text.send_DHCP_DECLINE  dhcp.o
    0x080094c2   0x080094c2   0x00000002   PAD
    0x080094c4   0x080094c4   0x000002f8   Code   RO         1967    .text.send_DHCP_DISCOVER  dhcp.o
    0x080097bc   0x080097bc   0x0000034e   Code   RO         1971    .text.send_DHCP_REQUEST  dhcp.o
    0x08009b0a   0x08009b0a   0x00000002   PAD
    0x08009b0c   0x08009b0c   0x00000154   Code   RO         1822    .text.sendto        socket.o
    0x08009c60   0x08009c60   0x00000132   Code   RO         1808    .text.socket        socket.o
    0x08009d92   0x08009d92   0x00000002   PAD
    0x08009d94   0x08009d94   0x0000000a   Code   RO         1075    .text.spi_enable    gd32f30x_spi.o
    0x08009d9e   0x08009d9e   0x00000002   PAD
    0x08009da0   0x08009da0   0x0000000a   Code   RO         1149    .text.spi_i2s_flag_get  gd32f30x_spi.o
    0x08009daa   0x08009daa   0x00000002   PAD
    0x08009dac   0x08009dac   0x00000034   Code   RO         1073    .text.spi_init      gd32f30x_spi.o
    0x08009de0   0x08009de0   0x00000012   Code   RO         1071    .text.spi_struct_para_init  gd32f30x_spi.o
    0x08009df2   0x08009df2   0x00000002   PAD
    0x08009df4   0x08009df4   0x00000048   Code   RO           37    .text.systick_config  systick.o
    0x08009e3c   0x08009e3c   0x0000000a   Code   RO         1169    .text.timer_auto_reload_shadow_enable  gd32f30x_timer.o
    0x08009e46   0x08009e46   0x00000002   PAD
    0x08009e48   0x08009e48   0x000000c2   Code   RO         1159    .text.timer_deinit  gd32f30x_timer.o
    0x08009f0a   0x08009f0a   0x00000002   PAD
    0x08009f0c   0x08009f0c   0x00000194   Code   RO         1717    .text.timer_do_mqtt  app_network_model.o
    0x0800a0a0   0x0800a0a0   0x0000000a   Code   RO         1165    .text.timer_enable  gd32f30x_timer.o
    0x0800a0aa   0x0800a0aa   0x00000002   PAD
    0x0800a0ac   0x0800a0ac   0x000000b8   Code   RO         1163    .text.timer_init    gd32f30x_timer.o
    0x0800a164   0x0800a164   0x00000008   Code   RO         1199    .text.timer_interrupt_enable  gd32f30x_timer.o
    0x0800a16c   0x0800a16c   0x00000006   Code   RO         1205    .text.timer_interrupt_flag_clear  gd32f30x_timer.o
    0x0800a172   0x0800a172   0x00000002   PAD
    0x0800a174   0x0800a174   0x00000016   Code   RO         1203    .text.timer_interrupt_flag_get  gd32f30x_timer.o
    0x0800a18a   0x0800a18a   0x00000002   PAD
    0x0800a18c   0x0800a18c   0x0000006a   Code   RO         1311    .text.usart_baudrate_set  gd32f30x_usart.o
    0x0800a1f6   0x0800a1f6   0x00000002   PAD
    0x0800a1f8   0x0800a1f8   0x00000008   Code   RO         1339    .text.usart_data_receive  gd32f30x_usart.o
    0x0800a200   0x0800a200   0x00000008   Code   RO         1337    .text.usart_data_transmit  gd32f30x_usart.o
    0x0800a208   0x0800a208   0x0000007a   Code   RO         1309    .text.usart_deinit  gd32f30x_usart.o
    0x0800a282   0x0800a282   0x00000002   PAD
    0x0800a284   0x0800a284   0x00000014   Code   RO         1393    .text.usart_dma_receive_config  gd32f30x_usart.o
    0x0800a298   0x0800a298   0x00000014   Code   RO         1395    .text.usart_dma_transmit_config  gd32f30x_usart.o
    0x0800a2ac   0x0800a2ac   0x0000000a   Code   RO         1319    .text.usart_enable  gd32f30x_usart.o
    0x0800a2b6   0x0800a2b6   0x00000002   PAD
    0x0800a2b8   0x0800a2b8   0x00000012   Code   RO         1399    .text.usart_flag_clear  gd32f30x_usart.o
    0x0800a2ca   0x0800a2ca   0x00000002   PAD
    0x0800a2cc   0x0800a2cc   0x00000010   Code   RO         1397    .text.usart_flag_get  gd32f30x_usart.o
    0x0800a2dc   0x0800a2dc   0x00000014   Code   RO         1391    .text.usart_hardware_flow_cts_config  gd32f30x_usart.o
    0x0800a2f0   0x0800a2f0   0x00000014   Code   RO         1389    .text.usart_hardware_flow_rts_config  gd32f30x_usart.o
    0x0800a304   0x0800a304   0x00000018   Code   RO         1403    .text.usart_interrupt_disable  gd32f30x_usart.o
    0x0800a31c   0x0800a31c   0x00000016   Code   RO         1401    .text.usart_interrupt_enable  gd32f30x_usart.o
    0x0800a332   0x0800a332   0x00000002   PAD
    0x0800a334   0x0800a334   0x00000028   Code   RO         1405    .text.usart_interrupt_flag_get  gd32f30x_usart.o
    0x0800a35c   0x0800a35c   0x00000010   Code   RO         1313    .text.usart_parity_config  gd32f30x_usart.o
    0x0800a36c   0x0800a36c   0x00000014   Code   RO         1325    .text.usart_receive_config  gd32f30x_usart.o
    0x0800a380   0x0800a380   0x00000010   Code   RO         1317    .text.usart_stop_bit_set  gd32f30x_usart.o
    0x0800a390   0x0800a390   0x00000014   Code   RO         1323    .text.usart_transmit_config  gd32f30x_usart.o
    0x0800a3a4   0x0800a3a4   0x00000010   Code   RO         1315    .text.usart_word_length_set  gd32f30x_usart.o
    0x0800a3b4   0x0800a3b4   0x00000006   Code   RO         2083    .text.w5x00_disconnect  mqtt_interface.o
    0x0800a3ba   0x0800a3ba   0x00000002   PAD
    0x0800a3bc   0x0800a3bc   0x00000034   Code   RO         2079    .text.w5x00_read    mqtt_interface.o
    0x0800a3f0   0x0800a3f0   0x0000002c   Code   RO         2081    .text.w5x00_write   mqtt_interface.o
    0x0800a41c   0x0800a41c   0x000000ac   Code   RO         2326    .text.wiz_phy_link_check  wiz_interface.o
    0x0800a4c8   0x0800a4c8   0x000001e2   Code   RO         1945    .text.wiz_recv_data  w5500.o
    0x0800a6aa   0x0800a6aa   0x00000002   PAD
    0x0800a6ac   0x0800a6ac   0x0000016e   Code   RO         1947    .text.wiz_recv_ignore  w5500.o
    0x0800a81a   0x0800a81a   0x00000002   PAD
    0x0800a81c   0x0800a81c   0x00000084   Code   RO         2349    .text.wiz_rst_int_init  wiz_platform.o
    0x0800a8a0   0x0800a8a0   0x000001e2   Code   RO         1943    .text.wiz_send_data  w5500.o
    0x0800aa82   0x0800aa82   0x00000002   PAD
    0x0800aa84   0x0800aa84   0x00000054   Code   RO         2347    .text.wiz_spi_init  wiz_platform.o
    0x0800aad8   0x0800aad8   0x0000005e   Code   RO         2345    .text.wiz_timer_init  wiz_platform.o
    0x0800ab36   0x0800ab36   0x00000002   PAD
    0x0800ab38   0x0800ab38   0x00000004   Code   RO         1853    .text.wizchip_bus_readdata  wizchip_conf.o
    0x0800ab3c   0x0800ab3c   0x00000004   Code   RO         1855    .text.wizchip_bus_writedata  wizchip_conf.o
    0x0800ab40   0x0800ab40   0x000000a6   Code   RO         1881    .text.wizchip_clrinterrupt  wizchip_conf.o
    0x0800abe6   0x0800abe6   0x00000002   PAD
    0x0800abe8   0x0800abe8   0x00000002   Code   RO         1845    .text.wizchip_cris_enter  wizchip_conf.o
    0x0800abea   0x0800abea   0x00000002   PAD
    0x0800abec   0x0800abec   0x00000002   Code   RO         1847    .text.wizchip_cris_exit  wizchip_conf.o
    0x0800abee   0x0800abee   0x00000002   PAD
    0x0800abf0   0x0800abf0   0x00000002   Code   RO         1851    .text.wizchip_cs_deselect  wizchip_conf.o
    0x0800abf2   0x0800abf2   0x00000002   PAD
    0x0800abf4   0x0800abf4   0x00000002   Code   RO         1849    .text.wizchip_cs_select  wizchip_conf.o
    0x0800abf6   0x0800abf6   0x00000002   PAD
    0x0800abf8   0x0800abf8   0x00000010   Code   RO         2353    .text.wizchip_deselect  wiz_platform.o
    0x0800ac08   0x0800ac08   0x00000076   Code   RO         1905    .text.wizchip_getnetinfo  wizchip_conf.o
    0x0800ac7e   0x0800ac7e   0x00000002   PAD
    0x0800ac80   0x0800ac80   0x0000016e   Code   RO         1879    .text.wizchip_init  wizchip_conf.o
    0x0800adee   0x0800adee   0x00000002   PAD
    0x0800adf0   0x0800adf0   0x00000016   Code   RO         2328    .text.wizchip_initialize  wiz_interface.o
    0x0800ae06   0x0800ae06   0x00000002   PAD
    0x0800ae08   0x0800ae08   0x00000048   Code   RO         2361    .text.wizchip_read_buff  wiz_platform.o
    0x0800ae50   0x0800ae50   0x0000002e   Code   RO         2357    .text.wizchip_read_byte  wiz_platform.o
    0x0800ae7e   0x0800ae7e   0x00000002   PAD
    0x0800ae80   0x0800ae80   0x0000003e   Code   RO         2363    .text.wizchip_reset  wiz_platform.o
    0x0800aebe   0x0800aebe   0x00000002   PAD
    0x0800aec0   0x0800aec0   0x00000010   Code   RO         2351    .text.wizchip_select  wiz_platform.o
    0x0800aed0   0x0800aed0   0x00000078   Code   RO         1903    .text.wizchip_setnetinfo  wizchip_conf.o
    0x0800af48   0x0800af48   0x00000042   Code   RO         2365    .text.wizchip_spi_cb_reg  wiz_platform.o
    0x0800af8a   0x0800af8a   0x00000002   PAD
    0x0800af8c   0x0800af8c   0x00000002   Code   RO         1861    .text.wizchip_spi_readburst  wizchip_conf.o
    0x0800af8e   0x0800af8e   0x00000002   PAD
    0x0800af90   0x0800af90   0x00000004   Code   RO         1857    .text.wizchip_spi_readbyte  wizchip_conf.o
    0x0800af94   0x0800af94   0x00000002   Code   RO         1863    .text.wizchip_spi_writeburst  wizchip_conf.o
    0x0800af96   0x0800af96   0x00000002   PAD
    0x0800af98   0x0800af98   0x00000002   Code   RO         1859    .text.wizchip_spi_writebyte  wizchip_conf.o
    0x0800af9a   0x0800af9a   0x00000002   PAD
    0x0800af9c   0x0800af9c   0x00000080   Code   RO         1877    .text.wizchip_sw_reset  wizchip_conf.o
    0x0800b01c   0x0800b01c   0x000000aa   Code   RO         2322    .text.wizchip_version_check  wiz_interface.o
    0x0800b0c6   0x0800b0c6   0x00000002   PAD
    0x0800b0c8   0x0800b0c8   0x00000046   Code   RO         2359    .text.wizchip_write_buff  wiz_platform.o
    0x0800b10e   0x0800b10e   0x00000002   PAD
    0x0800b110   0x0800b110   0x0000002c   Code   RO         2355    .text.wizchip_write_byte  wiz_platform.o
    0x0800b13c   0x0800b13c   0x0000006e   Code   RO         1891    .text.wizphy_setphyconf  wizchip_conf.o
    0x0800b1aa   0x0800b1aa   0x00000002   PAD
    0x0800b1ac   0x0800b1ac   0x00000076   Code   RO         1895    .text.wizphy_setphypmode  wizchip_conf.o
    0x0800b222   0x0800b222   0x00000002   PAD
    0x0800b224   0x0800b224   0x00000038   Code   RO         2225    .text.writeCString  mqttpacket.o
    0x0800b25c   0x0800b25c   0x0000000c   Code   RO         2221    .text.writeChar     mqttpacket.o
    0x0800b268   0x0800b268   0x0000001c   Code   RO         2223    .text.writeInt      mqttpacket.o
    0x0800b284   0x0800b284   0x00000066   Code   RO         2229    .text.writeMQTTString  mqttpacket.o
    0x0800b2ea   0x0800b2ea   0x00000002   PAD
    0x0800b2ec   0x0800b2ec   0x00000020   Code   RO         2877    i.__0printf         mc_w.l(printfa.o)
    0x0800b30c   0x0800b30c   0x00000034   Code   RO         2878    i.__0snprintf       mc_w.l(printfa.o)
    0x0800b340   0x0800b340   0x00000028   Code   RO         2879    i.__0sprintf        mc_w.l(printfa.o)
    0x0800b368   0x0800b368   0x0000005c   Code   RO         2909    i.__free$realloc    mc_w.l(mallocr.o)
    0x0800b3c4   0x0800b3c4   0x00000004   PAD
    0x0800b3c8   0x0800b3c8   0x00000028   Code   RO         2579    i.__hardfp_strtod   m_wm.l(strtod.o)
    0x0800b3f0   0x0800b3f0   0x00000050   Code   RO         2910    i.__malloc$realloc  mc_w.l(mallocr.o)
    0x0800b440   0x0800b440   0x0000000e   Code   RO         3029    i.__scatterload_copy  mc_w.l(handlers.o)
    0x0800b44e   0x0800b44e   0x00000002   Code   RO         3030    i.__scatterload_null  mc_w.l(handlers.o)
    0x0800b450   0x0800b450   0x0000000e   Code   RO         3031    i.__scatterload_zeroinit  mc_w.l(handlers.o)
    0x0800b45e   0x0800b45e   0x00000002   PAD
    0x0800b460   0x0800b460   0x00000184   Code   RO         2884    i._fp_digits        mc_w.l(printfa.o)
    0x0800b5e4   0x0800b5e4   0x0000000e   Code   RO         2939    i._is_digit         mc_w.l(scanf_fp.o)
    0x0800b5f2   0x0800b5f2   0x00000002   PAD
    0x0800b5f4   0x0800b5f4   0x000006dc   Code   RO         2885    i._printf_core      mc_w.l(printfa.o)
    0x0800bcd0   0x0800bcd0   0x00000024   Code   RO         2886    i._printf_post_padding  mc_w.l(printfa.o)
    0x0800bcf4   0x0800bcf4   0x0000002e   Code   RO         2887    i._printf_pre_padding  mc_w.l(printfa.o)
    0x0800bd22   0x0800bd22   0x00000016   Code   RO         2888    i._snputc           mc_w.l(printfa.o)
    0x0800bd38   0x0800bd38   0x0000000a   Code   RO         2889    i._sputc            mc_w.l(printfa.o)
    0x0800bd42   0x0800bd42   0x00000002   PAD
    0x0800bd44   0x0800bd44   0x00000050   Code   RO         2911    i.internal_alloc    mc_w.l(mallocr.o)
    0x0800bd94   0x0800bd94   0x0000000c   Code   RO         2590    i.putchar           mc_w.l(putchar.o)
    0x0800bda0   0x0800bda0   0x00000024   Code   RO         2588    i.puts              mc_w.l(puts.o)
    0x0800bdc4   0x0800bdc4   0x0000006c   Code   RO         2912    i.realloc           mc_w.l(mallocr.o)
    0x0800be30   0x0800be30   0x00000081   Data   RO         2595    .constdata          mc_w.l(ctype_o.o)
    0x0800beb1   0x0800beb1   0x00000003   PAD
    0x0800beb4   0x0800beb4   0x00000004   Data   RO         2596    .constdata          mc_w.l(ctype_o.o)
    0x0800beb8   0x0800beb8   0x00000007   Data   RO         2335    .rodata..L.str.1    wiz_interface.o
    0x0800bebf   0x0800bebf   0x00000001   PAD
    0x0800bec0   0x0800bec0   0x00000058   Data   RO         2120    .rodata..L__const.MQTTConnect.default_options  mqttclient.o
    0x0800bf18   0x0800bf18   0x00000008   Data   RO          926    .rodata.cst8        gd32f30x_rcu.o
    0x0800bf20   0x0800bf20   0x00000076   Data   RO         1629    .rodata.str1.1      app_public_protocol.o
    0x0800bf96   0x0800bf96   0x000000ac   Data   RO         1664    .rodata.str1.1      app_public_config.o
    0x0800c042   0x0800c042   0x00000014   Data   RO         1679    .rodata.str1.1      app_base.o
    0x0800c056   0x0800c056   0x00000204   Data   RO         1700    .rodata.str1.1      app_http_ota.o
    0x0800c25a   0x0800c25a   0x00000206   Data   RO         1735    .rodata.str1.1      app_network_model.o
    0x0800c460   0x0800c460   0x00000012   Data   RO         2021    .rodata.str1.1      dhcp.o
    0x0800c472   0x0800c472   0x00000008   Data   RO         2121    .rodata.str1.1      mqttclient.o
    0x0800c47a   0x0800c47a   0x000001f0   Data   RO         2334    .rodata.str1.1      wiz_interface.o
    0x0800c66a   0x0800c66a   0x00000013   Data   RO         2562    .rodata.str1.1      cjson.o
    0x0800c67d   0x0800c67d   0x00000003   PAD
    0x0800c680   0x0800c680   0x00000020   Data   RO         3028    Region$$Table       anon$$obj.o


    Execution Region RW_IRAM1 (Exec base: 0x20000000, Load base: 0x0800c6a0, Size: 0x00006520, Max: 0x0000c000, ABSOLUTE, COMPRESSED[0x00000210])

    Exec Addr    Load Addr    Size         Type   Attr      Idx    E Section Name        Object

    0x20000000   COMPRESSED   0x00000004   Data   RW         2973    .data               mc_w.l(stdout.o)
    0x20000004   COMPRESSED   0x00000004   Data   RW         2993    .data               mc_w.l(mvars.o)
    0x20000008   COMPRESSED   0x00000004   Data   RW         2994    .data               mc_w.l(mvars.o)
    0x2000000c   COMPRESSED   0x00000010   Data   RW         1663    .data.BIND_INFO_DONE_DATA  app_public_config.o
    0x2000001c   COMPRESSED   0x00000008   Data   RW         2011    .data.HOST_NAME     dhcp.o
    0x20000024   COMPRESSED   0x00000004   Data   RW           58    .data.SystemCoreClock  system_gd32f30x.o
    0x20000028   COMPRESSED   0x0000002c   Data   RW         1917    .data.WIZCHIP       wizchip_conf.o
    0x20000054   COMPRESSED   0x00000058   Data   RW         1728    .data.data          app_network_model.o
    0x200000ac   COMPRESSED   0x00000017   Data   RW         1730    .data.default_net_info  app_network_model.o
    0x200000c3   COMPRESSED   0x00000001   PAD
    0x200000c4   COMPRESSED   0x00000004   Data   RW         2012    .data.dhcp_ip_assign  dhcp.o
    0x200000c8   COMPRESSED   0x00000004   Data   RW         2014    .data.dhcp_ip_conflict  dhcp.o
    0x200000cc   COMPRESSED   0x00000004   Data   RW         2013    .data.dhcp_ip_update  dhcp.o
    0x200000d0   COMPRESSED   0x00000004   Data   RW         2008    .data.dhcp_lease_time  dhcp.o
    0x200000d4   COMPRESSED   0x00000004   Data   RW         2010    .data.dhcp_tick_next  dhcp.o
    0x200000d8   COMPRESSED   0x0000000c   Data   RW         2561    .data.global_hooks  cjson.o
    0x200000e4   COMPRESSED   0x00000808   Data   RW         1725    .data.mqtt_params   app_network_model.o
    0x200008ec   COMPRESSED   0x00000001   Data   RW         1734    .data.org_port      app_network_model.o
    0x200008ed   COMPRESSED   0x00000015   Data   RW         1732    .data.org_server_name  app_network_model.o
    0x20000902   COMPRESSED   0x00000002   Data   RW         1833    .data.sock_any_port  socket.o
    0x20000904   COMPRESSED   0x00000024   Data   RW         1727    .data.willdata      app_network_model.o
    0x20000928        -       0x00000006   Zero   RW         2015    .bss.DHCP_CHADDR    dhcp.o
    0x2000092e   COMPRESSED   0x00000002   PAD
    0x20000930        -       0x00000004   Zero   RW         2019    .bss.DHCP_REAL_SIP  dhcp.o
    0x20000934        -       0x00000004   Zero   RW         2018    .bss.DHCP_SIP       dhcp.o
    0x20000938        -       0x00000001   Zero   RW         2020    .bss.DHCP_SOCKET    dhcp.o
    0x20000939   COMPRESSED   0x00000003   PAD
    0x2000093c        -       0x00000004   Zero   RW         2017    .bss.DHCP_XID       dhcp.o
    0x20000940        -       0x00000004   Zero   RW         2005    .bss.DHCP_allocated_dns  dhcp.o
    0x20000944        -       0x00000004   Zero   RW         2003    .bss.DHCP_allocated_gw  dhcp.o
    0x20000948        -       0x00000004   Zero   RW         2002    .bss.DHCP_allocated_ip  dhcp.o
    0x2000094c        -       0x00000004   Zero   RW         2004    .bss.DHCP_allocated_sn  dhcp.o
    0x20000950        -       0x00000002   Zero   RW         2052    .bss.DNS_MSGID      dns.o
    0x20000952        -       0x00000001   Zero   RW         2055    .bss.DNS_SOCKET     dns.o
    0x20000953   COMPRESSED   0x00000001   PAD
    0x20000954        -       0x00000004   Zero   RW         2087    .bss.MilliTimer     mqtt_interface.o
    0x20000958        -       0x00000004   Zero   RW         2001    .bss.OLD_allocated_ip  dhcp.o
    0x2000095c        -       0x00000004   Zero   RW         2369    .bss.TIMER2_IRQHandler.wiz_timer_1ms_count  wiz_platform.o
    0x20000960        -       0x00000001   Zero   RW         1922    .bss._DHCP_         wizchip_conf.o
    0x20000961        -       0x00000001   Zero   RW         1918    .bss._DNS_.0        wizchip_conf.o
    0x20000962        -       0x00000001   Zero   RW         1919    .bss._DNS_.1        wizchip_conf.o
    0x20000963        -       0x00000001   Zero   RW         1920    .bss._DNS_.2        wizchip_conf.o
    0x20000964        -       0x00000001   Zero   RW         1921    .bss._DNS_.3        wizchip_conf.o
    0x20000965   COMPRESSED   0x00000003   PAD
    0x20000968        -       0x00000036   Zero   RW         1637    .bss.app_build_extend_frame.extend_tx_buf  app_public_protocol.o
    0x2000099e   COMPRESSED   0x00000002   PAD
    0x200009a0        -       0x00000033   Zero   RW         1636    .bss.app_bulid_panel_frame.my_panel_tx_buf  app_public_protocol.o
    0x200009d3   COMPRESSED   0x00000001   PAD
    0x200009d4        -       0x0000004b   Zero   RW         1638    .bss.app_public_bind_cfg_parse.bind_info  app_public_protocol.o
    0x20000a1f   COMPRESSED   0x00000001   PAD
    0x20000a20        -       0x00000028   Zero   RW         1639    .bss.app_public_panel_cfg_parse.panel_info  app_public_protocol.o
    0x20000a48        -       0x00000004   Zero   RW         2241    .bss.bufptr         mqttpacket.o
    0x20000a4c        -       0x0000005c   Zero   RW         1723    .bss.c              app_network_model.o
    0x20000aa8        -       0x00000001   Zero   RW         1740    .bss.connect_status  app_network_model.o
    0x20000aa9   COMPRESSED   0x00000003   PAD
    0x20000aac        -       0x00000004   Zero   RW           43    .bss.delay          systick.o
    0x20000ab0        -       0x00000001   Zero   RW         2007    .bss.dhcp_retry_count  dhcp.o
    0x20000ab1        -       0x00000001   Zero   RW         2006    .bss.dhcp_state     dhcp.o
    0x20000ab2   COMPRESSED   0x00000002   PAD
    0x20000ab4        -       0x00000004   Zero   RW         2009    .bss.dhcp_tick_1s   dhcp.o
    0x20000ab8        -       0x00000004   Zero   RW         2053    .bss.dns_1s_tick    dns.o
    0x20000abc        -       0x00000800   Zero   RW         1731    .bss.ethernet_buf   app_network_model.o
    0x200012bc        -       0x00000020   Zero   RW         1602    .bss.eventHandlers  app_eventbus.o
    0x200012dc        -       0x00000080   Zero   RW         1603    .bss.eventQueue     app_eventbus.o
    0x2000135c        -       0x00000004   Zero   RW         2558    .bss.global_error.0  cjson.o
    0x20001360        -       0x00000004   Zero   RW         2559    .bss.global_error.1  cjson.o
    0x20001364        -       0x000000a0   Zero   RW         1744    .bss.handle_bind_cfg.msg  app_network_model.o
    0x20001404        -       0x00000052   Zero   RW         1745    .bss.handle_pinel_cfg.msg  app_network_model.o
    0x20001456        -       0x00000001   Zero   RW         1598    .bss.handlerCount   app_eventbus.o
    0x20001457   COMPRESSED   0x00000001   PAD
    0x20001458        -       0x00000002   Zero   RW         1736    .bss.len            app_network_model.o
    0x2000145a   COMPRESSED   0x00000002   PAD
    0x2000145c        -       0x00000200   Zero   RW         1743    .bss.message_arrived.msg  app_network_model.o
    0x2000165c        -       0x00000040   Zero   RW         1742    .bss.message_arrived.topicname  app_network_model.o
    0x2000169c        -       0x00000400   Zero   RW         1739    .bss.mqtt_recv_ethernet_buf  app_network_model.o
    0x20001a9c        -       0x00000400   Zero   RW         1738    .bss.mqtt_send_ethernet_buf  app_network_model.o
    0x20001e9c        -       0x000036c0   Zero   RW         1661    .bss.my_bind_info   app_public_config.o
    0x2000555c        -       0x00000030   Zero   RW         1635    .bss.my_extend_status_t  app_public_protocol.o
    0x2000558c        -       0x0000002c   Zero   RW         1634    .bss.my_panel_full_status  app_public_protocol.o
    0x200055b8        -       0x000003e0   Zero   RW         1660    .bss.my_panel_info  app_public_config.o
    0x20005998        -       0x00000001   Zero   RW         1630    .bss.my_panel_status.0  app_public_protocol.o
    0x20005999        -       0x00000001   Zero   RW         1631    .bss.my_panel_status.1  app_public_protocol.o
    0x2000599a        -       0x00000001   Zero   RW         1632    .bss.my_panel_status.2  app_public_protocol.o
    0x2000599b        -       0x00000001   Zero   RW         1633    .bss.my_panel_status.3  app_public_protocol.o
    0x2000599c        -       0x00000190   Zero   RW         1580    .bss.my_soft_timer  app_timer.o
    0x20005b2c        -       0x00000010   Zero   RW         1724    .bss.n              app_network_model.o
    0x20005b3c        -       0x00000001   Zero   RW         1737    .bss.network_flag   app_network_model.o
    0x20005b3d        -       0x00000004   Zero   RW         1733    .bss.org_server_ip  app_network_model.o
    0x20005b41   COMPRESSED   0x00000003   PAD
    0x20005b44        -       0x00000004   Zero   RW         2016    .bss.pDHCPMSG       dhcp.o
    0x20005b48        -       0x00000004   Zero   RW         2056    .bss.pDNSMSG        dns.o
    0x20005b4c        -       0x00000001   Zero   RW         1628    .bss.panel_count    app_public_protocol.o
    0x20005b4d        -       0x00000001   Zero   RW         1662    .bss.panel_count    app_public_config.o
    0x20005b4e   COMPRESSED   0x00000002   PAD
    0x20005b50        -       0x00000010   Zero   RW         1726    .bss.pubmessage     app_network_model.o
    0x20005b60        -       0x00000001   Zero   RW         1601    .bss.queueHead      app_eventbus.o
    0x20005b61        -       0x00000001   Zero   RW         1599    .bss.queueSize      app_eventbus.o
    0x20005b62        -       0x00000001   Zero   RW         1600    .bss.queueTail      app_eventbus.o
    0x20005b63        -       0x00000001   Zero   RW         1741    .bss.retry_count    app_network_model.o
    0x20005b64        -       0x00000001   Zero   RW         2054    .bss.retry_count    dns.o
    0x20005b65   COMPRESSED   0x00000001   PAD
    0x20005b66        -       0x00000102   Zero   RW         1770    .bss.rx2_buf        bsp_usart.o
    0x20005c68        -       0x00000004   Zero   RW         1768    .bss.rx2_callback   bsp_usart.o
    0x20005c6c        -       0x00000082   Zero   RW         1771    .bss.rx4_buf        bsp_usart.o
    0x20005cee   COMPRESSED   0x00000002   PAD
    0x20005cf0        -       0x00000004   Zero   RW         1769    .bss.rx4_callback   bsp_usart.o
    0x20005cf4        -       0x00000002   Zero   RW         1834    .bss.sock_io_mode   socket.o
    0x20005cf6        -       0x00000002   Zero   RW         1835    .bss.sock_is_sending  socket.o
    0x20005cf8        -       0x00000008   Zero   RW         1832    .bss.sock_pack_info  socket.o
    0x20005d00        -       0x00000010   Zero   RW         1836    .bss.sock_remained_size  socket.o
    0x20005d10        -       0x00000004   Zero   RW         1581    .bss.system_ticks   app_timer.o
    0x20005d14        -       0x00000004   Zero   RW         1772    .bss.tx2_buf.0      bsp_usart.o
    0x20005d18        -       0x00000002   Zero   RW         1773    .bss.tx2_buf.1      bsp_usart.o
    0x20005d1a   COMPRESSED   0x00000006   PAD
    0x20005d20        -       0x00000400   Zero   RW         1439    HEAP                startup_gd32f30x_hd.o
    0x20006120        -       0x00000400   Zero   RW         1438    STACK               startup_gd32f30x_hd.o


==============================================================================

Image component sizes


      Code (inc. data)   RO Data    RW Data    ZI Data      Debug   Object Name

       494         68         20          0          0       2895   app_base.o
       302          0          0          0        164       1979   app_eventbus.o
       654         82        516          0          0       4958   app_http_ota.o
      1950        400        518       2225       5047       9667   app_network_model.o
        68          0          0          0          0       1509   app_protocol.o
      1214        416        172         16      15009       4998   app_public_config.o
      2366        144        118          0        317       9539   app_public_protocol.o
      1328         16          0          0        404       7717   app_timer.o
       358          0          0          0          0       2855   bsp_flash.o
       232          0          0          0          0       1829   bsp_pcb.o
      1332          0          0          0        402       7970   bsp_usart.o
      3436        184         19         12          8      68985   cjson.o
         4          0          0          0          0        521   dev_manager.o
      4460         62         18         28         49      14858   dhcp.o
      2514         30          0          0         12      15190   dns.o
       452          0          0          0          0       8103   gd32f30x_dma.o
      3254          0          0          0          0      49859   gd32f30x_fmc.o
       840          0          0          0          0       6846   gd32f30x_gpio.o
        20          0          0          0          0       1083   gd32f30x_it.o
       162          0          0          0          0       5254   gd32f30x_misc.o
       300         20          8          0          0      15340   gd32f30x_rcu.o
        90          0          0          0          0       8519   gd32f30x_spi.o
       434          0          0          0          0      20626   gd32f30x_timer.o
       542          0          0          0          0      11600   gd32f30x_usart.o
       172         64          0          0          0        939   main.o
       286          0          0          0          4       3570   mqtt_interface.o
      2192          0         96          0          0      16053   mqttclient.o
       536         16          0          0          0       5937   mqttconnectclient.o
       196          0          0          0          0       2676   mqttdeserializepublish.o
       660          0          0          0          4      10765   mqttpacket.o
       240          0          0          0          0       5656   mqttserializepublish.o
       316          0          0          0          0       3753   mqttsubscribeclient.o
      2178          0          0          2         28       9800   socket.o
        36          8        304          0       2048        916   startup_gd32f30x_hd.o
       922          0          0          4          0       3433   system_gd32f30x.o
       132          0          0          0          4       3918   systick.o
      2690          0          0          0          0      11598   w5500.o
       900        188        503          0          0       3993   wiz_interface.o
       774          0          0          0          4       6035   wiz_platform.o
      1788         16          0         44          5      14493   wizchip_conf.o

    ----------------------------------------------------------------------
     41044       1714       2328       2332      23544     386235   Object Totals
         0          0         32          0          0          0   (incl. Generated)
       220          0          4          1         35          0   (incl. Padding)

    ----------------------------------------------------------------------

      Code (inc. data)   RO Data    RW Data    ZI Data      Debug   Library Member Name

        40          8          0          0          0        128   strtod.o
        56          8          0          0          0         84   __0sscanf.o
        86          0          0          0          0          0   __dczerorl2.o
        28          0          0          0          0         68   _chval.o
       812          4          0          0          0        112   _scanf.o
       332          0          0          0          0         96   _scanf_int.o
        64          0          0          0          0         84   _sgetc.o
         8          4        133          0          0         68   ctype_o.o
         0          0          0          0          0          0   entry.o
         0          0          0          0          0          0   entry10a.o
         0          0          0          0          0          0   entry11a.o
         8          4          0          0          0          0   entry2.o
         4          0          0          0          0          0   entry5.o
         0          0          0          0          0          0   entry7b.o
         0          0          0          0          0          0   entry8b.o
         8          4          0          0          0          0   entry9a.o
        30          0          0          0          0          0   handlers.o
        48         10          0          0          0         68   init.o
        18          0          0          0          0         76   isspace_o.o
         0          0          0          0          0          0   iusefp.o
        30          0          0          0          0         68   llshl.o
        36          0          0          0          0         68   llsshr.o
        32          0          0          0          0         68   llushr.o
       360         30          0          0          0        356   mallocr.o
        26          0          0          0          0         80   memcmp.o
        36          0          0          0          0         68   memcpya.o
        36          0          0          0          0        108   memseta.o
         0          0          0          8          0          0   mvars.o
      2382        100          0          0          0        760   printfa.o
        12          6          0          0          0         68   putchar.o
        36          6          0          0          0         80   puts.o
        40          8          0          0          0         84   scanf_char.o
       878         12          0          0          0        216   scanf_fp.o
         0          0          0          4          0          0   stdout.o
        20          0          0          0          0         68   strchr.o
        28          0          0          0          0         76   strcmp.o
        18          0          0          0          0         68   strcpy.o
        14          0          0          0          0         68   strlen.o
        30          0          0          0          0         80   strncmp.o
        24          0          0          0          0         76   strncpy.o
       168         12          0          0          0        124   strtod.o
        12          0          0          0          0         68   tolower.o
        44          0          0          0          0         80   uidiv.o
        98          0          0          0          0         92   uldiv.o
        48          0          0          0          0         68   cdrcmple.o
        56          0          0          0          0         88   d2f.o
       334          0          0          0          0        148   dadd.o
        54          0          0          0          0         80   dcmpge.o
        54          0          0          0          0         80   dcmple.o
       222          0          0          0          0        100   ddiv.o
       186          0          0          0          0        176   depilogue.o
        62          0          0          0          0         80   dfixi.o
        48          0          0          0          0         68   dfixul.o
        24          0          0          0          0         76   dfltul.o
       228          0          0          0          0         96   dmul.o
       110          0          0          0          0        168   fepilogue.o

    ----------------------------------------------------------------------
      7340        220        136         12          0       4836   Library Totals
        12          4          3          0          0          0   (incl. Padding)

    ----------------------------------------------------------------------

      Code (inc. data)   RO Data    RW Data    ZI Data      Debug   Library Name

        40          8          0          0          0        128   m_wm.l
      5862        208        133         12          0       3480   mc_w.l
      1426          0          0          0          0       1228   mf_w.l

    ----------------------------------------------------------------------
      7340        220        136         12          0       4836   Library Totals

    ----------------------------------------------------------------------

==============================================================================


      Code (inc. data)   RO Data    RW Data    ZI Data      Debug   

     48384       1934       2464       2344      23544     387995   Grand Totals
     48384       1934       2464        528      23544     387995   ELF Image Totals (compressed)
     48384       1934       2464        528          0          0   ROM Totals

==============================================================================

    Total RO  Size (Code + RO Data)                50848 (  49.66kB)
    Total RW  Size (RW Data + ZI Data)             25888 (  25.28kB)
    Total ROM Size (Code + RO Data + RW Data)      51376 (  50.17kB)

==============================================================================

