Component: Arm Compiler for Embedded 6.24 Tool: armlink [5f371500]

==============================================================================

Section Cross References

    startup_gd32f30x_hd.o(RESET) refers to startup_gd32f30x_hd.o(STACK) for __initial_sp
    startup_gd32f30x_hd.o(RESET) refers to startup_gd32f30x_hd.o(.text) for Reset_Handler
    startup_gd32f30x_hd.o(RESET) refers to gd32f30x_it.o(.text.NMI_Handler) for NMI_Handler
    startup_gd32f30x_hd.o(RESET) refers to gd32f30x_it.o(.text.HardFault_Handler) for HardFault_Handler
    startup_gd32f30x_hd.o(RESET) refers to gd32f30x_it.o(.text.MemManage_Handler) for MemManage_Handler
    startup_gd32f30x_hd.o(RESET) refers to gd32f30x_it.o(.text.BusFault_Handler) for BusFault_Handler
    startup_gd32f30x_hd.o(RESET) refers to gd32f30x_it.o(.text.UsageFault_Handler) for UsageFault_Handler
    startup_gd32f30x_hd.o(RESET) refers to gd32f30x_it.o(.text.SVC_Handler) for SVC_Handler
    startup_gd32f30x_hd.o(RESET) refers to gd32f30x_it.o(.text.DebugMon_Handler) for DebugMon_Handler
    startup_gd32f30x_hd.o(RESET) refers to gd32f30x_it.o(.text.PendSV_Handler) for PendSV_Handler
    startup_gd32f30x_hd.o(RESET) refers to gd32f30x_it.o(.text.SysTick_Handler) for SysTick_Handler
    startup_gd32f30x_hd.o(RESET) refers to wiz_platform.o(.text.TIMER2_IRQHandler) for TIMER2_IRQHandler
    startup_gd32f30x_hd.o(RESET) refers to bsp_usart.o(.text.USART2_IRQHandler) for USART2_IRQHandler
    startup_gd32f30x_hd.o(RESET) refers to bsp_usart.o(.text.UART4_IRQHandler) for UART4_IRQHandler
    startup_gd32f30x_hd.o(RESET) refers to app_timer.o(.text.TIMER6_IRQHandler) for TIMER6_IRQHandler
    startup_gd32f30x_hd.o(.text) refers to system_gd32f30x.o(.text.SystemInit) for SystemInit
    startup_gd32f30x_hd.o(.text) refers to entry.o(.ARM.Collect$$$$00000000) for __main
    system_gd32f30x.o(.ARM.exidx.text.SystemInit) refers to system_gd32f30x.o(.text.SystemInit) for [Anonymous Symbol]
    system_gd32f30x.o(.text.SystemCoreClockUpdate) refers to system_gd32f30x.o(.data.SystemCoreClock) for SystemCoreClock
    system_gd32f30x.o(.ARM.exidx.text.SystemCoreClockUpdate) refers to system_gd32f30x.o(.text.SystemCoreClockUpdate) for [Anonymous Symbol]
    system_gd32f30x.o(.ARM.exidx.text.gd32f30x_firmware_version_get) refers to system_gd32f30x.o(.text.gd32f30x_firmware_version_get) for [Anonymous Symbol]
    gd32f30x_adc.o(.text.adc_deinit) refers to gd32f30x_rcu.o(.text.rcu_periph_reset_enable) for rcu_periph_reset_enable
    gd32f30x_adc.o(.text.adc_deinit) refers to gd32f30x_rcu.o(.text.rcu_periph_reset_disable) for rcu_periph_reset_disable
    gd32f30x_adc.o(.ARM.exidx.text.adc_deinit) refers to gd32f30x_adc.o(.text.adc_deinit) for [Anonymous Symbol]
    gd32f30x_adc.o(.ARM.exidx.text.adc_enable) refers to gd32f30x_adc.o(.text.adc_enable) for [Anonymous Symbol]
    gd32f30x_adc.o(.ARM.exidx.text.adc_disable) refers to gd32f30x_adc.o(.text.adc_disable) for [Anonymous Symbol]
    gd32f30x_adc.o(.ARM.exidx.text.adc_calibration_enable) refers to gd32f30x_adc.o(.text.adc_calibration_enable) for [Anonymous Symbol]
    gd32f30x_adc.o(.ARM.exidx.text.adc_dma_mode_enable) refers to gd32f30x_adc.o(.text.adc_dma_mode_enable) for [Anonymous Symbol]
    gd32f30x_adc.o(.ARM.exidx.text.adc_dma_mode_disable) refers to gd32f30x_adc.o(.text.adc_dma_mode_disable) for [Anonymous Symbol]
    gd32f30x_adc.o(.ARM.exidx.text.adc_tempsensor_vrefint_enable) refers to gd32f30x_adc.o(.text.adc_tempsensor_vrefint_enable) for [Anonymous Symbol]
    gd32f30x_adc.o(.ARM.exidx.text.adc_tempsensor_vrefint_disable) refers to gd32f30x_adc.o(.text.adc_tempsensor_vrefint_disable) for [Anonymous Symbol]
    gd32f30x_adc.o(.ARM.exidx.text.adc_resolution_config) refers to gd32f30x_adc.o(.text.adc_resolution_config) for [Anonymous Symbol]
    gd32f30x_adc.o(.ARM.exidx.text.adc_discontinuous_mode_config) refers to gd32f30x_adc.o(.text.adc_discontinuous_mode_config) for [Anonymous Symbol]
    gd32f30x_adc.o(.ARM.exidx.text.adc_mode_config) refers to gd32f30x_adc.o(.text.adc_mode_config) for [Anonymous Symbol]
    gd32f30x_adc.o(.ARM.exidx.text.adc_special_function_config) refers to gd32f30x_adc.o(.text.adc_special_function_config) for [Anonymous Symbol]
    gd32f30x_adc.o(.ARM.exidx.text.adc_data_alignment_config) refers to gd32f30x_adc.o(.text.adc_data_alignment_config) for [Anonymous Symbol]
    gd32f30x_adc.o(.ARM.exidx.text.adc_channel_length_config) refers to gd32f30x_adc.o(.text.adc_channel_length_config) for [Anonymous Symbol]
    gd32f30x_adc.o(.ARM.exidx.text.adc_regular_channel_config) refers to gd32f30x_adc.o(.text.adc_regular_channel_config) for [Anonymous Symbol]
    gd32f30x_adc.o(.ARM.exidx.text.adc_inserted_channel_config) refers to gd32f30x_adc.o(.text.adc_inserted_channel_config) for [Anonymous Symbol]
    gd32f30x_adc.o(.ARM.exidx.text.adc_inserted_channel_offset_config) refers to gd32f30x_adc.o(.text.adc_inserted_channel_offset_config) for [Anonymous Symbol]
[...]
    TIMER0_BRK_IRQHandler                    0x0800015f   Thumb Code     0  startup_gd32f30x_hd.o(.text)
    TIMER0_Channel_IRQHandler                0x0800015f   Thumb Code     0  startup_gd32f30x_hd.o(.text)
    TIMER0_TRG_CMT_IRQHandler                0x0800015f   Thumb Code     0  startup_gd32f30x_hd.o(.text)
    TIMER0_UP_IRQHandler                     0x0800015f   Thumb Code     0  startup_gd32f30x_hd.o(.text)
    TIMER1_IRQHandler                        0x0800015f   Thumb Code     0  startup_gd32f30x_hd.o(.text)
    TIMER3_IRQHandler                        0x0800015f   Thumb Code     0  startup_gd32f30x_hd.o(.text)
    TIMER4_IRQHandler                        0x0800015f   Thumb Code     0  startup_gd32f30x_hd.o(.text)
    TIMER5_IRQHandler                        0x0800015f   Thumb Code     0  startup_gd32f30x_hd.o(.text)
    TIMER7_BRK_IRQHandler                    0x0800015f   Thumb Code     0  startup_gd32f30x_hd.o(.text)
    TIMER7_Channel_IRQHandler                0x0800015f   Thumb Code     0  startup_gd32f30x_hd.o(.text)
    TIMER7_TRG_CMT_IRQHandler                0x0800015f   Thumb Code     0  startup_gd32f30x_hd.o(.text)
    TIMER7_UP_IRQHandler                     0x0800015f   Thumb Code     0  startup_gd32f30x_hd.o(.text)
    UART3_IRQHandler                         0x0800015f   Thumb Code     0  startup_gd32f30x_hd.o(.text)
    USART0_IRQHandler                        0x0800015f   Thumb Code     0  startup_gd32f30x_hd.o(.text)
    USART1_IRQHandler                        0x0800015f   Thumb Code     0  startup_gd32f30x_hd.o(.text)
    USBD_HP_CAN0_TX_IRQHandler               0x0800015f   Thumb Code     0  startup_gd32f30x_hd.o(.text)
    USBD_LP_CAN0_RX0_IRQHandler              0x0800015f   Thumb Code     0  startup_gd32f30x_hd.o(.text)
    USBD_WKUP_IRQHandler                     0x0800015f   Thumb Code     0  startup_gd32f30x_hd.o(.text)
    WWDGT_IRQHandler                         0x0800015f   Thumb Code     0  startup_gd32f30x_hd.o(.text)
    __rt_ctype_table                         0x08000169   Thumb Code     4  ctype_o.o(.text)
    isspace                                  0x08000171   Thumb Code    18  isspace_o.o(.text)
    tolower                                  0x08000183   Thumb Code    12  tolower.o(.text)
    __aeabi_memcpy                           0x0800018f   Thumb Code    36  memcpya.o(.text)
    __aeabi_memcpy4                          0x0800018f   Thumb Code     0  memcpya.o(.text)
    __aeabi_memcpy8                          0x0800018f   Thumb Code     0  memcpya.o(.text)
    __aeabi_memset                           0x080001b3   Thumb Code    14  memseta.o(.text)
    __aeabi_memset4                          0x080001b3   Thumb Code     0  memseta.o(.text)
    __aeabi_memset8                          0x080001b3   Thumb Code     0  memseta.o(.text)
    __aeabi_memclr                           0x080001c1   Thumb Code     4  memseta.o(.text)
    __aeabi_memclr4                          0x080001c1   Thumb Code     0  memseta.o(.text)
    __aeabi_memclr8                          0x080001c1   Thumb Code     0  memseta.o(.text)
    _memset$wrapper                          0x080001c5   Thumb Code    18  memseta.o(.text)
    strncpy                                  0x080001d7   Thumb Code    24  strncpy.o(.text)
    strchr                                   0x080001ef   Thumb Code    20  strchr.o(.text)
    strlen                                   0x08000203   Thumb Code    14  strlen.o(.text)
    strcmp                                   0x08000211   Thumb Code    28  strcmp.o(.text)
    memcmp                                   0x0800022d   Thumb Code    26  memcmp.o(.text)
    strcpy                                   0x08000247   Thumb Code    18  strcpy.o(.text)
    strncmp                                  0x08000259   Thumb Code    30  strncmp.o(.text)
    __0sscanf                                0x08000279   Thumb Code    48  __0sscanf.o(.text)
    _scanf_int                               0x080002b1   Thumb Code   332  _scanf_int.o(.text)
    _scanf_real                              0x08000525   Thumb Code     0  scanf_fp.o(.text)
    _scanf_really_real                       0x08000525   Thumb Code   556  scanf_fp.o(.text)
    __aeabi_dadd                             0x0800075d   Thumb Code   322  dadd.o(.text)
    __aeabi_dsub                             0x0800089f   Thumb Code     6  dadd.o(.text)
    __aeabi_drsub                            0x080008a5   Thumb Code     6  dadd.o(.text)
    __aeabi_dmul                             0x080008ab   Thumb Code   228  dmul.o(.text)
    __aeabi_dcmple                           0x0800098f   Thumb Code    54  dcmple.o(.text)
    __aeabi_dcmpge                           0x080009c5   Thumb Code    54  dcmpge.o(.text)
    __aeabi_d2iz                             0x080009fb   Thumb Code    62  dfixi.o(.text)
    __aeabi_uidiv                            0x08000a39   Thumb Code     0  uidiv.o(.text)
    __aeabi_uidivmod                         0x08000a39   Thumb Code    44  uidiv.o(.text)
    __aeabi_uldivmod                         0x08000a65   Thumb Code    98  uldiv.o(.text)
    __aeabi_llsl                             0x08000ac7   Thumb Code    30  llshl.o(.text)
    _ll_shift_l                              0x08000ac7   Thumb Code     0  llshl.o(.text)
    __aeabi_llsr                             0x08000ae5   Thumb Code    32  llushr.o(.text)
    _ll_ushift_r                             0x08000ae5   Thumb Code     0  llushr.o(.text)
    __aeabi_lasr                             0x08000b05   Thumb Code    36  llsshr.o(.text)
    _ll_sshift_r                             0x08000b05   Thumb Code     0  llsshr.o(.text)
    _chval                                   0x08000b29   Thumb Code    28  _chval.o(.text)
    __vfscanf_char                           0x08000b51   Thumb Code    20  scanf_char.o(.text)
    _sgetc                                   0x08000b6d   Thumb Code    30  _sgetc.o(.text)
    _sbackspace                              0x08000b8b   Thumb Code    34  _sgetc.o(.text)
    __strtod_int                             0x08000beb   Thumb Code    94  strtod.o(.text)
    __I$use$fp                               0x08000c55   Thumb Code     0  iusefp.o(.text)
    _double_round                            0x08000c55   Thumb Code    30  depilogue.o(.text)
    _double_epilogue                         0x08000c73   Thumb Code   156  depilogue.o(.text)
    __aeabi_ddiv                             0x08000d0f   Thumb Code   222  ddiv.o(.text)
    __aeabi_ul2d                             0x08000ded   Thumb Code    24  dfltul.o(.text)
    __aeabi_d2ulz                            0x08000e05   Thumb Code    48  dfixul.o(.text)
    __aeabi_cdrcmple                         0x08000e35   Thumb Code    48  cdrcmple.o(.text)
    __aeabi_d2f                              0x08000e65   Thumb Code    56  d2f.o(.text)
    __scatterload                            0x08000e9d   Thumb Code    38  init.o(.text)
    __scatterload_rt2                        0x08000e9d   Thumb Code     0  init.o(.text)
    __vfscanf                                0x08000ecd   Thumb Code   808  _scanf.o(.text)
    _float_round                             0x080011f9   Thumb Code    18  fepilogue.o(.text)
    _float_epilogue                          0x0800120b   Thumb Code    92  fepilogue.o(.text)
    __decompress                             0x08001267   Thumb Code     0  __dczerorl2.o(.text)
    __decompress1                            0x08001267   Thumb Code    86  __dczerorl2.o(.text)
    BusFault_Handler                         0x080012bd   Thumb Code     2  gd32f30x_it.o(.text.BusFault_Handler)
    ConnectNetwork                           0x080012c1   Thumb Code    56  mqtt_interface.o(.text.ConnectNetwork)
    DHCP_init                                0x080012f9   Thumb Code   208  dhcp.o(.text.DHCP_init)
    DHCP_run                                 0x080013c9   Thumb Code   680  dhcp.o(.text.DHCP_run)
    DHCP_stop                                0x08001671   Thumb Code    30  dhcp.o(.text.DHCP_stop)
    DHCP_time_handler                        0x08001691   Thumb Code    16  dhcp.o(.text.DHCP_time_handler)
    DNS_init                                 0x080016a1   Thumb Code    36  dns.o(.text.DNS_init)
    DNS_run                                  0x080016c5   Thumb Code   250  dns.o(.text.DNS_run)
    DNS_time_handler                         0x080017c1   Thumb Code    16  dns.o(.text.DNS_time_handler)
    DebugMon_Handler                         0x080017d1   Thumb Code     2  gd32f30x_it.o(.text.DebugMon_Handler)
    HardFault_Handler                        0x080017d5   Thumb Code     2  gd32f30x_it.o(.text.HardFault_Handler)
    MQTTClientInit                           0x080017d9   Thumb Code    70  MQTTClient.o(.text.MQTTClientInit)
    MQTTConnect                              0x08001821   Thumb Code   192  MQTTClient.o(.text.MQTTConnect)
    MQTTDeserialize_ack                      0x080018e1   Thumb Code    62  MQTTDeserializePublish.o(.text.MQTTDeserialize_ack)
    MQTTDeserialize_connack                  0x08001921   Thumb Code    76  MQTTConnectClient.o(.text.MQTTDeserialize_connack)
    MQTTDeserialize_publish                  0x0800196d   Thumb Code   134  MQTTDeserializePublish.o(.text.MQTTDeserialize_publish)
    MQTTDeserialize_suback                   0x080019f5   Thumb Code   134  MQTTSubscribeClient.o(.text.MQTTDeserialize_suback)
    MQTTPacket_decodeBuf                     0x08001a7d   Thumb Code    72  MQTTPacket.o(.text.MQTTPacket_decodeBuf)
    MQTTPacket_encode                        0x08001ac5   Thumb Code    54  MQTTPacket.o(.text.MQTTPacket_encode)
    MQTTPacket_equals                        0x08001afd   Thumb Code    54  MQTTPacket.o(.text.MQTTPacket_equals)
    MQTTPacket_len                           0x08001b35   Thumb Code    44  MQTTPacket.o(.text.MQTTPacket_len)
    MQTTPublish                              0x08001b61   Thumb Code   250  MQTTClient.o(.text.MQTTPublish)
    MQTTSerialize_ack                        0x08001c5d   Thumb Code    80  MQTTSerializePublish.o(.text.MQTTSerialize_ack)
    MQTTSerialize_connect                    0x08001cad   Thumb Code   284  MQTTConnectClient.o(.text.MQTTSerialize_connect)
    MQTTSerialize_connectLength              0x08001dd9   Thumb Code   114  MQTTConnectClient.o(.text.MQTTSerialize_connectLength)
    MQTTSerialize_pingreq                    0x08001e4d   Thumb Code    48  MQTTConnectClient.o(.text.MQTTSerialize_pingreq)
    MQTTSerialize_publish                    0x08001e7d   Thumb Code   162  MQTTSerializePublish.o(.text.MQTTSerialize_publish)
    MQTTSerialize_subscribe                  0x08001f21   Thumb Code   182  MQTTSubscribeClient.o(.text.MQTTSerialize_subscribe)
    MQTTSubscribe                            0x08001fd9   Thumb Code   248  MQTTClient.o(.text.MQTTSubscribe)
    MQTTYield                                0x080020d1   Thumb Code    42  MQTTClient.o(.text.MQTTYield)
    MQTTstrlen                               0x080020fd   Thumb Code    12  MQTTPacket.o(.text.MQTTstrlen)
    MemManage_Handler                        0x08002109   Thumb Code     2  gd32f30x_it.o(.text.MemManage_Handler)
    MilliTimer_Handler                       0x0800210d   Thumb Code    16  mqtt_interface.o(.text.MilliTimer_Handler)
    NMI_Handler                              0x0800211d   Thumb Code     2  gd32f30x_it.o(.text.NMI_Handler)
    NewNetwork                               0x08002121   Thumb Code    30  mqtt_interface.o(.text.NewNetwork)
    PendSV_Handler                           0x08002141   Thumb Code     2  gd32f30x_it.o(.text.PendSV_Handler)
    SEGGER_RTT_PutChar                       0x08002145   Thumb Code   204  SEGGER_RTT.o(.text.SEGGER_RTT_PutChar)
    SVC_Handler                              0x08002211   Thumb Code     2  gd32f30x_it.o(.text.SVC_Handler)
    SysTick_Handler                          0x08002215   Thumb Code     4  gd32f30x_it.o(.text.SysTick_Handler)
    SystemInit                               0x08002219   Thumb Code   620  system_gd32f30x.o(.text.SystemInit)
    TIMER2_IRQHandler                        0x08002485   Thumb Code    72  wiz_platform.o(.text.TIMER2_IRQHandler)
    TIMER6_IRQHandler                        0x080024cd   Thumb Code   112  app_timer.o(.text.TIMER6_IRQHandler)
    TimerCountdown                           0x0800253d   Thumb Code    22  mqtt_interface.o(.text.TimerCountdown)
    TimerCountdownMS                         0x08002555   Thumb Code    16  mqtt_interface.o(.text.TimerCountdownMS)
    TimerInit                                0x08002565   Thumb Code     6  mqtt_interface.o(.text.TimerInit)
    TimerIsExpired                           0x0800256d   Thumb Code    18  mqtt_interface.o(.text.TimerIsExpired)
    TimerLeftMS                              0x08002581   Thumb Code    20  mqtt_interface.o(.text.TimerLeftMS)
    UART4_IRQHandler                         0x08002595   Thumb Code   148  bsp_usart.o(.text.UART4_IRQHandler)
    USART2_IRQHandler                        0x08002629   Thumb Code   220  bsp_usart.o(.text.USART2_IRQHandler)
    UsageFault_Handler                       0x08002705   Thumb Code     2  gd32f30x_it.o(.text.UsageFault_Handler)
    WIZCHIP_READ                             0x08002709   Thumb Code    98  w5500.o(.text.WIZCHIP_READ)
    WIZCHIP_READ_BUF                         0x0800276d   Thumb Code   120  w5500.o(.text.WIZCHIP_READ_BUF)
    WIZCHIP_WRITE                            0x080027e5   Thumb Code   100  w5500.o(.text.WIZCHIP_WRITE)
    WIZCHIP_WRITE_BUF                        0x08002849   Thumb Code   126  w5500.o(.text.WIZCHIP_WRITE_BUF)
    app_eventbus_init                        0x080028c9   Thumb Code    44  app_eventbus.o(.text.app_eventbus_init)
    app_eventbus_poll                        0x080028f5   Thumb Code   134  app_eventbus.o(.text.app_eventbus_poll)
    app_eventbus_publish                     0x0800297d   Thumb Code    76  app_eventbus.o(.text.app_eventbus_publish)
    app_eventbus_subscribe                   0x080029c9   Thumb Code    34  app_eventbus.o(.text.app_eventbus_subscribe)
    app_flash_read_word                      0x080029ed   Thumb Code    56  bsp_flash.o(.text.app_flash_read_word)
    app_flash_write_word                     0x08002a25   Thumb Code   212  bsp_flash.o(.text.app_flash_write_word)
    app_mqtt_init                            0x08002af9   Thumb Code   284  app_mqtt_model.o(.text.app_mqtt_init)
    app_mqtt_model_init                      0x08002c8d   Thumb Code   118  app_mqtt_model.o(.text.app_mqtt_model_init)
    app_panel_frame_crc                      0x08002d11   Thumb Code    28  app_base.o(.text.app_panel_frame_crc)
    app_panel_frame_sum                      0x08002d2d   Thumb Code    28  app_base.o(.text.app_panel_frame_sum)
    app_protocol_init                        0x08002ec5   Thumb Code    48  app_protocol.o(.text.app_protocol_init)
    app_public_cfg_init                      0x08002ef5   Thumb Code   284  app_public_config.o(.text.app_public_cfg_init)
    app_public_get_bind                      0x08003531   Thumb Code    18  app_public_config.o(.text.app_public_get_bind)
    app_public_get_cfg                       0x08003545   Thumb Code    16  app_public_config.o(.text.app_public_get_cfg)
    app_public_get_panel_count               0x08003555   Thumb Code    12  app_public_config.o(.text.app_public_get_panel_count)
    app_public_protocol_init                 0x08003561   Thumb Code    38  app_public_protocol.o(.text.app_public_protocol_init)
    app_set_bind_cfg                         0x08003589   Thumb Code   184  app_public_config.o(.text.app_set_bind_cfg)
    app_set_panel_cfg                        0x080037ed   Thumb Code   180  app_public_config.o(.text.app_set_panel_cfg)
    app_string_to_bytes                      0x08003925   Thumb Code   136  app_base.o(.text.app_string_to_bytes)
    app_timer_init                           0x080039f1   Thumb Code   116  app_timer.o(.text.app_timer_init)
    app_timer_poll                           0x08003a75   Thumb Code    70  app_timer.o(.text.app_timer_poll)
    app_timer_start                          0x08003abd   Thumb Code   264  app_timer.o(.text.app_timer_start)
    bsp_usart2_init                          0x08003bc5   Thumb Code   100  bsp_pcb.o(.text.bsp_usart2_init)
    bsp_usart2_rx_callback                   0x08003c29   Thumb Code    12  bsp_usart.o(.text.bsp_usart2_rx_callback)
    bsp_usart4_init                          0x08003c35   Thumb Code    78  bsp_pcb.o(.text.bsp_usart4_init)
    bsp_usart_init                           0x08003c85   Thumb Code   510  bsp_usart.o(.text.bsp_usart_init)
    bsp_usart_tx_buf                         0x08003e85   Thumb Code   242  bsp_usart.o(.text.bsp_usart_tx_buf)
    cJSON_Delete                             0x08003fad   Thumb Code    86  cJSON.o(.text.cJSON_Delete)
    cJSON_GetObjectItem                      0x08004005   Thumb Code     6  cJSON.o(.text.cJSON_GetObjectItem)
    cJSON_Parse                              0x0800400d   Thumb Code    32  cJSON.o(.text.cJSON_Parse)
    cJSON_ParseWithLengthOpts                0x0800402d   Thumb Code   344  cJSON.o(.text.cJSON_ParseWithLengthOpts)
    check_DHCP_timeout                       0x08004189   Thumb Code   164  dhcp.o(.text.check_DHCP_timeout)
    close                                    0x0800422d   Thumb Code   136  socket.o(.text.close)
    connect                                  0x080042b5   Thumb Code   228  socket.o(.text.connect)
    ctlwizchip                               0x08004399   Thumb Code   512  wizchip_conf.o(.text.ctlwizchip)
    cycle                                    0x08004599   Thumb Code   476  MQTTClient.o(.text.cycle)
    default_ip_assign                        0x08004781   Thumb Code    60  dhcp.o(.text.default_ip_assign)
    default_ip_conflict                      0x080047bd   Thumb Code    38  dhcp.o(.text.default_ip_conflict)
    default_ip_update                        0x080047e5   Thumb Code    92  dhcp.o(.text.default_ip_update)
    delay_1ms                                0x08004841   Thumb Code    20  systick.o(.text.delay_1ms)
    delay_decrement                          0x08004855   Thumb Code    24  systick.o(.text.delay_decrement)
    deliverMessage                           0x0800486d   Thumb Code   224  MQTTClient.o(.text.deliverMessage)
    dev_manmager_init                        0x0800494d   Thumb Code     4  dev_manager.o(.text.dev_manmager_init)
    disconnect                               0x08004951   Thumb Code   144  socket.o(.text.disconnect)
    dma_channel_disable                      0x080049e1   Thumb Code    36  gd32f30x_dma.o(.text.dma_channel_disable)
    dma_channel_enable                       0x08004a05   Thumb Code    36  gd32f30x_dma.o(.text.dma_channel_enable)
    dma_circulation_disable                  0x08004a29   Thumb Code    36  gd32f30x_dma.o(.text.dma_circulation_disable)
    dma_deinit                               0x08004a4d   Thumb Code    60  gd32f30x_dma.o(.text.dma_deinit)
    dma_init                                 0x08004a89   Thumb Code   116  gd32f30x_dma.o(.text.dma_init)
    dma_interrupt_flag_clear                 0x08004afd   Thumb Code    14  gd32f30x_dma.o(.text.dma_interrupt_flag_clear)
    dma_memory_address_config                0x08004b0d   Thumb Code    30  gd32f30x_dma.o(.text.dma_memory_address_config)
    dma_memory_to_memory_disable             0x08004b2d   Thumb Code    36  gd32f30x_dma.o(.text.dma_memory_to_memory_disable)
    dma_struct_para_init                     0x08004b51   Thumb Code    26  gd32f30x_dma.o(.text.dma_struct_para_init)
    dma_transfer_number_config               0x08004b6d   Thumb Code    32  gd32f30x_dma.o(.text.dma_transfer_number_config)
    dma_transfer_number_get                  0x08004b8d   Thumb Code    30  gd32f30x_dma.o(.text.dma_transfer_number_get)
    dns_answer                               0x08004bad   Thumb Code   962  dns.o(.text.dns_answer)
    dns_makequery                            0x08004f71   Thumb Code   198  dns.o(.text.dns_makequery)
    do_dns                                   0x08005039   Thumb Code   132  do_dns.o(.text.do_dns)
    fmc_flag_clear                           0x080050f1   Thumb Code    30  gd32f30x_fmc.o(.text.fmc_flag_clear)
    fmc_lock                                 0x08005111   Thumb Code    44  gd32f30x_fmc.o(.text.fmc_lock)
    fmc_page_erase                           0x0800513d   Thumb Code   474  gd32f30x_fmc.o(.text.fmc_page_erase)
    fmc_unlock                               0x08005319   Thumb Code    80  gd32f30x_fmc.o(.text.fmc_unlock)
    fmc_word_program                         0x08005369   Thumb Code   424  gd32f30x_fmc.o(.text.fmc_word_program)
    fputc                                    0x08005511   Thumb Code    16  bsp_usart.o(.text.fputc)
    gd32f30x_firmware_version_get            0x08005521   Thumb Code     6  system_gd32f30x.o(.text.gd32f30x_firmware_version_get)
    getDNSfromDHCP                           0x08005529   Thumb Code    26  dhcp.o(.text.getDNSfromDHCP)
    getGWfromDHCP                            0x08005545   Thumb Code    26  dhcp.o(.text.getGWfromDHCP)
    getIPfromDHCP                            0x08005561   Thumb Code    26  dhcp.o(.text.getIPfromDHCP)
    getSNfromDHCP                            0x0800557d   Thumb Code    26  dhcp.o(.text.getSNfromDHCP)
    getSn_RX_RSR                             0x08005599   Thumb Code   458  w5500.o(.text.getSn_RX_RSR)
    getSn_TX_FSR                             0x08005765   Thumb Code   458  w5500.o(.text.getSn_TX_FSR)
    gpio_bit_reset                           0x08005a05   Thumb Code     4  gd32f30x_gpio.o(.text.gpio_bit_reset)
    gpio_bit_set                             0x08005a09   Thumb Code     4  gd32f30x_gpio.o(.text.gpio_bit_set)
    gpio_init                                0x08005a0d   Thumb Code   182  gd32f30x_gpio.o(.text.gpio_init)
    gpio_pin_remap_config                    0x08005ac5   Thumb Code   128  gd32f30x_gpio.o(.text.gpio_pin_remap_config)
    keepalive                                0x08005c31   Thumb Code    92  MQTTClient.o(.text.keepalive)
    main                                     0x08005ca5   Thumb Code   108  main.o(.text.main)
    makeDHCPMSG                              0x08005d51   Thumb Code   208  dhcp.o(.text.makeDHCPMSG)
    network_init                             0x08005e99   Thumb Code   164  wiz_interface.o(.text.network_init)
    nvic_irq_enable                          0x08005f69   Thumb Code   162  gd32f30x_misc.o(.text.nvic_irq_enable)
    parseDHCPMSG                             0x0800600d   Thumb Code   518  dhcp.o(.text.parseDHCPMSG)
    parseDNSMSG                              0x08006215   Thumb Code   380  dns.o(.text.parseDNSMSG)
    print_network_information                0x08006b79   Thumb Code   220  wiz_interface.o(.text.print_network_information)
    rcu_clock_freq_get                       0x08006cd5   Thumb Code   192  gd32f30x_rcu.o(.text.rcu_clock_freq_get)
    rcu_periph_clock_enable                  0x08006da5   Thumb Code    30  gd32f30x_rcu.o(.text.rcu_periph_clock_enable)
    rcu_periph_reset_disable                 0x08006dc5   Thumb Code    32  gd32f30x_rcu.o(.text.rcu_periph_reset_disable)
    rcu_periph_reset_enable                  0x08006de5   Thumb Code    30  gd32f30x_rcu.o(.text.rcu_periph_reset_enable)
    readChar                                 0x08006e05   Thumb Code    12  MQTTPacket.o(.text.readChar)
    readInt                                  0x08006e11   Thumb Code    14  MQTTPacket.o(.text.readInt)
    readMQTTLenString                        0x08006e21   Thumb Code    68  MQTTPacket.o(.text.readMQTTLenString)
    recv                                     0x08006e65   Thumb Code   230  socket.o(.text.recv)
    recvfrom                                 0x08006f4d   Thumb Code   486  socket.o(.text.recvfrom)
    reg_wizchip_cs_cbfunc                    0x08007135   Thumb Code    56  wizchip_conf.o(.text.reg_wizchip_cs_cbfunc)
    reg_wizchip_spi_cbfunc                   0x0800716d   Thumb Code    66  wizchip_conf.o(.text.reg_wizchip_spi_cbfunc)
    reg_wizchip_spiburst_cbfunc              0x080071b1   Thumb Code    66  wizchip_conf.o(.text.reg_wizchip_spiburst_cbfunc)
    send                                     0x080071f5   Thumb Code   290  socket.o(.text.send)
    send_DHCP_DECLINE                        0x08007399   Thumb Code   200  dhcp.o(.text.send_DHCP_DECLINE)
    send_DHCP_DISCOVER                       0x08007461   Thumb Code   552  dhcp.o(.text.send_DHCP_DISCOVER)
    send_DHCP_REQUEST                        0x08007689   Thumb Code   682  dhcp.o(.text.send_DHCP_REQUEST)
    sendto                                   0x08007935   Thumb Code   340  socket.o(.text.sendto)
    socket                                   0x08007a89   Thumb Code   306  socket.o(.text.socket)
    spi_enable                               0x08007bbd   Thumb Code    10  gd32f30x_spi.o(.text.spi_enable)
    spi_i2s_flag_get                         0x08007bc9   Thumb Code    10  gd32f30x_spi.o(.text.spi_i2s_flag_get)
    spi_init                                 0x08007bd5   Thumb Code    52  gd32f30x_spi.o(.text.spi_init)
    spi_struct_para_init                     0x08007c09   Thumb Code    18  gd32f30x_spi.o(.text.spi_struct_para_init)
    systick_config                           0x08007c1d   Thumb Code    74  systick.o(.text.systick_config)
    timer_auto_reload_shadow_enable          0x08007c69   Thumb Code    10  gd32f30x_timer.o(.text.timer_auto_reload_shadow_enable)
    timer_deinit                             0x08007c75   Thumb Code   194  gd32f30x_timer.o(.text.timer_deinit)
    timer_enable                             0x08007eb5   Thumb Code    10  gd32f30x_timer.o(.text.timer_enable)
    timer_init                               0x08007ec1   Thumb Code   184  gd32f30x_timer.o(.text.timer_init)
    timer_interrupt_enable                   0x08007f79   Thumb Code     8  gd32f30x_timer.o(.text.timer_interrupt_enable)
    timer_interrupt_flag_clear               0x08007f81   Thumb Code     6  gd32f30x_timer.o(.text.timer_interrupt_flag_clear)
    timer_interrupt_flag_get                 0x08007f89   Thumb Code    22  gd32f30x_timer.o(.text.timer_interrupt_flag_get)
    usart_baudrate_set                       0x08007fa1   Thumb Code   106  gd32f30x_usart.o(.text.usart_baudrate_set)
    usart_data_receive                       0x0800800d   Thumb Code     8  gd32f30x_usart.o(.text.usart_data_receive)
    usart_data_transmit                      0x08008015   Thumb Code     8  gd32f30x_usart.o(.text.usart_data_transmit)
    usart_deinit                             0x0800801d   Thumb Code   122  gd32f30x_usart.o(.text.usart_deinit)
    usart_dma_receive_config                 0x08008099   Thumb Code    20  gd32f30x_usart.o(.text.usart_dma_receive_config)
    usart_dma_transmit_config                0x080080ad   Thumb Code    20  gd32f30x_usart.o(.text.usart_dma_transmit_config)
    usart_enable                             0x080080c1   Thumb Code    10  gd32f30x_usart.o(.text.usart_enable)
    usart_flag_clear                         0x080080cd   Thumb Code    18  gd32f30x_usart.o(.text.usart_flag_clear)
    usart_flag_get                           0x080080e1   Thumb Code    16  gd32f30x_usart.o(.text.usart_flag_get)
    usart_hardware_flow_cts_config           0x080080f1   Thumb Code    20  gd32f30x_usart.o(.text.usart_hardware_flow_cts_config)
    usart_hardware_flow_rts_config           0x08008105   Thumb Code    20  gd32f30x_usart.o(.text.usart_hardware_flow_rts_config)
    usart_interrupt_disable                  0x08008119   Thumb Code    24  gd32f30x_usart.o(.text.usart_interrupt_disable)
    usart_interrupt_enable                   0x08008131   Thumb Code    22  gd32f30x_usart.o(.text.usart_interrupt_enable)
    usart_interrupt_flag_get                 0x08008149   Thumb Code    40  gd32f30x_usart.o(.text.usart_interrupt_flag_get)
    usart_parity_config                      0x08008171   Thumb Code    16  gd32f30x_usart.o(.text.usart_parity_config)
    usart_receive_config                     0x08008181   Thumb Code    20  gd32f30x_usart.o(.text.usart_receive_config)
    usart_stop_bit_set                       0x08008195   Thumb Code    16  gd32f30x_usart.o(.text.usart_stop_bit_set)
    usart_transmit_config                    0x080081a5   Thumb Code    20  gd32f30x_usart.o(.text.usart_transmit_config)
    usart_word_length_set                    0x080081b9   Thumb Code    16  gd32f30x_usart.o(.text.usart_word_length_set)
    w5x00_disconnect                         0x080081c9   Thumb Code     6  mqtt_interface.o(.text.w5x00_disconnect)
    w5x00_read                               0x080081d1   Thumb Code    52  mqtt_interface.o(.text.w5x00_read)
    w5x00_write                              0x08008205   Thumb Code    44  mqtt_interface.o(.text.w5x00_write)
    wiz_phy_link_check                       0x08008231   Thumb Code   144  wiz_interface.o(.text.wiz_phy_link_check)
    wiz_recv_data                            0x080082dd   Thumb Code   482  w5500.o(.text.wiz_recv_data)
    wiz_recv_ignore                          0x080084c1   Thumb Code   366  w5500.o(.text.wiz_recv_ignore)
    wiz_rst_int_init                         0x08008631   Thumb Code   132  wiz_platform.o(.text.wiz_rst_int_init)
    wiz_send_data                            0x080086b5   Thumb Code   482  w5500.o(.text.wiz_send_data)
    wiz_spi_init                             0x08008899   Thumb Code    84  wiz_platform.o(.text.wiz_spi_init)
    wiz_timer_init                           0x080088ed   Thumb Code    94  wiz_platform.o(.text.wiz_timer_init)
    wizchip_bus_readdata                     0x0800894d   Thumb Code     4  wizchip_conf.o(.text.wizchip_bus_readdata)
    wizchip_bus_writedata                    0x08008951   Thumb Code     4  wizchip_conf.o(.text.wizchip_bus_writedata)
    wizchip_cris_enter                       0x08008955   Thumb Code     2  wizchip_conf.o(.text.wizchip_cris_enter)
    wizchip_cris_exit                        0x08008959   Thumb Code     2  wizchip_conf.o(.text.wizchip_cris_exit)
    wizchip_cs_deselect                      0x0800895d   Thumb Code     2  wizchip_conf.o(.text.wizchip_cs_deselect)
    wizchip_cs_select                        0x08008961   Thumb Code     2  wizchip_conf.o(.text.wizchip_cs_select)
    wizchip_deselect                         0x08008965   Thumb Code    16  wiz_platform.o(.text.wizchip_deselect)
    wizchip_getnetinfo                       0x08008975   Thumb Code   118  wizchip_conf.o(.text.wizchip_getnetinfo)
    wizchip_init                             0x080089ed   Thumb Code   130  wizchip_conf.o(.text.wizchip_init)
    wizchip_initialize                       0x08008a71   Thumb Code    96  wiz_interface.o(.text.wizchip_initialize)
    wizchip_read_buff                        0x08008ad1   Thumb Code    72  wiz_platform.o(.text.wizchip_read_buff)
    wizchip_read_byte                        0x08008b19   Thumb Code    46  wiz_platform.o(.text.wizchip_read_byte)
    wizchip_reset                            0x08008b49   Thumb Code    62  wiz_platform.o(.text.wizchip_reset)
    wizchip_select                           0x08008b89   Thumb Code    16  wiz_platform.o(.text.wizchip_select)
    wizchip_setnetinfo                       0x08008b99   Thumb Code   120  wizchip_conf.o(.text.wizchip_setnetinfo)
    wizchip_spi_cb_reg                       0x08008c11   Thumb Code    66  wiz_platform.o(.text.wizchip_spi_cb_reg)
    wizchip_spi_readburst                    0x08008c55   Thumb Code     2  wizchip_conf.o(.text.wizchip_spi_readburst)
    wizchip_spi_readbyte                     0x08008c59   Thumb Code     4  wizchip_conf.o(.text.wizchip_spi_readbyte)
    wizchip_spi_writeburst                   0x08008c5d   Thumb Code     2  wizchip_conf.o(.text.wizchip_spi_writeburst)
    wizchip_spi_writebyte                    0x08008c61   Thumb Code     2  wizchip_conf.o(.text.wizchip_spi_writebyte)
    wizchip_sw_reset                         0x08008c65   Thumb Code   128  wizchip_conf.o(.text.wizchip_sw_reset)
    wizchip_write_buff                       0x08008ce5   Thumb Code    70  wiz_platform.o(.text.wizchip_write_buff)
    wizchip_write_byte                       0x08008d2d   Thumb Code    44  wiz_platform.o(.text.wizchip_write_byte)
    wizphy_setphyconf                        0x08008d59   Thumb Code   110  wizchip_conf.o(.text.wizphy_setphyconf)
    wizphy_setphypmode                       0x08008dc9   Thumb Code   118  wizchip_conf.o(.text.wizphy_setphypmode)
    writeCString                             0x08008e41   Thumb Code    56  MQTTPacket.o(.text.writeCString)
    writeChar                                0x08008e79   Thumb Code    12  MQTTPacket.o(.text.writeChar)
    writeInt                                 0x08008e85   Thumb Code    28  MQTTPacket.o(.text.writeInt)
    writeMQTTString                          0x08008ea1   Thumb Code   102  MQTTPacket.o(.text.writeMQTTString)
    __0printf                                0x08008f09   Thumb Code    22  printfa.o(i.__0printf)
    __1printf                                0x08008f09   Thumb Code     0  printfa.o(i.__0printf)
    __2printf                                0x08008f09   Thumb Code     0  printfa.o(i.__0printf)
    __c89printf                              0x08008f09   Thumb Code     0  printfa.o(i.__0printf)
    printf                                   0x08008f09   Thumb Code     0  printfa.o(i.__0printf)
    __0sprintf                               0x08008f29   Thumb Code    34  printfa.o(i.__0sprintf)
    __1sprintf                               0x08008f29   Thumb Code     0  printfa.o(i.__0sprintf)
    __2sprintf                               0x08008f29   Thumb Code     0  printfa.o(i.__0sprintf)
    __c89sprintf                             0x08008f29   Thumb Code     0  printfa.o(i.__0sprintf)
    sprintf                                  0x08008f29   Thumb Code     0  printfa.o(i.__0sprintf)
    free                                     0x08008f51   Thumb Code    88  mallocr.o(i.__free$realloc)
    __hardfp_strtod                          0x08008fb1   Thumb Code    32  strtod.o(i.__hardfp_strtod)
    malloc                                   0x08008fd9   Thumb Code    64  mallocr.o(i.__malloc$realloc)
    __scatterload_copy                       0x08009029   Thumb Code    14  handlers.o(i.__scatterload_copy)
    __scatterload_null                       0x08009037   Thumb Code     2  handlers.o(i.__scatterload_null)
    __scatterload_zeroinit                   0x08009039   Thumb Code    14  handlers.o(i.__scatterload_zeroinit)
    _is_digit                                0x080091cd   Thumb Code    14  scanf_fp.o(i._is_digit)
    putchar                                  0x08009965   Thumb Code     6  putchar.o(i.putchar)
    puts                                     0x08009971   Thumb Code    30  puts.o(i.puts)
    realloc                                  0x08009995   Thumb Code   102  mallocr.o(i.realloc)
    __ctype_table                            0x08009a00   Data         129  ctype_o.o(.constdata)
    Region$$Table$$Base                      0x08009f7c   Number         0  anon$$obj.o(Region$$Table)
    Region$$Table$$Limit                     0x08009f9c   Number         0  anon$$obj.o(Region$$Table)
    __stdout                                 0x20000000   Data           4  stdout.o(.data)
    __microlib_freelist                      0x20000004   Data           4  mvars.o(.data)
    __microlib_freelist_initialised          0x20000008   Data           4  mvars.o(.data)
    HOST_NAME                                0x2000001c   Data           8  dhcp.o(.data.HOST_NAME)
    SystemCoreClock                          0x20000024   Data           4  system_gd32f30x.o(.data.SystemCoreClock)
    WIZCHIP                                  0x20000028   Data          44  wizchip_conf.o(.data.WIZCHIP)
    data                                     0x20000054   Data          88  app_mqtt_model.o(.data.data)
    default_net_info                         0x200000ac   Data          23  app_mqtt_model.o(.data.default_net_info)
    dhcp_ip_assign                           0x200000c4   Data           4  dhcp.o(.data.dhcp_ip_assign)
    dhcp_ip_conflict                         0x200000c8   Data           4  dhcp.o(.data.dhcp_ip_conflict)
    dhcp_ip_update                           0x200000cc   Data           4  dhcp.o(.data.dhcp_ip_update)
    dhcp_lease_time                          0x200000d0   Data           4  dhcp.o(.data.dhcp_lease_time)
    dhcp_tick_next                           0x200000d4   Data           4  dhcp.o(.data.dhcp_tick_next)
    mqtt_params                              0x200000e4   Data        2056  app_mqtt_model.o(.data.mqtt_params)
    willdata                                 0x200008f0   Data          36  app_mqtt_model.o(.data.willdata)
    DHCP_CHADDR                              0x20000918   Data           6  dhcp.o(.bss.DHCP_CHADDR)
    DHCP_REAL_SIP                            0x20000920   Data           4  dhcp.o(.bss.DHCP_REAL_SIP)
    DHCP_SIP                                 0x20000924   Data           4  dhcp.o(.bss.DHCP_SIP)
    DHCP_SOCKET                              0x20000928   Data           1  dhcp.o(.bss.DHCP_SOCKET)
    DHCP_XID                                 0x2000092c   Data           4  dhcp.o(.bss.DHCP_XID)
    DHCP_allocated_dns                       0x20000930   Data           4  dhcp.o(.bss.DHCP_allocated_dns)
    DHCP_allocated_gw                        0x20000934   Data           4  dhcp.o(.bss.DHCP_allocated_gw)
    DHCP_allocated_ip                        0x20000938   Data           4  dhcp.o(.bss.DHCP_allocated_ip)
    DHCP_allocated_sn                        0x2000093c   Data           4  dhcp.o(.bss.DHCP_allocated_sn)
    DNS_MSGID                                0x20000940   Data           2  dns.o(.bss.DNS_MSGID)
    DNS_SOCKET                               0x20000942   Data           1  dns.o(.bss.DNS_SOCKET)
    MilliTimer                               0x20000944   Data           4  mqtt_interface.o(.bss.MilliTimer)
    OLD_allocated_ip                         0x20000948   Data           4  dhcp.o(.bss.OLD_allocated_ip)
    _SEGGER_RTT                              0x20000958   Data          48  SEGGER_RTT.o(.bss._SEGGER_RTT)
    c                                        0x20000c6c   Data          92  app_mqtt_model.o(.bss.c)
    dhcp_retry_count                         0x20000cd0   Data           1  dhcp.o(.bss.dhcp_retry_count)
    dhcp_state                               0x20000cd1   Data           1  dhcp.o(.bss.dhcp_state)
    dhcp_tick_1s                             0x20000cd4   Data           4  dhcp.o(.bss.dhcp_tick_1s)
    dns_1s_tick                              0x20000cd8   Data           4  dns.o(.bss.dns_1s_tick)
    ethernet_buf                             0x20000cdc   Data        2048  app_mqtt_model.o(.bss.ethernet_buf)
    n                                        0x20006548   Data          16  app_mqtt_model.o(.bss.n)
    pDHCPMSG                                 0x20006558   Data           4  dhcp.o(.bss.pDHCPMSG)
    pDNSMSG                                  0x2000655c   Data           4  dns.o(.bss.pDNSMSG)
    pubmessage                               0x20006564   Data          16  app_mqtt_model.o(.bss.pubmessage)
    sock_pack_info                           0x2000670c   Data           8  socket.o(.bss.sock_pack_info)
    __heap_base                              0x20006730   Data           0  startup_gd32f30x_hd.o(HEAP)
    __heap_limit                             0x20006b30   Data           0  startup_gd32f30x_hd.o(HEAP)
    __initial_sp                             0x20006f30   Data           0  startup_gd32f30x_hd.o(STACK)



==============================================================================

Memory Map of the image

  Image Entry point : 0x08000131

  Load Region LR_IROM1 (Base: 0x08000000, Size: 0x0000a8b8, Max: 0x00040000, ABSOLUTE, COMPRESSED[0x0000a198])

    Execution Region ER_IROM1 (Base: 0x08000000, Size: 0x00009f9c, Max: 0x00040000, ABSOLUTE)

    Base Addr    Size         Type   Attr      Idx    E Section Name        Object

    0x08000000   0x00000130   Data   RO            3    RESET               startup_gd32f30x_hd.o
    0x08000130   0x00000000   Code   RO         2578  * .ARM.Collect$$$$00000000  mc_w.l(entry.o)
    0x08000130   0x00000004   Code   RO         2952    .ARM.Collect$$$$00000001  mc_w.l(entry2.o)
    0x08000134   0x00000004   Code   RO         2955    .ARM.Collect$$$$00000004  mc_w.l(entry5.o)
    0x08000138   0x00000000   Code   RO         2957    .ARM.Collect$$$$00000008  mc_w.l(entry7b.o)
    0x08000138   0x00000000   Code   RO         2959    .ARM.Collect$$$$0000000A  mc_w.l(entry8b.o)
    0x08000138   0x00000008   Code   RO         2960    .ARM.Collect$$$$0000000B  mc_w.l(entry9a.o)
    0x08000140   0x00000000   Code   RO         2962    .ARM.Collect$$$$0000000D  mc_w.l(entry10a.o)
    0x08000140   0x00000000   Code   RO         2964    .ARM.Collect$$$$0000000F  mc_w.l(entry11a.o)
    0x08000140   0x00000004   Code   RO         2953    .ARM.Collect$$$$00002712  mc_w.l(entry2.o)
    0x08000144   0x00000024   Code   RO            4    .text               startup_gd32f30x_hd.o
    0x08000168   0x00000008   Code   RO         2587    .text               mc_w.l(ctype_o.o)
    0x08000170   0x00000012   Code   RO         2609    .text               mc_w.l(isspace_o.o)
    0x08000182   0x0000000c   Code   RO         2615    .text               mc_w.l(tolower.o)
    0x0800018e   0x00000024   Code   RO         2617    .text               mc_w.l(memcpya.o)
    0x080001b2   0x00000024   Code   RO         2619    .text               mc_w.l(memseta.o)
    0x080001d6   0x00000018   Code   RO         2621    .text               mc_w.l(strncpy.o)
    0x080001ee   0x00000014   Code   RO         2623    .text               mc_w.l(strchr.o)
    0x08000202   0x0000000e   Code   RO         2625    .text               mc_w.l(strlen.o)
    0x08000210   0x0000001c   Code   RO         2627    .text               mc_w.l(strcmp.o)
    0x0800022c   0x0000001a   Code   RO         2629    .text               mc_w.l(memcmp.o)
    0x08000246   0x00000012   Code   RO         2631    .text               mc_w.l(strcpy.o)
    0x08000258   0x0000001e   Code   RO         2633    .text               mc_w.l(strncmp.o)
    0x08000276   0x00000002   PAD
    0x08000278   0x00000038   Code   RO         2926    .text               mc_w.l(__0sscanf.o)
    0x080002b0   0x0000014c   Code   RO         2928    .text               mc_w.l(_scanf_int.o)
    0x080003fc   0x00000360   Code   RO         2930    .text               mc_w.l(scanf_fp.o)
    0x0800075c   0x0000014e   Code   RO         2934    .text               mf_w.l(dadd.o)
    0x080008aa   0x000000e4   Code   RO         2936    .text               mf_w.l(dmul.o)
    0x0800098e   0x00000036   Code   RO         2938    .text               mf_w.l(dcmple.o)
    0x080009c4   0x00000036   Code   RO         2940    .text               mf_w.l(dcmpge.o)
    0x080009fa   0x0000003e   Code   RO         2948    .text               mf_w.l(dfixi.o)
    0x08000a38   0x0000002c   Code   RO         2976    .text               mc_w.l(uidiv.o)
    0x08000a64   0x00000062   Code   RO         2978    .text               mc_w.l(uldiv.o)
    0x08000ac6   0x0000001e   Code   RO         2980    .text               mc_w.l(llshl.o)
    0x08000ae4   0x00000020   Code   RO         2982    .text               mc_w.l(llushr.o)
    0x08000b04   0x00000024   Code   RO         2984    .text               mc_w.l(llsshr.o)
    0x08000b28   0x0000001c   Code   RO         2988    .text               mc_w.l(_chval.o)
    0x08000b44   0x00000028   Code   RO         2990    .text               mc_w.l(scanf_char.o)
    0x08000b6c   0x00000040   Code   RO         2992    .text               mc_w.l(_sgetc.o)
    0x08000bac   0x000000a8   Code   RO         2994    .text               mc_w.l(strtod.o)
    0x08000c54   0x00000000   Code   RO         2996    .text               mc_w.l(iusefp.o)
    0x08000c54   0x000000ba   Code   RO         2997    .text               mf_w.l(depilogue.o)
    0x08000d0e   0x000000de   Code   RO         2999    .text               mf_w.l(ddiv.o)
    0x08000dec   0x00000018   Code   RO         3001    .text               mf_w.l(dfltul.o)
    0x08000e04   0x00000030   Code   RO         3003    .text               mf_w.l(dfixul.o)
    0x08000e34   0x00000030   Code   RO         3005    .text               mf_w.l(cdrcmple.o)
    0x08000e64   0x00000038   Code   RO         3007    .text               mf_w.l(d2f.o)
    0x08000e9c   0x00000030   Code   RO         3009    .text               mc_w.l(init.o)
    0x08000ecc   0x0000032c   Code   RO         3013    .text               mc_w.l(_scanf.o)
    0x080011f8   0x0000006e   Code   RO         3015    .text               mf_w.l(fepilogue.o)
    0x08001266   0x00000056   Code   RO         3028    .text               mc_w.l(__dczerorl2.o)
    0x080012bc   0x00000002   Code   RO         2529    .text.BusFault_Handler  gd32f30x_it.o
    0x080012be   0x00000002   PAD
    0x080012c0   0x00000038   Code   RO         2431    .text.ConnectNetwork  mqtt_interface.o
    0x080012f8   0x000000d0   Code   RO         2097    .text.DHCP_init     dhcp.o
    0x080013c8   0x000002a8   Code   RO         2087    .text.DHCP_run      dhcp.o
    0x08001670   0x0000001e   Code   RO         2095    .text.DHCP_stop     dhcp.o
    0x0800168e   0x00000002   PAD
    0x08001690   0x00000010   Code   RO         2099    .text.DHCP_time_handler  dhcp.o
    0x080016a0   0x00000024   Code   RO         2156    .text.DNS_init      dns.o
    0x080016c4   0x000000fa   Code   RO         2158    .text.DNS_run       dns.o
    0x080017be   0x00000002   PAD
    0x080017c0   0x00000010   Code   RO         2160    .text.DNS_time_handler  dns.o
    0x080017d0   0x00000002   Code   RO         2535    .text.DebugMon_Handler  gd32f30x_it.o
    0x080017d2   0x00000002   PAD
    0x080017d4   0x00000002   Code   RO         2525    .text.HardFault_Handler  gd32f30x_it.o
    0x080017d6   0x00000002   PAD
    0x080017d8   0x00000046   Code   RO         2184    .text.MQTTClientInit  MQTTClient.o
    0x0800181e   0x00000002   PAD
    0x08001820   0x000000c0   Code   RO         2200    .text.MQTTConnect   MQTTClient.o
    0x080018e0   0x0000003e   Code   RO         2256    .text.MQTTDeserialize_ack  MQTTDeserializePublish.o
    0x0800191e   0x00000002   PAD
    0x08001920   0x0000004c   Code   RO         2223    .text.MQTTDeserialize_connack  MQTTConnectClient.o
    0x0800196c   0x00000086   Code   RO         2254    .text.MQTTDeserialize_publish  MQTTDeserializePublish.o
    0x080019f2   0x00000002   PAD
    0x080019f4   0x00000086   Code   RO         2363    .text.MQTTDeserialize_suback  MQTTSubscribeClient.o
    0x08001a7a   0x00000002   PAD
    0x08001a7c   0x00000048   Code   RO         2304    .text.MQTTPacket_decodeBuf  MQTTPacket.o
    0x08001ac4   0x00000036   Code   RO         2296    .text.MQTTPacket_encode  MQTTPacket.o
    0x08001afa   0x00000002   PAD
    0x08001afc   0x00000036   Code   RO         2324    .text.MQTTPacket_equals  MQTTPacket.o
    0x08001b32   0x00000002   PAD
    0x08001b34   0x0000002c   Code   RO         2300    .text.MQTTPacket_len  MQTTPacket.o
    0x08001b60   0x000000fa   Code   RO         2206    .text.MQTTPublish   MQTTClient.o
    0x08001c5a   0x00000002   PAD
    0x08001c5c   0x00000050   Code   RO         2343    .text.MQTTSerialize_ack  MQTTSerializePublish.o
    0x08001cac   0x0000012c   Code   RO         2221    .text.MQTTSerialize_connect  MQTTConnectClient.o
    0x08001dd8   0x00000072   Code   RO         2219    .text.MQTTSerialize_connectLength  MQTTConnectClient.o
    0x08001e4a   0x00000002   PAD
    0x08001e4c   0x00000030   Code   RO         2229    .text.MQTTSerialize_pingreq  MQTTConnectClient.o
    0x08001e7c   0x000000a2   Code   RO         2341    .text.MQTTSerialize_publish  MQTTSerializePublish.o
    0x08001f1e   0x00000002   PAD
    0x08001f20   0x000000b6   Code   RO         2361    .text.MQTTSerialize_subscribe  MQTTSubscribeClient.o
    0x08001fd6   0x00000002   PAD
    0x08001fd8   0x000000f8   Code   RO         2202    .text.MQTTSubscribe  MQTTClient.o
    0x080020d0   0x0000002a   Code   RO         2194    .text.MQTTYield     MQTTClient.o
    0x080020fa   0x00000002   PAD
    0x080020fc   0x0000000c   Code   RO         2322    .text.MQTTstrlen    MQTTPacket.o
    0x08002108   0x00000002   Code   RO         2527    .text.MemManage_Handler  gd32f30x_it.o
    0x0800210a   0x00000002   PAD
    0x0800210c   0x00000010   Code   RO         2411    .text.MilliTimer_Handler  mqtt_interface.o
    0x0800211c   0x00000002   Code   RO         2523    .text.NMI_Handler   gd32f30x_it.o
    0x0800211e   0x00000002   PAD
    0x08002120   0x0000001e   Code   RO         2423    .text.NewNetwork    mqtt_interface.o
    0x0800213e   0x00000002   PAD
    0x08002140   0x00000002   Code   RO         2537    .text.PendSV_Handler  gd32f30x_it.o
    0x08002142   0x00000002   PAD
    0x08002144   0x000000cc   Code   RO         1851    .text.SEGGER_RTT_PutChar  SEGGER_RTT.o
    0x08002210   0x00000002   Code   RO         2533    .text.SVC_Handler   gd32f30x_it.o
    0x08002212   0x00000002   PAD
    0x08002214   0x00000004   Code   RO         2539    .text.SysTick_Handler  gd32f30x_it.o
    0x08002218   0x0000026c   Code   RO           11    .text.SystemInit    system_gd32f30x.o
    0x08002484   0x00000048   Code   RO         2486    .text.TIMER2_IRQHandler  wiz_platform.o
    0x080024cc   0x00000070   Code   RO         1551    .text.TIMER6_IRQHandler  app_timer.o
    0x0800253c   0x00000016   Code   RO         2419    .text.TimerCountdown  mqtt_interface.o
    0x08002552   0x00000002   PAD
    0x08002554   0x00000010   Code   RO         2417    .text.TimerCountdownMS  mqtt_interface.o
    0x08002564   0x00000006   Code   RO         2413    .text.TimerInit     mqtt_interface.o
    0x0800256a   0x00000002   PAD
    0x0800256c   0x00000012   Code   RO         2415    .text.TimerIsExpired  mqtt_interface.o
    0x0800257e   0x00000002   PAD
    0x08002580   0x00000014   Code   RO         2421    .text.TimerLeftMS   mqtt_interface.o
    0x08002594   0x00000094   Code   RO         1607    .text.UART4_IRQHandler  bsp_usart.o
    0x08002628   0x000000dc   Code   RO         1605    .text.USART2_IRQHandler  bsp_usart.o
    0x08002704   0x00000002   Code   RO         2531    .text.UsageFault_Handler  gd32f30x_it.o
    0x08002706   0x00000002   PAD
    0x08002708   0x00000062   Code   RO         1918    .text.WIZCHIP_READ  w5500.o
    0x0800276a   0x00000002   PAD
    0x0800276c   0x00000078   Code   RO         1922    .text.WIZCHIP_READ_BUF  w5500.o
    0x080027e4   0x00000064   Code   RO         1920    .text.WIZCHIP_WRITE  w5500.o
    0x08002848   0x0000007e   Code   RO         1924    .text.WIZCHIP_WRITE_BUF  w5500.o
    0x080028c6   0x00000002   PAD
    0x080028c8   0x0000002c   Code   RO         1413    .text.app_eventbus_init  app_eventbus.o
    0x080028f4   0x00000086   Code   RO         1419    .text.app_eventbus_poll  app_eventbus.o
    0x0800297a   0x00000002   PAD
    0x0800297c   0x0000004c   Code   RO         1417    .text.app_eventbus_publish  app_eventbus.o
    0x080029c8   0x00000022   Code   RO         1415    .text.app_eventbus_subscribe  app_eventbus.o
    0x080029ea   0x00000002   PAD
    0x080029ec   0x00000038   Code   RO         1575    .text.app_flash_read_word  bsp_flash.o
    0x08002a24   0x000000d4   Code   RO         1573    .text.app_flash_write_word  bsp_flash.o
    0x08002af8   0x00000194   Code   RO         1437    .text.app_mqtt_init  app_mqtt_model.o
    0x08002c8c   0x00000076   Code   RO         1435    .text.app_mqtt_model_init  app_mqtt_model.o
    0x08002d02   0x00000002   PAD
    0x08002d04   0x0000000c   Code   RO         1439    .text.app_mqtt_recv_msg  app_mqtt_model.o
    0x08002d10   0x0000001c   Code   RO         1400    .text.app_panel_frame_crc  app_base.o
    0x08002d2c   0x0000001c   Code   RO         1402    .text.app_panel_frame_sum  app_base.o
    0x08002d48   0x00000174   Code   RO         1451    .text.app_parse_msg  app_mqtt_model.o
    0x08002ebc   0x00000008   Code   RO         1488    .text.app_protocol_check  app_protocol.o
    0x08002ec4   0x00000030   Code   RO         1486    .text.app_protocol_init  app_protocol.o
    0x08002ef4   0x000001a8   Code   RO         1498    .text.app_public_cfg_init  app_public_config.o
    0x0800309c   0x00000494   Code   RO         1525    .text.app_public_event_handler  app_public_protocol.o
    0x08003530   0x00000012   Code   RO         1506    .text.app_public_get_bind  app_public_config.o
    0x08003542   0x00000002   PAD
    0x08003544   0x00000010   Code   RO         1504    .text.app_public_get_cfg  app_public_config.o
    0x08003554   0x0000000c   Code   RO         1508    .text.app_public_get_panel_count  app_public_config.o
    0x08003560   0x00000026   Code   RO         1523    .text.app_public_protocol_init  app_public_protocol.o
    0x08003586   0x00000002   PAD
    0x08003588   0x00000148   Code   RO         1500    .text.app_set_bind_cfg  app_public_config.o
    0x080036d0   0x0000011c   Code   RO         1527    .text.app_set_extend_table  app_public_protocol.o
    0x080037ec   0x00000138   Code   RO         1502    .text.app_set_panel_cfg  app_public_config.o
    0x08003924   0x000000cc   Code   RO         1398    .text.app_string_to_bytes  app_base.o
    0x080039f0   0x00000084   Code   RO         1549    .text.app_timer_init  app_timer.o
    0x08003a74   0x00000046   Code   RO         1559    .text.app_timer_poll  app_timer.o
    0x08003aba   0x00000002   PAD
    0x08003abc   0x00000108   Code   RO         1553    .text.app_timer_start  app_timer.o
    0x08003bc4   0x00000064   Code   RO         1586    .text.bsp_usart2_init  bsp_pcb.o
    0x08003c28   0x0000000c   Code   RO         1597    .text.bsp_usart2_rx_callback  bsp_usart.o
    0x08003c34   0x0000004e   Code   RO         1588    .text.bsp_usart4_init  bsp_pcb.o
    0x08003c82   0x00000002   PAD
    0x08003c84   0x000001fe   Code   RO         1601    .text.bsp_usart_init  bsp_usart.o
    0x08003e82   0x00000002   PAD
    0x08003e84   0x000000f2   Code   RO         1603    .text.bsp_usart_tx_buf  bsp_usart.o
    0x08003f76   0x00000002   PAD
    0x08003f78   0x00000032   Code   RO         1653    .text.buffer_skip_whitespace  cJSON.o
    0x08003faa   0x00000002   PAD
    0x08003fac   0x00000056   Code   RO         1639    .text.cJSON_Delete  cJSON.o
    0x08004002   0x00000002   PAD
    0x08004004   0x00000006   Code   RO         1675    .text.cJSON_GetObjectItem  cJSON.o
    0x0800400a   0x00000002   PAD
    0x0800400c   0x00000020   Code   RO         1655    .text.cJSON_Parse   cJSON.o
    0x0800402c   0x0000015c   Code   RO         1649    .text.cJSON_ParseWithLengthOpts  cJSON.o
    0x08004188   0x000000a4   Code   RO         2089    .text.check_DHCP_timeout  dhcp.o
    0x0800422c   0x00000088   Code   RO         1946    .text.close         socket.o
    0x080042b4   0x000000e4   Code   RO         1950    .text.connect       socket.o
    0x08004398   0x00000200   Code   RO         2011    .text.ctlwizchip    wizchip_conf.o
    0x08004598   0x000001e8   Code   RO         2192    .text.cycle         MQTTClient.o
    0x08004780   0x0000003c   Code   RO         2067    .text.default_ip_assign  dhcp.o
    0x080047bc   0x00000026   Code   RO         2071    .text.default_ip_conflict  dhcp.o
    0x080047e2   0x00000002   PAD
    0x080047e4   0x0000005c   Code   RO         2069    .text.default_ip_update  dhcp.o
    0x08004840   0x00000014   Code   RO         2560    .text.delay_1ms     systick.o
    0x08004854   0x00000018   Code   RO         2562    .text.delay_decrement  systick.o
    0x0800486c   0x000000e0   Code   RO         2186    .text.deliverMessage  MQTTClient.o
    0x0800494c   0x00000004   Code   RO         1818    .text.dev_manmager_init  dev_manager.o
    0x08004950   0x00000090   Code   RO         1952    .text.disconnect    socket.o
    0x080049e0   0x00000024   Code   RO          378    .text.dma_channel_disable  gd32f30x_dma.o
    0x08004a04   0x00000024   Code   RO          376    .text.dma_channel_enable  gd32f30x_dma.o
    0x08004a28   0x00000024   Code   RO          370    .text.dma_circulation_disable  gd32f30x_dma.o
    0x08004a4c   0x0000003c   Code   RO          362    .text.dma_deinit    gd32f30x_dma.o
    0x08004a88   0x00000074   Code   RO          366    .text.dma_init      gd32f30x_dma.o
    0x08004afc   0x0000000e   Code   RO          410    .text.dma_interrupt_flag_clear  gd32f30x_dma.o
    0x08004b0a   0x00000002   PAD
    0x08004b0c   0x0000001e   Code   RO          382    .text.dma_memory_address_config  gd32f30x_dma.o
    0x08004b2a   0x00000002   PAD
    0x08004b2c   0x00000024   Code   RO          374    .text.dma_memory_to_memory_disable  gd32f30x_dma.o
    0x08004b50   0x0000001a   Code   RO          364    .text.dma_struct_para_init  gd32f30x_dma.o
    0x08004b6a   0x00000002   PAD
    0x08004b6c   0x00000020   Code   RO          384    .text.dma_transfer_number_config  gd32f30x_dma.o
    0x08004b8c   0x0000001e   Code   RO          386    .text.dma_transfer_number_get  gd32f30x_dma.o
    0x08004baa   0x00000002   PAD
    0x08004bac   0x000003c2   Code   RO         2148    .text.dns_answer    dns.o
    0x08004f6e   0x00000002   PAD
    0x08004f70   0x000000c6   Code   RO         2152    .text.dns_makequery  dns.o
    0x08005036   0x00000002   PAD
    0x08005038   0x000000b8   Code   RO         2175    .text.do_dns        do_dns.o
    0x080050f0   0x0000001e   Code   RO          573    .text.fmc_flag_clear  gd32f30x_fmc.o
    0x0800510e   0x00000002   PAD
    0x08005110   0x0000002c   Code   RO          521    .text.fmc_lock      gd32f30x_fmc.o
    0x0800513c   0x000001da   Code   RO          527    .text.fmc_page_erase  gd32f30x_fmc.o
    0x08005316   0x00000002   PAD
    0x08005318   0x00000050   Code   RO          515    .text.fmc_unlock    gd32f30x_fmc.o
    0x08005368   0x000001a8   Code   RO          539    .text.fmc_word_program  gd32f30x_fmc.o
    0x08005510   0x00000010   Code   RO         1609    .text.fputc         bsp_usart.o
    0x08005520   0x00000006   Code   RO           15    .text.gd32f30x_firmware_version_get  system_gd32f30x.o
    0x08005526   0x00000002   PAD
    0x08005528   0x0000001a   Code   RO         2107    .text.getDNSfromDHCP  dhcp.o
    0x08005542   0x00000002   PAD
    0x08005544   0x0000001a   Code   RO         2103    .text.getGWfromDHCP  dhcp.o
    0x0800555e   0x00000002   PAD
    0x08005560   0x0000001a   Code   RO         2101    .text.getIPfromDHCP  dhcp.o
    0x0800557a   0x00000002   PAD
    0x0800557c   0x0000001a   Code   RO         2105    .text.getSNfromDHCP  dhcp.o
    0x08005596   0x00000002   PAD
    0x08005598   0x000001ca   Code   RO         1928    .text.getSn_RX_RSR  w5500.o
    0x08005762   0x00000002   PAD
    0x08005764   0x000001ca   Code   RO         1926    .text.getSn_TX_FSR  w5500.o
    0x0800592e   0x00000002   PAD
    0x08005930   0x000000d2   Code   RO         1677    .text.get_object_item  cJSON.o
    0x08005a02   0x00000002   PAD
    0x08005a04   0x00000004   Code   RO          623    .text.gpio_bit_reset  gd32f30x_gpio.o
    0x08005a08   0x00000004   Code   RO          621    .text.gpio_bit_set  gd32f30x_gpio.o
    0x08005a0c   0x000000b6   Code   RO          619    .text.gpio_init     gd32f30x_gpio.o
    0x08005ac2   0x00000002   PAD
    0x08005ac4   0x00000080   Code   RO          637    .text.gpio_pin_remap_config  gd32f30x_gpio.o
    0x08005b44   0x00000060   Code   RO         1455    .text.handle_bind_cfg  app_mqtt_model.o
    0x08005ba4   0x00000018   Code   RO         1453    .text.handle_light_switch  app_mqtt_model.o
    0x08005bbc   0x00000074   Code   RO         1457    .text.handle_pinel_cfg  app_mqtt_model.o
    0x08005c30   0x00000074   Code   RO         2188    .text.keepalive     MQTTClient.o
    0x08005ca4   0x000000ac   Code   RO         2548    .text.main          main.o
    0x08005d50   0x000000d0   Code   RO         2075    .text.makeDHCPMSG   dhcp.o
    0x08005e20   0x00000078   Code   RO         1447    .text.message_arrived  app_mqtt_model.o
    0x08005e98   0x000000d0   Code   RO         2452    .text.network_init  wiz_interface.o
    0x08005f68   0x000000a2   Code   RO          733    .text.nvic_irq_enable  gd32f30x_misc.o
    0x0800600a   0x00000002   PAD
    0x0800600c   0x00000206   Code   RO         2085    .text.parseDHCPMSG  dhcp.o
    0x08006212   0x00000002   PAD
    0x08006214   0x0000017c   Code   RO         2150    .text.parseDNSMSG   dns.o
    0x08006390   0x0000004e   Code   RO         1799    .text.parse_hex4    cJSON.o
    0x080063de   0x00000002   PAD
    0x080063e0   0x000001d6   Code   RO         1797    .text.parse_object  cJSON.o
    0x080065b6   0x00000002   PAD
    0x080065b8   0x0000030c   Code   RO         1795    .text.parse_string  cJSON.o
    0x080068c4   0x00000004   PAD
    0x080068c8   0x000002b0   Code   RO         1651    .text.parse_value   cJSON.o
    0x08006b78   0x0000015c   Code   RO         2450    .text.print_network_information  wiz_interface.o
    0x08006cd4   0x000000d0   Code   RO          873    .text.rcu_clock_freq_get  gd32f30x_rcu.o
    0x08006da4   0x0000001e   Code   RO          811    .text.rcu_periph_clock_enable  gd32f30x_rcu.o
    0x08006dc2   0x00000002   PAD
    0x08006dc4   0x00000020   Code   RO          821    .text.rcu_periph_reset_disable  gd32f30x_rcu.o
    0x08006de4   0x0000001e   Code   RO          819    .text.rcu_periph_reset_enable  gd32f30x_rcu.o
    0x08006e02   0x00000002   PAD
    0x08006e04   0x0000000c   Code   RO         2308    .text.readChar      MQTTPacket.o
    0x08006e10   0x0000000e   Code   RO         2306    .text.readInt       MQTTPacket.o
    0x08006e1e   0x00000002   PAD
    0x08006e20   0x00000044   Code   RO         2320    .text.readMQTTLenString  MQTTPacket.o
    0x08006e64   0x000000e6   Code   RO         1956    .text.recv          socket.o
    0x08006f4a   0x00000002   PAD
    0x08006f4c   0x000001e6   Code   RO         1960    .text.recvfrom      socket.o
    0x08007132   0x00000002   PAD
    0x08007134   0x00000038   Code   RO         2003    .text.reg_wizchip_cs_cbfunc  wizchip_conf.o
    0x0800716c   0x00000042   Code   RO         2007    .text.reg_wizchip_spi_cbfunc  wizchip_conf.o
    0x080071ae   0x00000002   PAD
    0x080071b0   0x00000042   Code   RO         2009    .text.reg_wizchip_spiburst_cbfunc  wizchip_conf.o
    0x080071f2   0x00000002   PAD
    0x080071f4   0x00000122   Code   RO         1954    .text.send          socket.o
    0x08007316   0x00000002   PAD
    0x08007318   0x00000080   Code   RO         2190    .text.sendPacket    MQTTClient.o
    0x08007398   0x000000c8   Code   RO         2083    .text.send_DHCP_DECLINE  dhcp.o
    0x08007460   0x00000228   Code   RO         2077    .text.send_DHCP_DISCOVER  dhcp.o
    0x08007688   0x000002aa   Code   RO         2081    .text.send_DHCP_REQUEST  dhcp.o
    0x08007932   0x00000002   PAD
    0x08007934   0x00000154   Code   RO         1958    .text.sendto        socket.o
    0x08007a88   0x00000132   Code   RO         1944    .text.socket        socket.o
    0x08007bba   0x00000002   PAD
    0x08007bbc   0x0000000a   Code   RO         1034    .text.spi_enable    gd32f30x_spi.o
    0x08007bc6   0x00000002   PAD
    0x08007bc8   0x0000000a   Code   RO         1108    .text.spi_i2s_flag_get  gd32f30x_spi.o
    0x08007bd2   0x00000002   PAD
    0x08007bd4   0x00000034   Code   RO         1032    .text.spi_init      gd32f30x_spi.o
    0x08007c08   0x00000012   Code   RO         1030    .text.spi_struct_para_init  gd32f30x_spi.o
    0x08007c1a   0x00000002   PAD
    0x08007c1c   0x0000004a   Code   RO         2558    .text.systick_config  systick.o
    0x08007c66   0x00000002   PAD
    0x08007c68   0x0000000a   Code   RO         1128    .text.timer_auto_reload_shadow_enable  gd32f30x_timer.o
    0x08007c72   0x00000002   PAD
    0x08007c74   0x000000c2   Code   RO         1118    .text.timer_deinit  gd32f30x_timer.o
    0x08007d36   0x00000002   PAD
    0x08007d38   0x0000017c   Code   RO         1441    .text.timer_do_mqtt  app_mqtt_model.o
    0x08007eb4   0x0000000a   Code   RO         1124    .text.timer_enable  gd32f30x_timer.o
    0x08007ebe   0x00000002   PAD
    0x08007ec0   0x000000b8   Code   RO         1122    .text.timer_init    gd32f30x_timer.o
    0x08007f78   0x00000008   Code   RO         1158    .text.timer_interrupt_enable  gd32f30x_timer.o
    0x08007f80   0x00000006   Code   RO         1164    .text.timer_interrupt_flag_clear  gd32f30x_timer.o
    0x08007f86   0x00000002   PAD
    0x08007f88   0x00000016   Code   RO         1162    .text.timer_interrupt_flag_get  gd32f30x_timer.o
    0x08007f9e   0x00000002   PAD
    0x08007fa0   0x0000006a   Code   RO         1270    .text.usart_baudrate_set  gd32f30x_usart.o
    0x0800800a   0x00000002   PAD
    0x0800800c   0x00000008   Code   RO         1298    .text.usart_data_receive  gd32f30x_usart.o
    0x08008014   0x00000008   Code   RO         1296    .text.usart_data_transmit  gd32f30x_usart.o
    0x0800801c   0x0000007a   Code   RO         1268    .text.usart_deinit  gd32f30x_usart.o
    0x08008096   0x00000002   PAD
    0x08008098   0x00000014   Code   RO         1352    .text.usart_dma_receive_config  gd32f30x_usart.o
    0x080080ac   0x00000014   Code   RO         1354    .text.usart_dma_transmit_config  gd32f30x_usart.o
    0x080080c0   0x0000000a   Code   RO         1278    .text.usart_enable  gd32f30x_usart.o
    0x080080ca   0x00000002   PAD
    0x080080cc   0x00000012   Code   RO         1358    .text.usart_flag_clear  gd32f30x_usart.o
    0x080080de   0x00000002   PAD
    0x080080e0   0x00000010   Code   RO         1356    .text.usart_flag_get  gd32f30x_usart.o
    0x080080f0   0x00000014   Code   RO         1350    .text.usart_hardware_flow_cts_config  gd32f30x_usart.o
    0x08008104   0x00000014   Code   RO         1348    .text.usart_hardware_flow_rts_config  gd32f30x_usart.o
    0x08008118   0x00000018   Code   RO         1362    .text.usart_interrupt_disable  gd32f30x_usart.o
    0x08008130   0x00000016   Code   RO         1360    .text.usart_interrupt_enable  gd32f30x_usart.o
    0x08008146   0x00000002   PAD
    0x08008148   0x00000028   Code   RO         1364    .text.usart_interrupt_flag_get  gd32f30x_usart.o
    0x08008170   0x00000010   Code   RO         1272    .text.usart_parity_config  gd32f30x_usart.o
    0x08008180   0x00000014   Code   RO         1284    .text.usart_receive_config  gd32f30x_usart.o
    0x08008194   0x00000010   Code   RO         1276    .text.usart_stop_bit_set  gd32f30x_usart.o
    0x080081a4   0x00000014   Code   RO         1282    .text.usart_transmit_config  gd32f30x_usart.o
    0x080081b8   0x00000010   Code   RO         1274    .text.usart_word_length_set  gd32f30x_usart.o
    0x080081c8   0x00000006   Code   RO         2429    .text.w5x00_disconnect  mqtt_interface.o
    0x080081ce   0x00000002   PAD
    0x080081d0   0x00000034   Code   RO         2425    .text.w5x00_read    mqtt_interface.o
    0x08008204   0x0000002c   Code   RO         2427    .text.w5x00_write   mqtt_interface.o
    0x08008230   0x000000ac   Code   RO         2446    .text.wiz_phy_link_check  wiz_interface.o
    0x080082dc   0x000001e2   Code   RO         1932    .text.wiz_recv_data  w5500.o
    0x080084be   0x00000002   PAD
    0x080084c0   0x0000016e   Code   RO         1934    .text.wiz_recv_ignore  w5500.o
    0x0800862e   0x00000002   PAD
    0x08008630   0x00000084   Code   RO         2468    .text.wiz_rst_int_init  wiz_platform.o
    0x080086b4   0x000001e2   Code   RO         1930    .text.wiz_send_data  w5500.o
    0x08008896   0x00000002   PAD
    0x08008898   0x00000054   Code   RO         2466    .text.wiz_spi_init  wiz_platform.o
    0x080088ec   0x0000005e   Code   RO         2464    .text.wiz_timer_init  wiz_platform.o
    0x0800894a   0x00000002   PAD
    0x0800894c   0x00000004   Code   RO         1989    .text.wizchip_bus_readdata  wizchip_conf.o
    0x08008950   0x00000004   Code   RO         1991    .text.wizchip_bus_writedata  wizchip_conf.o
    0x08008954   0x00000002   Code   RO         1981    .text.wizchip_cris_enter  wizchip_conf.o
    0x08008956   0x00000002   PAD
    0x08008958   0x00000002   Code   RO         1983    .text.wizchip_cris_exit  wizchip_conf.o
    0x0800895a   0x00000002   PAD
    0x0800895c   0x00000002   Code   RO         1987    .text.wizchip_cs_deselect  wizchip_conf.o
    0x0800895e   0x00000002   PAD
    0x08008960   0x00000002   Code   RO         1985    .text.wizchip_cs_select  wizchip_conf.o
    0x08008962   0x00000002   PAD
    0x08008964   0x00000010   Code   RO         2472    .text.wizchip_deselect  wiz_platform.o
    0x08008974   0x00000076   Code   RO         2041    .text.wizchip_getnetinfo  wizchip_conf.o
    0x080089ea   0x00000002   PAD
    0x080089ec   0x00000082   Code   RO         2015    .text.wizchip_init  wizchip_conf.o
    0x08008a6e   0x00000002   PAD
    0x08008a70   0x00000060   Code   RO         2448    .text.wizchip_initialize  wiz_interface.o
    0x08008ad0   0x00000048   Code   RO         2480    .text.wizchip_read_buff  wiz_platform.o
    0x08008b18   0x0000002e   Code   RO         2476    .text.wizchip_read_byte  wiz_platform.o
    0x08008b46   0x00000002   PAD
    0x08008b48   0x0000003e   Code   RO         2482    .text.wizchip_reset  wiz_platform.o
    0x08008b86   0x00000002   PAD
    0x08008b88   0x00000010   Code   RO         2470    .text.wizchip_select  wiz_platform.o
    0x08008b98   0x00000078   Code   RO         2039    .text.wizchip_setnetinfo  wizchip_conf.o
    0x08008c10   0x00000042   Code   RO         2484    .text.wizchip_spi_cb_reg  wiz_platform.o
    0x08008c52   0x00000002   PAD
    0x08008c54   0x00000002   Code   RO         1997    .text.wizchip_spi_readburst  wizchip_conf.o
    0x08008c56   0x00000002   PAD
    0x08008c58   0x00000004   Code   RO         1993    .text.wizchip_spi_readbyte  wizchip_conf.o
    0x08008c5c   0x00000002   Code   RO         1999    .text.wizchip_spi_writeburst  wizchip_conf.o
    0x08008c5e   0x00000002   PAD
    0x08008c60   0x00000002   Code   RO         1995    .text.wizchip_spi_writebyte  wizchip_conf.o
    0x08008c62   0x00000002   PAD
    0x08008c64   0x00000080   Code   RO         2013    .text.wizchip_sw_reset  wizchip_conf.o
    0x08008ce4   0x00000046   Code   RO         2478    .text.wizchip_write_buff  wiz_platform.o
    0x08008d2a   0x00000002   PAD
    0x08008d2c   0x0000002c   Code   RO         2474    .text.wizchip_write_byte  wiz_platform.o
    0x08008d58   0x0000006e   Code   RO         2027    .text.wizphy_setphyconf  wizchip_conf.o
    0x08008dc6   0x00000002   PAD
    0x08008dc8   0x00000076   Code   RO         2031    .text.wizphy_setphypmode  wizchip_conf.o
    0x08008e3e   0x00000002   PAD
    0x08008e40   0x00000038   Code   RO         2314    .text.writeCString  MQTTPacket.o
    0x08008e78   0x0000000c   Code   RO         2310    .text.writeChar     MQTTPacket.o
    0x08008e84   0x0000001c   Code   RO         2312    .text.writeInt      MQTTPacket.o
    0x08008ea0   0x00000066   Code   RO         2318    .text.writeMQTTString  MQTTPacket.o
    0x08008f06   0x00000002   PAD
    0x08008f08   0x00000020   Code   RO         2870    i.__0printf         mc_w.l(printfa.o)
    0x08008f28   0x00000028   Code   RO         2872    i.__0sprintf        mc_w.l(printfa.o)
    0x08008f50   0x0000005c   Code   RO         2902    i.__free$realloc    mc_w.l(mallocr.o)
    0x08008fac   0x00000004   PAD
    0x08008fb0   0x00000028   Code   RO         2572    i.__hardfp_strtod   m_wm.l(strtod.o)
    0x08008fd8   0x00000050   Code   RO         2903    i.__malloc$realloc  mc_w.l(mallocr.o)
    0x08009028   0x0000000e   Code   RO         3022    i.__scatterload_copy  mc_w.l(handlers.o)
    0x08009036   0x00000002   Code   RO         3023    i.__scatterload_null  mc_w.l(handlers.o)
    0x08009038   0x0000000e   Code   RO         3024    i.__scatterload_zeroinit  mc_w.l(handlers.o)
    0x08009046   0x00000002   PAD
    0x08009048   0x00000184   Code   RO         2877    i._fp_digits        mc_w.l(printfa.o)
    0x080091cc   0x0000000e   Code   RO         2932    i._is_digit         mc_w.l(scanf_fp.o)
    0x080091da   0x00000002   PAD
    0x080091dc   0x000006dc   Code   RO         2878    i._printf_core      mc_w.l(printfa.o)
    0x080098b8   0x00000024   Code   RO         2879    i._printf_post_padding  mc_w.l(printfa.o)
    0x080098dc   0x0000002e   Code   RO         2880    i._printf_pre_padding  mc_w.l(printfa.o)
    0x0800990a   0x0000000a   Code   RO         2882    i._sputc            mc_w.l(printfa.o)
    0x08009914   0x00000050   Code   RO         2904    i.internal_alloc    mc_w.l(mallocr.o)
    0x08009964   0x0000000c   Code   RO         2583    i.putchar           mc_w.l(putchar.o)
    0x08009970   0x00000024   Code   RO         2581    i.puts              mc_w.l(puts.o)
    0x08009994   0x0000006c   Code   RO         2905    i.realloc           mc_w.l(mallocr.o)
    0x08009a00   0x00000081   Data   RO         2588    .constdata          mc_w.l(ctype_o.o)
    0x08009a81   0x00000003   PAD
    0x08009a84   0x00000004   Data   RO         2589    .constdata          mc_w.l(ctype_o.o)
    0x08009a88   0x00000007   Data   RO         2455    .rodata..L.str.1    wiz_interface.o
    0x08009a8f   0x00000001   PAD
    0x08009a90   0x00000058   Data   RO         2210    .rodata..L__const.MQTTConnect.default_options  MQTTClient.o
    0x08009ae8   0x00000011   Data   RO         1892    .rodata._DoInit._aInitStr  SEGGER_RTT.o
    0x08009af9   0x00000008   Data   RO          885    .rodata.cst8        gd32f30x_rcu.o
    0x08009b01   0x00000003   PAD
    0x08009b04   0x00000018   Data   RO         1473    .rodata.dispatch_table  app_mqtt_model.o
    0x08009b1c   0x00000014   Data   RO         1404    .rodata.str1.1      app_base.o
    0x08009b30   0x00000117   Data   RO         1470    .rodata.str1.1      app_mqtt_model.o
    0x08009c47   0x000000ac   Data   RO         1514    .rodata.str1.1      app_public_config.o
    0x08009cf3   0x00000076   Data   RO         1530    .rodata.str1.1      app_public_protocol.o
    0x08009d69   0x00000013   Data   RO         1809    .rodata.str1.1      cJSON.o
    0x08009d7c   0x00000009   Data   RO         1893    .rodata.str1.1      SEGGER_RTT.o
    0x08009d85   0x00000012   Data   RO         2131    .rodata.str1.1      dhcp.o
    0x08009d97   0x000001e5   Data   RO         2454    .rodata.str1.1      wiz_interface.o
    0x08009f7c   0x00000020   Data   RO         3021    Region$$Table       anon$$obj.o


    Execution Region RW_IRAM1 (Base: 0x20000000, Size: 0x00006f30, Max: 0x0000c000, ABSOLUTE, COMPRESSED[0x000001f8])

    Base Addr    Size         Type   Attr      Idx    E Section Name        Object

    0x20000000   0x00000004   Data   RW         2966    .data               mc_w.l(stdout.o)
    0x20000004   0x00000004   Data   RW         2986    .data               mc_w.l(mvars.o)
    0x20000008   0x00000004   Data   RW         2987    .data               mc_w.l(mvars.o)
    0x2000000c   0x00000010   Data   RW         1513    .data.BIND_INFO_DONE_DATA  app_public_config.o
    0x2000001c   0x00000008   Data   RW         2121    .data.HOST_NAME     dhcp.o
    0x20000024   0x00000004   Data   RW           17    .data.SystemCoreClock  system_gd32f30x.o
    0x20000028   0x0000002c   Data   RW         2053    .data.WIZCHIP       wizchip_conf.o
    0x20000054   0x00000058   Data   RW         1464    .data.data          app_mqtt_model.o
    0x200000ac   0x00000017   Data   RW         1466    .data.default_net_info  app_mqtt_model.o
    0x200000c3   0x00000001   PAD
    0x200000c4   0x00000004   Data   RW         2122    .data.dhcp_ip_assign  dhcp.o
    0x200000c8   0x00000004   Data   RW         2124    .data.dhcp_ip_conflict  dhcp.o
    0x200000cc   0x00000004   Data   RW         2123    .data.dhcp_ip_update  dhcp.o
    0x200000d0   0x00000004   Data   RW         2118    .data.dhcp_lease_time  dhcp.o
    0x200000d4   0x00000004   Data   RW         2120    .data.dhcp_tick_next  dhcp.o
    0x200000d8   0x0000000c   Data   RW         1808    .data.global_hooks  cJSON.o
    0x200000e4   0x00000808   Data   RW         1461    .data.mqtt_params   app_mqtt_model.o
    0x200008ec   0x00000002   Data   RW         1969    .data.sock_any_port  socket.o
    0x200008ee   0x00000002   PAD
    0x200008f0   0x00000024   Data   RW         1463    .data.willdata      app_mqtt_model.o
    0x20000914   0x00000004   PAD
    0x20000918   0x00000006   Zero   RW         2125    .bss.DHCP_CHADDR    dhcp.o
    0x2000091e   0x00000002   PAD
    0x20000920   0x00000004   Zero   RW         2129    .bss.DHCP_REAL_SIP  dhcp.o
    0x20000924   0x00000004   Zero   RW         2128    .bss.DHCP_SIP       dhcp.o
    0x20000928   0x00000001   Zero   RW         2130    .bss.DHCP_SOCKET    dhcp.o
    0x20000929   0x00000003   PAD
    0x2000092c   0x00000004   Zero   RW         2127    .bss.DHCP_XID       dhcp.o
    0x20000930   0x00000004   Zero   RW         2115    .bss.DHCP_allocated_dns  dhcp.o
    0x20000934   0x00000004   Zero   RW         2113    .bss.DHCP_allocated_gw  dhcp.o
    0x20000938   0x00000004   Zero   RW         2112    .bss.DHCP_allocated_ip  dhcp.o
    0x2000093c   0x00000004   Zero   RW         2114    .bss.DHCP_allocated_sn  dhcp.o
    0x20000940   0x00000002   Zero   RW         2162    .bss.DNS_MSGID      dns.o
    0x20000942   0x00000001   Zero   RW         2165    .bss.DNS_SOCKET     dns.o
    0x20000943   0x00000001   PAD
    0x20000944   0x00000004   Zero   RW         2433    .bss.MilliTimer     mqtt_interface.o
    0x20000948   0x00000004   Zero   RW         2111    .bss.OLD_allocated_ip  dhcp.o
    0x2000094c   0x00000004   Zero   RW         2488    .bss.TIMER2_IRQHandler.wiz_timer_1ms_count  wiz_platform.o
    0x20000950   0x00000001   Zero   RW         2058    .bss._DHCP_         wizchip_conf.o
    0x20000951   0x00000001   Zero   RW         2054    .bss._DNS_.0        wizchip_conf.o
    0x20000952   0x00000001   Zero   RW         2055    .bss._DNS_.1        wizchip_conf.o
    0x20000953   0x00000001   Zero   RW         2056    .bss._DNS_.2        wizchip_conf.o
    0x20000954   0x00000001   Zero   RW         2057    .bss._DNS_.3        wizchip_conf.o
    0x20000955   0x00000003   PAD
    0x20000958   0x00000030   Zero   RW         1889    .bss._SEGGER_RTT    SEGGER_RTT.o
    0x20000988   0x00000000   Zero   RW         1895    .bss._acDownBuffer  SEGGER_RTT.o
    0x20000988   0x00000200   Zero   RW         1894    .bss._acUpBuffer    SEGGER_RTT.o
    0x20000b88   0x00000036   Zero   RW         1538    .bss.app_build_extend_frame.extend_tx_buf  app_public_protocol.o
    0x20000bbe   0x00000002   PAD
    0x20000bc0   0x00000033   Zero   RW         1537    .bss.app_bulid_panel_frame.my_panel_tx_buf  app_public_protocol.o
    0x20000bf3   0x00000001   PAD
    0x20000bf4   0x0000004b   Zero   RW         1539    .bss.app_public_bind_cfg_parse.bind_info  app_public_protocol.o
    0x20000c3f   0x00000001   PAD
    0x20000c40   0x00000028   Zero   RW         1540    .bss.app_public_panel_cfg_parse.panel_info  app_public_protocol.o
    0x20000c68   0x00000004   Zero   RW         2330    .bss.bufptr         MQTTPacket.o
    0x20000c6c   0x0000005c   Zero   RW         1459    .bss.c              app_mqtt_model.o
    0x20000cc8   0x00000001   Zero   RW         1471    .bss.connect_status  app_mqtt_model.o
    0x20000cc9   0x00000003   PAD
    0x20000ccc   0x00000004   Zero   RW         2564    .bss.delay          systick.o
    0x20000cd0   0x00000001   Zero   RW         2117    .bss.dhcp_retry_count  dhcp.o
    0x20000cd1   0x00000001   Zero   RW         2116    .bss.dhcp_state     dhcp.o
    0x20000cd2   0x00000002   PAD
    0x20000cd4   0x00000004   Zero   RW         2119    .bss.dhcp_tick_1s   dhcp.o
    0x20000cd8   0x00000004   Zero   RW         2163    .bss.dns_1s_tick    dns.o
    0x20000cdc   0x00000800   Zero   RW         1467    .bss.ethernet_buf   app_mqtt_model.o
    0x200014dc   0x00000020   Zero   RW         1425    .bss.eventHandlers  app_eventbus.o
    0x200014fc   0x00000080   Zero   RW         1426    .bss.eventQueue     app_eventbus.o
    0x2000157c   0x00000004   Zero   RW         1805    .bss.global_error.0  cJSON.o
    0x20001580   0x00000004   Zero   RW         1806    .bss.global_error.1  cJSON.o
    0x20001584   0x000000a0   Zero   RW         1474    .bss.handle_bind_cfg.msg  app_mqtt_model.o
    0x20001624   0x00000052   Zero   RW         1475    .bss.handle_pinel_cfg.msg  app_mqtt_model.o
    0x20001676   0x00000001   Zero   RW         1421    .bss.handlerCount   app_eventbus.o
    0x20001677   0x00000001   PAD
    0x20001678   0x00000200   Zero   RW         1477    .bss.message_arrived.msg  app_mqtt_model.o
    0x20001878   0x00000040   Zero   RW         1476    .bss.message_arrived.topicname  app_mqtt_model.o
    0x200018b8   0x00000800   Zero   RW         1469    .bss.mqtt_recv_ethernet_buf  app_mqtt_model.o
    0x200020b8   0x00000800   Zero   RW         1468    .bss.mqtt_send_ethernet_buf  app_mqtt_model.o
    0x200028b8   0x000036c0   Zero   RW         1511    .bss.my_bind_info   app_public_config.o
    0x20005f78   0x00000030   Zero   RW         1536    .bss.my_extend_status_t  app_public_protocol.o
    0x20005fa8   0x0000002c   Zero   RW         1535    .bss.my_panel_full_status  app_public_protocol.o
    0x20005fd4   0x000003e0   Zero   RW         1510    .bss.my_panel_info  app_public_config.o
    0x200063b4   0x00000001   Zero   RW         1531    .bss.my_panel_status.0  app_public_protocol.o
    0x200063b5   0x00000001   Zero   RW         1532    .bss.my_panel_status.1  app_public_protocol.o
    0x200063b6   0x00000001   Zero   RW         1533    .bss.my_panel_status.2  app_public_protocol.o
    0x200063b7   0x00000001   Zero   RW         1534    .bss.my_panel_status.3  app_public_protocol.o
    0x200063b8   0x00000190   Zero   RW         1563    .bss.my_soft_timer  app_timer.o
    0x20006548   0x00000010   Zero   RW         1460    .bss.n              app_mqtt_model.o
    0x20006558   0x00000004   Zero   RW         2126    .bss.pDHCPMSG       dhcp.o
    0x2000655c   0x00000004   Zero   RW         2166    .bss.pDNSMSG        dns.o
    0x20006560   0x00000001   Zero   RW         1512    .bss.panel_count    app_public_config.o
    0x20006561   0x00000001   Zero   RW         1529    .bss.panel_count    app_public_protocol.o
    0x20006562   0x00000002   PAD
    0x20006564   0x00000010   Zero   RW         1462    .bss.pubmessage     app_mqtt_model.o
    0x20006574   0x00000001   Zero   RW         1424    .bss.queueHead      app_eventbus.o
    0x20006575   0x00000001   Zero   RW         1422    .bss.queueSize      app_eventbus.o
    0x20006576   0x00000001   Zero   RW         1423    .bss.queueTail      app_eventbus.o
    0x20006577   0x00000001   Zero   RW         1472    .bss.retry_count    app_mqtt_model.o
    0x20006578   0x00000001   Zero   RW         2164    .bss.retry_count    dns.o
    0x20006579   0x00000001   PAD
    0x2000657a   0x00000102   Zero   RW         1613    .bss.rx2_buf        bsp_usart.o
    0x2000667c   0x00000004   Zero   RW         1611    .bss.rx2_callback   bsp_usart.o
    0x20006680   0x00000082   Zero   RW         1614    .bss.rx4_buf        bsp_usart.o
    0x20006702   0x00000002   PAD
    0x20006704   0x00000004   Zero   RW         1612    .bss.rx4_callback   bsp_usart.o
    0x20006708   0x00000002   Zero   RW         1970    .bss.sock_io_mode   socket.o
    0x2000670a   0x00000002   Zero   RW         1971    .bss.sock_is_sending  socket.o
    0x2000670c   0x00000008   Zero   RW         1968    .bss.sock_pack_info  socket.o
    0x20006714   0x00000010   Zero   RW         1972    .bss.sock_remained_size  socket.o
    0x20006724   0x00000004   Zero   RW         1564    .bss.system_ticks   app_timer.o
    0x20006728   0x00000004   Zero   RW         1615    .bss.tx2_buf.0      bsp_usart.o
    0x2000672c   0x00000002   Zero   RW         1616    .bss.tx2_buf.1      bsp_usart.o
    0x2000672e   0x00000002   PAD
    0x20006730   0x00000400   Zero   RW            2    HEAP                startup_gd32f30x_hd.o
    0x20006b30   0x00000400   Zero   RW            1    STACK               startup_gd32f30x_hd.o


==============================================================================

Image component sizes


      Code (inc. data)   RO Data    RW Data    ZI Data      Debug   Object Name

      1758         56         88          0          0      13387   MQTTClient.o
       538         16          0          0          0       5788   MQTTConnectClient.o
       196          0          0          0          0       2675   MQTTDeserializePublish.o
       528          0          0          0          4       8948   MQTTPacket.o
       242          0          0          0          0       5633   MQTTSerializePublish.o
       316          0          0          0          0       3755   MQTTSubscribeClient.o
       204          0         26          0        560      29389   SEGGER_RTT.o
       260         68         20          0          0       2351   app_base.o
       288          0          0          0        164       1977   app_eventbus.o
      1642        432        303       2203       7088       9519   app_mqtt_model.o
        56          0          0          0          0       1510   app_protocol.o
      1110        416        172         16      15009       4589   app_public_config.o
      1494        144        118          0        317       8232   app_public_protocol.o
       578         16          0          0        404       6450   app_timer.o
       268          0          0          0          0       2453   bsp_flash.o
       178          0          0          0          0       1722   bsp_pcb.o
      1148          0          0          0        402       7784   bsp_usart.o
      2748        104         19         12          8      65584   cJSON.o
         4          0          0          0          0        523   dev_manager.o
      3552         62         18         28         49      12861   dhcp.o
      1842         30          0          0         12      12644   dns.o
       184         52          0          0          0       1707   do_dns.o
       452          0          0          0          0       8105   gd32f30x_dma.o
      1052          0          0          0          0      26051   gd32f30x_fmc.o
       318          0          0          0          0       5893   gd32f30x_gpio.o
        20          0          0          0          0       1085   gd32f30x_it.o
       162          0          0          0          0       5256   gd32f30x_misc.o
       300         20          8          0          0      14036   gd32f30x_rcu.o
        90          0          0          0          0       8521   gd32f30x_spi.o
       434          0          0          0          0      20808   gd32f30x_timer.o
       542          0          0          0          0      11602   gd32f30x_usart.o
       172         64          0          0          0        941   main.o
       286          0          0          0          4       3574   mqtt_interface.o
      2160          0          0          2         28       9833   socket.o
        36          8        304          0       2048        920   startup_gd32f30x_hd.o
       626          0          0          4          0       3037   system_gd32f30x.o
       118          0          0          0          4       3858   systick.o
      2690          0          0          0          0      11600   w5500.o
       824        200        492          0          0       4015   wiz_interface.o
       774          0          0          0          4       6039   wiz_platform.o
      1450         32          0         44          5      13636   wizchip_conf.o

    ----------------------------------------------------------------------
     31856       1720       1604       2312      26140     368291   Object Totals
         0          0         32          0          0          0   (incl. Generated)
       216          0          4          3         30          0   (incl. Padding)

    ----------------------------------------------------------------------

      Code (inc. data)   RO Data    RW Data    ZI Data      Debug   Library Member Name

        40          8          0          0          0        128   strtod.o
        56          8          0          0          0         84   __0sscanf.o
        86          0          0          0          0          0   __dczerorl2.o
        28          0          0          0          0         68   _chval.o
       812          4          0          0          0        112   _scanf.o
       332          0          0          0          0         96   _scanf_int.o
        64          0          0          0          0         84   _sgetc.o
         8          4        133          0          0         68   ctype_o.o
         0          0          0          0          0          0   entry.o
         0          0          0          0          0          0   entry10a.o
         0          0          0          0          0          0   entry11a.o
         8          4          0          0          0          0   entry2.o
         4          0          0          0          0          0   entry5.o
         0          0          0          0          0          0   entry7b.o
         0          0          0          0          0          0   entry8b.o
         8          4          0          0          0          0   entry9a.o
        30          0          0          0          0          0   handlers.o
        48         10          0          0          0         68   init.o
        18          0          0          0          0         76   isspace_o.o
         0          0          0          0          0          0   iusefp.o
        30          0          0          0          0         68   llshl.o
        36          0          0          0          0         68   llsshr.o
        32          0          0          0          0         68   llushr.o
       360         30          0          0          0        356   mallocr.o
        26          0          0          0          0         80   memcmp.o
        36          0          0          0          0         68   memcpya.o
        36          0          0          0          0        108   memseta.o
         0          0          0          8          0          0   mvars.o
      2308         96          0          0          0        604   printfa.o
        12          6          0          0          0         68   putchar.o
        36          6          0          0          0         80   puts.o
        40          8          0          0          0         84   scanf_char.o
       878         12          0          0          0        216   scanf_fp.o
         0          0          0          4          0          0   stdout.o
        20          0          0          0          0         68   strchr.o
        28          0          0          0          0         76   strcmp.o
        18          0          0          0          0         68   strcpy.o
        14          0          0          0          0         68   strlen.o
        30          0          0          0          0         80   strncmp.o
        24          0          0          0          0         76   strncpy.o
       168         12          0          0          0        124   strtod.o
        12          0          0          0          0         68   tolower.o
        44          0          0          0          0         80   uidiv.o
        98          0          0          0          0         92   uldiv.o
        48          0          0          0          0         68   cdrcmple.o
        56          0          0          0          0         88   d2f.o
       334          0          0          0          0        148   dadd.o
        54          0          0          0          0         80   dcmpge.o
        54          0          0          0          0         80   dcmple.o
       222          0          0          0          0        100   ddiv.o
       186          0          0          0          0        176   depilogue.o
        62          0          0          0          0         80   dfixi.o
        48          0          0          0          0         68   dfixul.o
        24          0          0          0          0         76   dfltul.o
       228          0          0          0          0         96   dmul.o
       110          0          0          0          0        168   fepilogue.o

    ----------------------------------------------------------------------
      7264        216        136         12          0       4680   Library Totals
        10          4          3          0          0          0   (incl. Padding)

    ----------------------------------------------------------------------

      Code (inc. data)   RO Data    RW Data    ZI Data      Debug   Library Name

        40          8          0          0          0        128   m_wm.l
      5788        204        133         12          0       3324   mc_w.l
      1426          0          0          0          0       1228   mf_w.l

    ----------------------------------------------------------------------
      7264        216        136         12          0       4680   Library Totals

    ----------------------------------------------------------------------

==============================================================================


      Code (inc. data)   RO Data    RW Data    ZI Data      Debug   

     39120       1936       1740       2324      26140     369979   Grand Totals
     39120       1936       1740        504      26140     369979   ELF Image Totals (compressed)
     39120       1936       1740        504          0          0   ROM Totals

==============================================================================

    Total RO  Size (Code + RO Data)                40860 (  39.90kB)
    Total RW  Size (RW Data + ZI Data)             28464 (  27.80kB)
    Total ROM Size (Code + RO Data + RW Data)      41364 (  40.39kB)

==============================================================================

