<html>
<body>
<pre>
<h1>µVision Build Log</h1>
<h2>Tool Versions:</h2>
IDE-Version: ¦ÌVision V5.43.1.0
Copyright (C) 2025 ARM Ltd and ARM Germany GmbH. All rights reserved.
License Information: shu dongsheng, kepler, LIC=MGXG8-3APKG-KUQ4L-0NAXR-PC1L5-9PJT8
 
Tool Versions:
Toolchain:       MDK-ARM Professional  Version: 5.43.0.0
Toolchain Path:  D:\Keil\Keil_v5\ARM\ARMCLANG\Bin
C Compiler:      ArmClang.exe V6.24
Assembler:       Armasm.exe V6.24
Linker/Locator:  ArmLink.exe V6.24
Library Manager: ArmAr.exe V6.24
Hex Converter:   FromElf.exe V6.24
CPU DLL:         SARMCM3.DLL V5.43.0.0
Dialog DLL:      DCM.DLL V1.17.5.0
Target DLL:      Segger\JL2CM3.dll V2.99.45.0
Dialog DLL:      TCM.DLL V1.56.6.0
 
<h2>Project:</h2>
D:\code\GD32F303\Template\Keil5_project\GD32F303.uvprojx
Project File Date:  01/03/2026

<h2>Output:</h2>
*** Using Compiler 'V6.24', folder: 'D:\Keil\Keil_v5\ARM\ARMCLANG\Bin'
Build target 'GD32F30X_HD'
compiling app_base.c...
linking...
Program Size: Code=39120 RO-data=1740 RW-data=2324 ZI-data=26140  
FromELF: creating hex file...
".\output\Project.axf" - 0 Error(s), 0 Warning(s).

<h2>Software Packages used:</h2>

Package Vendor: ARM
                https://www.keil.com/pack/ARM.CMSIS.6.2.0.pack
                ARM::CMSIS@6.2.0
                CMSIS (Common Microcontroller Software Interface Standard)
   * Component: CORE Version: 6.1.1

Package Vendor: GigaDevice
                https://gd32mcu.com/data/documents/pack/GigaDevice.GD32F30x_DFP.2.5.0.pack
                GigaDevice::GD32F30x_DFP@2.5.0
                GigaDevice GD32F30x Series Device Support and Examples

<h2>Collection of Component include folders:</h2>
  ./RTE/_GD32F30X_HD
  D:/Keil/ARM/Packs/ARM/CMSIS/6.2.0/CMSIS/Core/Include
  D:/Keil/ARM/Packs/GigaDevice/GD32F30x_DFP/2.5.0/Device/Include

<h2>Collection of Component Files used:</h2>

   * Component: ARM::CMSIS:CORE@6.1.1
Build Time Elapsed:  00:00:01
</pre>
</body>
</html>
